05-26 21:13:29.655 D/osense.compress( 3467): io.adsfree.vanced do shrink, target ratio = 45, final ratio = 90, cur ratio = 0
05-26 21:13:30.044 D/OAppNetControlService( 3467): Hans update:[10443=true][0|0] blackList:[10478, 10290, 10334, 10389, 10312, 10297, 10282, 10158, 10260, 10240, 10367, 10038, 10391, 10175, 10150, 10160, 10161, 10443]
05-26 21:13:30.190 D/osense.compress( 3467): com.fingersoft.hcr2 do shrink, target ratio = 35, final ratio = 70, cur ratio = 0
05-26 21:13:30.979 D/osense.compress( 3467): com.android.vending do shrink, target ratio = 45, final ratio = 90, cur ratio = 0
05-26 21:13:31.013 V/AlarmManager( 3467): sending alarm Alarm{4a61184 type 1 origWhen 1779822811013 whenElapsed 28622545 android} uid 1000 whenElapsed 28622545 windowLength 0 maxWhenElapsed 28622545 repeatInterval 0 action null component null tag StorgaeBandInfoAlarmTag flags 0x9 procName system_server
05-26 21:13:31.023 D/OAppNetControlService( 3467): Hans update:[10443=false][0|0] blackList:[10478, 10290, 10334, 10389, 10312, 10297, 10282, 10158, 10260, 10240, 10367, 10038, 10391, 10175, 10150, 10160, 10161]
05-26 21:13:31.517 D/osense.compress( 3467): com.google.android.apps.photos do shrink, target ratio = 45, final ratio = 90, cur ratio = 0
05-26 21:13:31.518 D/osense.compress( 3467): com.google.android.apps.nbu.files do shrink, target ratio = 45, final ratio = 90, cur ratio = 0
05-26 21:13:31.694 D/osense.compress( 3467): com.google.android.apps.chromecast.app do shrink, target ratio = 45, final ratio = 90, cur ratio = 0
05-26 21:13:31.809 D/osense.compress( 3467): rs.Raiffeisen.mobile do shrink, target ratio = 45, final ratio = 90, cur ratio = 0
05-26 21:13:31.940 D/ActivityManager( 3467): freezing 13687 com.google.android.apps.messaging
05-26 21:13:32.948 D/ActivityManager( 3467): Freezer deadlock watchdog
05-26 21:13:33.016 V/AlarmManager( 3467): sending alarm Alarm{9ed868f type 1 origWhen 1779822813016 whenElapsed 28624548 android} uid 1000 whenElapsed 28624548 windowLength 0 maxWhenElapsed 28624548 repeatInterval 0 action null component null tag StorgaeBandInfoAlarmTag flags 0x9 procName system_server
05-26 21:13:33.534 D/osense.compress( 3467): com.infoshell.recradio do shrink, target ratio = 45, final ratio = 90, cur ratio = 0
05-26 21:13:33.933 E/AppOps  ( 3467): attributionTag  not declared in manifest of org.telegram.messenger
05-26 21:13:33.934 E/AppOps  ( 3467): attributionTag  not declared in manifest of org.telegram.messenger
05-26 21:13:34.411 W/QosScheduler( 3467): executeSceneQosStrategy failed! qos feature no enable
05-26 21:13:34.425 W/ForegroundServiceTypeLoggerModule( 3467): Logger should be tracking FGS types correctly for UID 10331 in package org.telegram.messenger
05-26 21:13:34.438 I/MediaSessionStack( 3467): removeSession | record: org.telegram.messenger/telegramAudioPlayer/10 (userId=0)
05-26 21:13:34.445 D/NotificationGroupType( 3467): maybeUngroupOplus:after all cleared
05-26 21:13:34.447 I/OplusMediaControlService( 3467): onActiveSessionsChanged begin
05-26 21:13:34.447 I/OplusMediaControlService( 3467): onEventFromMediaControllerList controller size = 4
05-26 21:13:34.447 I/OplusMediaControlService( 3467): getPlayerInfo, playerId: 13985461, pkgname: io.adsfree.vanced
05-26 21:13:34.447 I/OplusMediaControlService( 3467): getPlayerInfo, playerId: 233493576, pkgname: com.google.android.youtube
05-26 21:13:34.447 I/OplusMediaControlService( 3467): getPlayerInfo, playerId: 52295379, pkgname: com.infoshell.recradio
05-26 21:13:34.448 I/OplusMediaControlService( 3467): getPlayerInfo, playerId: 124127376, pkgname: org.telegram.messenger
05-26 21:13:34.448 D/OplusMediaControlService( 3467): isInMediaBlackList: com.google.android.youtube, 0
05-26 21:13:34.448 I/OplusMediaControlService( 3467): updateControllerMap begin
05-26 21:13:34.448 D/OplusMediaControlService( 3467): isInMediaBlackList: com.google.android.youtube, 0
05-26 21:13:34.448 V/OplusMediaControlService( 3467): this app is in media black list, pkgName: com.google.android.youtube
05-26 21:13:34.448 I/OplusMediaControlService( 3467): releaseCallback begin, playerId: 251902551
05-26 21:13:34.448 D/OplusMediaControlService( 3467): isInMediaBlackList: com.google.android.youtube, 0
05-26 21:13:34.448 V/OplusMediaControlService( 3467): this app is in media black list, pkgName: com.google.android.youtube
05-26 21:13:34.448 I/OplusMediaControlService( 3467): updataPlayStateMap begin
05-26 21:13:34.448 I/OplusMediaControlService( 3467): updateMetadataMap begin
05-26 21:13:34.448 I/OplusMediaControlService( 3467): updatePlayerInfoList event = com.oplus.media.OplusMediaEvent@f5dc352
05-26 21:13:34.448 I/OplusMediaControlService( 3467): sendOnEventMessage begin, eventType: 6, observer: android.os.BinderProxy@a1fcd49
05-26 21:13:34.448 I/OplusMediaControlService( 3467): on event EventType: 6
05-26 21:13:34.450 D/OplusMediaControlService( 3467): dispatch getHistoryMediaPlayerInfoList
05-26 21:13:34.451 I/OplusMediaControlService( 3467): getHistoryMediaPlayerInfoList historyInfoList size: 0
05-26 21:13:34.455 I/OplusMediaControlService( 3467): sendEvent type: 2, player: 124127376
05-26 21:13:34.455 I/OplusMediaControlService( 3467): onEventFromRequestData: 1, player: 124127376
05-26 21:13:34.455 E/OplusMediaControlService( 3467): getTitleAndArtist is null
05-26 21:13:34.455 E/OplusMediaControlService( 3467): getMediaMetadata is null
05-26 21:13:34.455 I/OplusMediaControlService( 3467): sendOnEventMessage begin, eventType: 3, observer: android.os.BinderProxy@a1fcd49
05-26 21:13:34.456 I/OplusMediaControlService( 3467): on event EventType: 3
05-26 21:13:34.457 I/OplusMediaControlService( 3467): sendEvent type: 2, player: 124127376
05-26 21:13:34.457 I/OplusMediaControlService( 3467): onEventFromRequestData: 2, player: 124127376
05-26 21:13:34.457 E/OplusMediaControlService( 3467): playbackState is null
05-26 21:13:34.457 I/OplusMediaControlService( 3467): sendOnEventMessage begin, eventType: 4, observer: android.os.BinderProxy@a1fcd49
05-26 21:13:34.458 I/OplusMediaControlService( 3467): sendEvent type: 2, player: 52295379
05-26 21:13:34.458 I/OplusMediaControlService( 3467): onEventFromRequestData: 1, player: 52295379
05-26 21:13:34.458 I/OplusMediaControlService( 3467): getTitleAndArtist, title: Cola, artist: CAMELPHAT/ELDERBROOK, playerId: 52295379
05-26 21:13:34.458 I/OplusMediaControlService( 3467): sendOnEventMessage begin, eventType: 3, observer: android.os.BinderProxy@a1fcd49
05-26 21:13:34.459 I/OplusMediaControlService( 3467): sendEvent type: 2, player: 52295379
05-26 21:13:34.459 I/OplusMediaControlService( 3467): onEventFromRequestData: 2, player: 52295379
05-26 21:13:34.459 I/OplusMediaControlService( 3467): sendOnEventMessage begin, eventType: 4, observer: android.os.BinderProxy@a1fcd49
05-26 21:13:34.459 I/OplusMediaControlService( 3467): on event EventType: 4
05-26 21:13:34.459 I/OplusMediaControlService( 3467): on event EventType: 3
05-26 21:13:34.459 I/OplusMediaControlService( 3467): on event EventType: 4
05-26 21:13:34.459 I/OplusMediaControlService( 3467): sendEvent type: 2, player: 13985461
05-26 21:13:34.459 I/OplusMediaControlService( 3467): onEventFromRequestData: 1, player: 13985461
05-26 21:13:34.459 I/OplusMediaControlService( 3467): getTitleAndArtist, title: ąøąĖą┐čüąĖčå: ąæąÉąØąÜą×ą¤ąÉąö ąØąÉą¦ąÉąøąĪą»! ąĪąæąĢąĀąĢą¢ąĢąØąśą» ąŻąÜąĀąÉąöąŻąó! ąöą×ąÆąĢąöąŻąó ąöą× ąöąĢążą×ąøąóąÉ: ą×ąÜąĀąŻą¢ąĢąØąśąĢ ą¤ąŻąóąśąØąÉ ą¤ąÉąØąśąÜąŻąĢąó, artist: ąÆą╗ą░ą┤ąĖčüą╗ą░ą▓ ą¢čāą║ąŠą▓čüą║ąĖą╣, playerId: 13985461
05-26 21:13:34.462 I/OplusMediaControlService( 3467): sendOnEventMessage begin, eventType: 3, observer: android.os.BinderProxy@a1fcd49
05-26 21:13:34.462 I/OplusMediaControlService( 3467): on event EventType: 3
05-26 21:13:34.464 I/OplusMediaControlService( 3467): sendEvent type: 2, player: 13985461
05-26 21:13:34.464 I/OplusMediaControlService( 3467): onEventFromRequestData: 2, player: 13985461
05-26 21:13:34.464 I/OplusMediaControlService( 3467): sendOnEventMessage begin, eventType: 4, observer: android.os.BinderProxy@a1fcd49
05-26 21:13:34.464 I/OplusMediaControlService( 3467): on event EventType: 4
05-26 21:13:34.465 I/OplusMediaControlService( 3467): unregisterEventObserver start, observer: android.os.BinderProxy@a1fcd49, callerUid: 10205
05-26 21:13:34.465 I/OplusMediaControlService( 3467): releaseCallback begin, playerId: 52295379
05-26 21:13:34.465 I/OplusMediaControlService( 3467): releaseCallback begin, playerId: 124127376
05-26 21:13:34.465 I/OplusMediaControlService( 3467): releaseCallback begin, playerId: 13985461
05-26 21:13:34.465 I/OplusMediaControlService( 3467): unregisterEventObserver successfully.
05-26 21:13:34.465 I/OplusMediaControlService( 3467): registerEventObserver start, observer: android.os.BinderProxy@a1fcd49, callerUid: 10205
05-26 21:13:34.465 I/OplusMediaControlService( 3467): registerEventObserver successfully.
05-26 21:13:34.465 I/OplusMediaControlService( 3467): registerEventObserver successfully.
05-26 21:13:34.465 I/OplusMediaControlService( 3467): registerEventObserver successfully.
05-26 21:13:34.738 W/SettingsStatsUtil( 3467): Can not parse value to float: +network
05-26 21:13:34.741 W/SettingsStatsUtil( 3467): Can not parse value to float: +network
05-26 21:13:35.021 V/AlarmManager( 3467): sending alarm Alarm{fdb5623 type 1 origWhen 1779822815019 whenElapsed 28626551 android} uid 1000 whenElapsed 28626551 windowLength 0 maxWhenElapsed 28626551 repeatInterval 0 action null component null tag StorgaeBandInfoAlarmTag flags 0x9 procName system_server
05-26 21:13:35.044 D/osense.compress( 3467): com.Slack do shrink, target ratio = 20, final ratio = 40, cur ratio = 0
05-26 21:13:36.045 D/OAppNetControlService( 3467): Hans update:[10443=true][0|0] blackList:[10478, 10290, 10334, 10389, 10312, 10297, 10282, 10158, 10260, 10240, 10367, 10038, 10391, 10175, 10150, 10160, 10161, 10443]
05-26 21:13:36.254 I/WindowManager( 3467): addWindow: New client android.os.BinderProxy@22af54c : window=Window{1226aaa u0 FloatingRotationButton}
05-26 21:13:36.262 V/WindowManager( 3467): Relayout Window{1226aaa u0 FloatingRotationButton}: viewVisibility=0, oldvis=0, req=288x288 , apr = 0, vsysui=, x=0, y=288
05-26 21:13:36.262 I/WindowManager( 3467): Window{1226aaa u0 FloatingRotationButton} state from NO_SURFACE to DRAW_PENDING; reason: resetDrawState
05-26 21:13:36.267 D/WindowManager( 3467): NFW_findFocusedWindowIfNeeded:Window{3dfeffa u0 org.telegram.messenger/org.telegram.messenger.DefaultIcon} mCurrentFocus:Window{3dfeffa u0 org.telegram.messenger/org.telegram.messenger.DefaultIcon}
05-26 21:13:36.294 I/WindowManager( 3467): Window{1226aaa u0 FloatingRotationButton} state from DRAW_PENDING to COMMIT_DRAW_PENDING; reason: finishDrawingLocked
05-26 21:13:36.298 I/WindowManager( 3467): Window{1226aaa u0 FloatingRotationButton} state from COMMIT_DRAW_PENDING to READY_TO_SHOW; reason: commitFinishDrawingLocked
05-26 21:13:36.298 I/WindowManager( 3467): Window{1226aaa u0 FloatingRotationButton} state from READY_TO_SHOW to HAS_DRAWN; reason: performShowLocked
05-26 21:13:37.024 V/AlarmManager( 3467): sending alarm Alarm{3c7d177 type 1 origWhen 1779822817023 whenElapsed 28628555 android} uid 1000 whenElapsed 28628555 windowLength 0 maxWhenElapsed 28628555 repeatInterval 0 action null component null tag StorgaeBandInfoAlarmTag flags 0x9 procName system_server
05-26 21:13:37.032 D/OAppNetControlService( 3467): Hans update:[10443=false][0|0] blackList:[10478, 10290, 10334, 10389, 10312, 10297, 10282, 10158, 10260, 10240, 10367, 10038, 10391, 10175, 10150, 10160, 10161]
05-26 21:13:38.515 D/osense.compress( 3467): ru.mts.mymts do shrink, target ratio = 45, final ratio = 90, cur ratio = 0
05-26 21:13:38.653 W/SettingsStatsUtil( 3467): Can not parse value to float: +network
05-26 21:13:38.658 W/SettingsStatsUtil( 3467): Can not parse value to float: +network
05-26 21:13:39.029 V/AlarmManager( 3467): sending alarm Alarm{48d6474 type 1 origWhen 1779822819027 whenElapsed 28630559 android} uid 1000 whenElapsed 28630559 windowLength 0 maxWhenElapsed 28630559 repeatInterval 0 action null component null tag StorgaeBandInfoAlarmTag flags 0x9 procName system_server
05-26 21:13:39.616 D/BatteryStatsImplExtImpl( 3467): mActiveProcesses size = 66
05-26 21:13:39.616 D/BatteryStatsImplExtImpl( 3467): rpmhStats is null or interval time is too short.
05-26 21:13:41.033 V/AlarmManager( 3467): sending alarm Alarm{9b01212 type 1 origWhen 1779822821032 whenElapsed 28632564 android} uid 1000 whenElapsed 28632564 windowLength 0 maxWhenElapsed 28632564 repeatInterval 0 action null component null tag StorgaeBandInfoAlarmTag flags 0x9 procName system_server
05-26 21:13:41.043 D/osense.compress( 3467): com.Slack do shrink, target ratio = 20, final ratio = 40, cur ratio = 0
05-26 21:13:41.381 I/WindowManager( 3467): Window{1226aaa u0 FloatingRotationButton} state from HAS_DRAWN to NO_SURFACE; reason: destroySurface
05-26 21:13:41.390 D/WindowManager( 3467): NFW_findFocusedWindowIfNeeded:Window{3dfeffa u0 org.telegram.messenger/org.telegram.messenger.DefaultIcon} mCurrentFocus:Window{3dfeffa u0 org.telegram.messenger/org.telegram.messenger.DefaultIcon}
05-26 21:13:41.501 D/osense.compress( 3467): com.lego.legobuildinginstructions do shrink, target ratio = 45, final ratio = 90, cur ratio = 0
05-26 21:13:41.506 D/osense.compress( 3467): com.anthropic.claude do shrink, target ratio = 45, final ratio = 90, cur ratio = 0
05-26 21:13:41.528 D/osense.compress( 3467): com.vkontakte.android do shrink, target ratio = 45, final ratio = 90, cur ratio = 0
05-26 21:13:41.874 D/PowerManagerService( 3467): userActivityNoUpdateLocked: groupId=0, eventTime=17435375, event=touch, flags=0x0, uid=1000
05-26 21:13:41.874 D/PowerManagerService( 3467): userActivityNoUpdateLocked: groupId=0, eventTime=17435375, event=touch, flags=0x0, uid=1000
05-26 21:13:41.882 D/VRI[DefaultIcon](21226): relayoutWindow result, sizeChanged:false, surfaceControlChanged:false, transformHintChanged:false, mSurfaceSize:Point(1440, 3216), mLastSurfaceSize:Point(1440, 3216), mWidth:1440, mHeight:3216, requestedWidth:1440, requestedHeight:3216, transformHint:0, installOrientation:0, displayRotation:0, isSurfaceValid:true, attr.flag:-2122252032, tmpFrames:ClientWindowFrames{frame=[0,0][1440,3216] display=[0,0][1440,3216] parentFrame=[0,0][1440,3216]}, relayoutAsync:true, mSyncSeqId:0
05-26 21:13:41.882 W/VRI[DefaultIcon](21226): updateBlastSurfaceIfNeeded, surfaceSize:Point(1440, 3216), lastSurfaceSize:Point(1440, 3216), format:-3, blastBufferQueue:android.graphics.BLASTBufferQueue@52afeb8
05-26 21:13:41.884 V/WindowManager( 3467): Relayout Window{3dfeffa u0 org.telegram.messenger/org.telegram.messenger.DefaultIcon}: viewVisibility=0, oldvis=0, req=1440x3216 , apr = 0, vsysui=LAYOUT_STABLE LAYOUT_HIDE_NAVIGATION LAYOUT_FULLSCREEN, x=0, y=0
05-26 21:13:42.011 D/PowerManagerService( 3467): userActivityNoUpdateLocked: groupId=0, eventTime=17435519, event=touch, flags=0x0, uid=1000
05-26 21:13:42.012 D/PowerManagerService( 3467): userActivityNoUpdateLocked: groupId=0, eventTime=17435519, event=touch, flags=0x0, uid=1000
05-26 21:13:42.014 D/InsetsController(21226): Setting requestedVisibleTypes to -1 (was -9)
05-26 21:13:42.017 I/TaskOrganizerController( 3467): onTaskInfoChanged taskid 13620 config { mBounds=Rect(0, 0 - 1440, 3216) mAppBounds=Rect(0, 0 - 1440, 3216) mMaxBounds=Rect(0, 0 - 1440, 3216) mDisplayRotation=ROTATION_0 mWindowingMode=fullscreen mActivityType=standard mAlwaysOnTop=undefined mRotation=ROTATION_0}
05-26 21:13:42.018 D/OplusFlexibleDragToSplitAnimController( 3467): visibleFlexibleTaskInfos delete:13620
05-26 21:13:42.018 E/FlexibleWindowManagerService( 3467): notifyTaskObserverToAttachController not need to notify!
05-26 21:13:42.018 I/FlexibleWindowManagerService( 3467): onFlexibleWindowTaskInfoChanged, return for cur task not embedded
05-26 21:13:42.018 D/ClipboardService( 3467): clipboardAccessAllowed: op=29 result=true callingPackage=org.telegram.messenger
05-26 21:13:42.029 W/VRI[StatusBar]( 5655): handleResized abandoned!
05-26 21:13:42.029 W/VRI[NavigationBar_displayId_0]( 5655): handleResized abandoned!
05-26 21:13:42.029 V/AutofillInlineSuggestionsRequestSession( 3467): onInputMethodShowInputRequested() received: true
05-26 21:13:42.030 W/VRI[ScreenDecorOverlay]( 5655): handleResized abandoned!
05-26 21:13:42.030 W/VRI[ScreenDecorOverlayBottom]( 5655): handleResized abandoned!
05-26 21:13:42.030 W/VRI[OplusOSEdgeFloatBar](12319): handleResized abandoned!
05-26 21:13:42.030 V/AutofillInlineSuggestionsRequestSession( 3467): onInputMethodStartInputView() received
05-26 21:13:42.031 W/VRI[DefaultIcon](21226): handleResized abandoned!
05-26 21:13:42.031 I/FlexibleTaskController( 3467): onShowImeRequested
05-26 21:13:42.057 D/OAppNetControlService( 3467): Hans update:[10443=true][0|0] blackList:[10478, 10290, 10334, 10389, 10312, 10297, 10282, 10158, 10260, 10240, 10367, 10038, 10391, 10175, 10150, 10160, 10161, 10443]
05-26 21:13:42.074 W/QosScheduler( 3467): executeSceneQosStrategy failed! qos feature no enable
05-26 21:13:42.075 D/CoreBackPreview( 3467): Window{3dfeffa u0 org.telegram.messenger/org.telegram.messenger.DefaultIcon}: Setting back callback OnBackInvokedCallbackInfo{mCallback=android.window.IOnBackInvokedCallback$Stub$Proxy@41c2cd4, mPriority=0, mIsAnimationCallback=true, mOverrideBehavior=0}
05-26 21:13:42.078 V/WindowManager( 3467): Relayout Window{1973ba2 u0 InputMethod}: viewVisibility=0, oldvis=8, req=1440x3056 , apr = 0, vsysui=, x=0, y=0
05-26 21:13:42.078 D/WindowManager( 3467): ImWindow setViewVisibility 0
05-26 21:13:42.078 I/WindowManager( 3467): Window{1973ba2 u0 InputMethod} state from NO_SURFACE to DRAW_PENDING; reason: resetDrawState
05-26 21:13:42.078 W/SmartWindowScene( 3467): updateWindowState fail! invalid window type: -1
05-26 21:13:42.079 W/SmartWindowScene( 3467): updateWindowState fail! invalid window type: -1
05-26 21:13:42.080 D/WindowManager( 3467): setFrameRateStart invalid typeId return!
05-26 21:13:42.081 D/WindowManager( 3467): NFW_findFocusedWindowIfNeeded:Window{3dfeffa u0 org.telegram.messenger/org.telegram.messenger.DefaultIcon} mCurrentFocus:Window{3dfeffa u0 org.telegram.messenger/org.telegram.messenger.DefaultIcon}
05-26 21:13:42.082 D/WindowManagerShell( 5655): onKeepClearAreasChanged: restricted={}, unrestricted={Rect(0, 3040 - 1440, 3216)}
05-26 21:13:42.083 W/VRI[InputMethod](12500): updateBlastSurfaceIfNeeded, surfaceSize:Point(1440, 3056), lastSurfaceSize:Point(1440, 3056), format:-2, blastBufferQueue:null
05-26 21:13:42.090 W/VRI[StatusBar]( 5655): handleResized abandoned!
05-26 21:13:42.091 W/VRI[NavigationBar_displayId_0]( 5655): handleResized abandoned!
05-26 21:13:42.091 W/VRI[OplusOSEdgeFloatBar](12319): handleResized abandoned!
05-26 21:13:42.091 W/VRI[DefaultIcon](21226): handleResized abandoned!
05-26 21:13:42.092 D/WindowManagerShell( 5655): onKeepClearAreasChanged: restricted={}, unrestricted={Rect(0, 2020 - 1440, 3216)}
05-26 21:13:42.092 W/VRI[ScreenDecorOverlay]( 5655): handleResized abandoned!
05-26 21:13:42.092 W/VRI[ScreenDecorOverlayBottom]( 5655): handleResized abandoned!
05-26 21:13:42.097 I/WindowManager( 3467): Window{1973ba2 u0 InputMethod} state from DRAW_PENDING to COMMIT_DRAW_PENDING; reason: finishDrawingLocked
05-26 21:13:42.101 W/VRI[InputMethod](12500): handleResized, msg:, frameChanged:false, configChanged:false, displayChanged:false, attachedFrameChanged:false, compatScaleChanged:false, pendingDragResizing=false
05-26 21:13:42.102 I/WindowManager( 3467): Window{1973ba2 u0 InputMethod} state from COMMIT_DRAW_PENDING to READY_TO_SHOW; reason: commitFinishDrawingLocked
05-26 21:13:42.102 V/WindowStateExtImpl( 3467): notifyWindowStateChange input show
05-26 21:13:42.102 I/WindowManager( 3467): Window{1973ba2 u0 InputMethod} state from READY_TO_SHOW to HAS_DRAWN; reason: performShowLocked
05-26 21:13:42.107 W/VRI[StatusBar]( 5655): handleResized abandoned!
05-26 21:13:42.107 W/VRI[DefaultIcon](21226): handleResized abandoned!
05-26 21:13:42.107 W/VRI[NavigationBar_displayId_0]( 5655): handleResized abandoned!
05-26 21:13:42.107 W/VRI[OplusOSEdgeFloatBar](12319): handleResized abandoned!
05-26 21:13:42.107 W/VRI[ScreenDecorOverlay]( 5655): handleResized abandoned!
05-26 21:13:42.107 W/VRI[ScreenDecorOverlayBottom]( 5655): handleResized abandoned!
05-26 21:13:42.108 I/UserAwareMgr( 3467): handleFgAppChanged, pkgName: com.google.android.inputmethod.latin, pid: 12500, isVisible: true, fgAppType: FG2
05-26 21:13:42.110 W/VRI[InputMethod](12500): handleResized abandoned!
05-26 21:13:43.043 V/AlarmManager( 3467): sending alarm Alarm{22b5c2b type 1 origWhen 1779822823042 whenElapsed 28634574 android} uid 1000 whenElapsed 28634574 windowLength 0 maxWhenElapsed 28634574 repeatInterval 0 action null component null tag StorgaeBandInfoAlarmTag flags 0x9 procName system_server
05-26 21:13:43.051 D/OAppNetControlService( 3467): Hans update:[10443=false][0|0] blackList:[10478, 10290, 10334, 10389, 10312, 10297, 10282, 10158, 10260, 10240, 10367, 10038, 10391, 10175, 10150, 10160, 10161]
05-26 21:13:45.051 V/AlarmManager( 3467): sending alarm Alarm{3da781e type 1 origWhen 1779822825050 whenElapsed 28636582 android} uid 1000 whenElapsed 28636582 windowLength 0 maxWhenElapsed 28636582 repeatInterval 0 action null component null tag StorgaeBandInfoAlarmTag flags 0x9 procName system_server
05-26 21:13:45.636 W/ContextImpl( 3467): Calling a method in the system process without a qualified user: android.app.ContextImpl.sendBroadcastMultiplePermissions:1331 android.content.Context.sendBroadcastMultiplePermissions:2583 com.android.server.TelephonyRegistry.broadcastServiceStateChanged:4232 com.android.server.TelephonyRegistry.notifyServiceStateForPhoneId:1873 com.android.internal.telephony.ITelephonyRegistry$Stub.onTransact:613 
05-26 21:13:45.638 W/ContextImpl( 3467): Calling a method in the system process without a qualified user: android.app.ContextImpl.sendBroadcastMultiplePermissions:1364 com.android.server.TelephonyRegistry.broadcastServiceStateChanged:4236 com.android.server.TelephonyRegistry.notifyServiceStateForPhoneId:1873 com.android.internal.telephony.ITelephonyRegistry$Stub.onTransact:613 android.os.Binder.execTransactInternal:1444 
05-26 21:13:45.642 W/ContextImpl( 3467): Calling a method in the system process without a qualified user: android.app.ContextImpl.sendBroadcastMultiplePermissions:1364 com.android.server.TelephonyRegistry.broadcastServiceStateChanged:4245 com.android.server.TelephonyRegistry.notifyServiceStateForPhoneId:1873 com.android.internal.telephony.ITelephonyRegistry$Stub.onTransact:613 android.os.Binder.execTransactInternal:1444 
05-26 21:13:45.642 W/ContextImpl( 3467): Calling a method in the system process without a qualified user: android.app.ContextImpl.sendBroadcastMultiplePermissions:1364 com.android.server.TelephonyRegistry.broadcastServiceStateChanged:4251 com.android.server.TelephonyRegistry.notifyServiceStateForPhoneId:1873 com.android.internal.telephony.ITelephonyRegistry$Stub.onTransact:613 android.os.Binder.execTransactInternal:1444 
05-26 21:13:45.645 D/ActivityManager( 3467): sync unfroze 31497 com.google.android.cellbroadcastreceiver for 3
05-26 21:13:45.645 D/ActivityManager( 3467): Async freezing 31497 com.google.android.cellbroadcastreceiver
05-26 21:13:45.646 D/ActivityManager( 3467): Cancel freezing 31497 com.google.android.cellbroadcastreceiver
05-26 21:13:45.646 D/ActivityManager( 3467): Async freezing 31497 com.google.android.cellbroadcastreceiver
05-26 21:13:45.647 V/OplusCustomizeCacheManager( 5924): queryCache name: cache_key.system_server.common_customize_cache18016 param: null
05-26 21:13:45.648 V/OplusCustomizeCacheManager( 5924): queryCache name: cache_key.system_server.common_customize_cache18013 param: null
05-26 21:13:45.648 V/OplusCustomizeCacheManager( 5924): queryCache name: cache_key.system_server.common_customize_cache18014 param: null
05-26 21:13:45.648 V/OplusCustomizeCacheManager( 5924): queryCache name: cache_key.system_server.common_customize_cache18017 param: Bundle[{SETTING=BLOCK, BUSINESS=NCT-DATA}]
05-26 21:13:45.648 D/ActivityManager( 3467): Cancel freezing 31497 com.google.android.cellbroadcastreceiver
05-26 21:13:45.649 D/ActivityManager( 3467): reportOneUidFrozenStateChanged uid 10272 frozen = false
05-26 21:13:45.656 D/ActivityManager( 3467): Async freezing 31497 com.google.android.cellbroadcastreceiver
05-26 21:13:46.049 D/PowerManagerService( 3467): userActivityNoUpdateLocked: groupId=0, eventTime=17439556, event=touch, flags=0x0, uid=1000
05-26 21:13:46.050 D/PowerManagerService( 3467): userActivityNoUpdateLocked: groupId=0, eventTime=17439556, event=touch, flags=0x0, uid=1000
05-26 21:13:46.057 D/PowerManagerService( 3467): userActivityNoUpdateLocked: groupId=0, eventTime=17439556, event=touch, flags=0x0, uid=1000
05-26 21:13:46.058 D/PowerManagerService( 3467): userActivityNoUpdateLocked: groupId=0, eventTime=17439556, event=touch, flags=0x0, uid=1000
05-26 21:13:46.077 I/VibratorManagerServiceExtImpl( 3467): vibrate is uid=10257, pid=0, opPkg=com.google.android.inputmethod.latin, effect=Mono{mEffect=Composed{segments=[OplusVibrationEffectSegment{mEffectId=1, mEffectStrength=-1, mRingtonePath=''}], repeat=-1}}, attributes=VibrationAttributes{mUsage=IME, mAudioUsage= USAGE_UNKNOWN, mFlags=0}, reason=performHapticFeedback(constant=3): ViewRootImpl#performHapticFeedback, token=71378026
05-26 21:13:46.079 W/VibrationScaler( 3467): Got unexpected vibration intensity: 2000
05-26 21:13:46.079 D/VibrationThread( 3467): Perform OplusPrebakedSegment{mWaveformId=111, mDuration=36, mEffectStrength=2000, mDefaultUsage=TOUCH} on vibrator 0
05-26 21:13:46.150 D/PowerManagerService( 3467): userActivityNoUpdateLocked: groupId=0, eventTime=17439660, event=touch, flags=0x0, uid=1000
05-26 21:13:46.152 D/PowerManagerService( 3467): userActivityNoUpdateLocked: groupId=0, eventTime=17439660, event=touch, flags=0x0, uid=1000
05-26 21:13:46.262 D/PowerManagerService( 3467): userActivityNoUpdateLocked: groupId=0, eventTime=17439771, event=touch, flags=0x0, uid=1000
05-26 21:13:46.264 D/PowerManagerService( 3467): userActivityNoUpdateLocked: groupId=0, eventTime=17439771, event=touch, flags=0x0, uid=1000
05-26 21:13:46.299 I/VibratorManagerServiceExtImpl( 3467): vibrate is uid=10257, pid=0, opPkg=com.google.android.inputmethod.latin, effect=Mono{mEffect=Composed{segments=[OplusVibrationEffectSegment{mEffectId=1, mEffectStrength=-1, mRingtonePath=''}], repeat=-1}}, attributes=VibrationAttributes{mUsage=IME, mAudioUsage= USAGE_UNKNOWN, mFlags=0}, reason=performHapticFeedback(constant=7): ViewRootImpl#performHapticFeedback, token=71378026
05-26 21:13:46.302 W/VibrationScaler( 3467): Got unexpected vibration intensity: 2000
05-26 21:13:46.302 D/VibrationThread( 3467): Perform OplusPrebakedSegment{mWaveformId=111, mDuration=36, mEffectStrength=2000, mDefaultUsage=TOUCH} on vibrator 0
05-26 21:13:47.057 V/AlarmManager( 3467): sending alarm Alarm{9fc45c9 type 1 origWhen 1779822827055 whenElapsed 28638587 android} uid 1000 whenElapsed 28638587 windowLength 0 maxWhenElapsed 28638587 repeatInterval 0 action null component null tag StorgaeBandInfoAlarmTag flags 0x9 procName system_server
05-26 21:13:47.064 D/osense.compress( 3467): com.Slack do shrink, target ratio = 20, final ratio = 40, cur ratio = 0
05-26 21:13:47.112 D/PowerManagerService( 3467): userActivityNoUpdateLocked: groupId=0, eventTime=17440619, event=touch, flags=0x0, uid=1000
05-26 21:13:47.115 D/PowerManagerService( 3467): userActivityNoUpdateLocked: groupId=0, eventTime=17440619, event=touch, flags=0x0, uid=1000
05-26 21:13:47.122 I/VibratorManagerServiceExtImpl( 3467): vibrate is uid=10257, pid=0, opPkg=com.google.android.inputmethod.latin, effect=Mono{mEffect=Composed{segments=[OplusVibrationEffectSegment{mEffectId=1, mEffectStrength=-1, mRingtonePath=''}], repeat=-1}}, attributes=VibrationAttributes{mUsage=IME, mAudioUsage= USAGE_UNKNOWN, mFlags=0}, reason=performHapticFeedback(constant=3): ViewRootImpl#performHapticFeedback, token=71378026
05-26 21:13:47.125 W/VibrationScaler( 3467): Got unexpected vibration intensity: 2000
05-26 21:13:47.125 D/VibrationThread( 3467): Perform OplusPrebakedSegment{mWaveformId=111, mDuration=36, mEffectStrength=2000, mDefaultUsage=TOUCH} on vibrator 0
05-26 21:13:47.221 D/PowerManagerService( 3467): userActivityNoUpdateLocked: groupId=0, eventTime=17440729, event=touch, flags=0x0, uid=1000
05-26 21:13:47.222 D/PowerManagerService( 3467): userActivityNoUpdateLocked: groupId=0, eventTime=17440729, event=touch, flags=0x0, uid=1000
05-26 21:13:47.226 D/osense.compress( 3467): com.google.android.googlequicksearchbox do shrink, target ratio = 45, final ratio = 90, cur ratio = 0
05-26 21:13:47.359 D/osense.compress( 3467): com.android.settings do shrink, target ratio = 45, final ratio = 90, cur ratio = 0
05-26 21:13:47.381 D/PowerManagerService( 3467): userActivityNoUpdateLocked: groupId=0, eventTime=17440889, event=touch, flags=0x0, uid=1000
05-26 21:13:47.382 D/PowerManagerService( 3467): userActivityNoUpdateLocked: groupId=0, eventTime=17440889, event=touch, flags=0x0, uid=1000
05-26 21:13:47.385 I/VibratorManagerServiceExtImpl( 3467): vibrate is uid=10257, pid=0, opPkg=com.google.android.inputmethod.latin, effect=Mono{mEffect=Composed{segments=[OplusVibrationEffectSegment{mEffectId=1, mEffectStrength=-1, mRingtonePath=''}], repeat=-1}}, attributes=VibrationAttributes{mUsage=IME, mAudioUsage= USAGE_UNKNOWN, mFlags=0}, reason=performHapticFeedback(constant=3): ViewRootImpl#performHapticFeedback, token=71378026
05-26 21:13:47.388 W/VibrationScaler( 3467): Got unexpected vibration intensity: 2000
05-26 21:13:47.388 D/VibrationThread( 3467): Perform OplusPrebakedSegment{mWaveformId=111, mDuration=36, mEffectStrength=2000, mDefaultUsage=TOUCH} on vibrator 0
05-26 21:13:47.490 D/PowerManagerService( 3467): userActivityNoUpdateLocked: groupId=0, eventTime=17440992, event=touch, flags=0x0, uid=1000
05-26 21:13:47.491 D/PowerManagerService( 3467): userActivityNoUpdateLocked: groupId=0, eventTime=17440992, event=touch, flags=0x0, uid=1000
05-26 21:13:47.877 D/osense.compress( 3467): com.oplus.games do shrink, target ratio = 10, final ratio = 20, cur ratio = 0
05-26 21:13:47.893 D/osense.compress( 3467): com.fatsecret.android do shrink, target ratio = 20, final ratio = 40, cur ratio = 0
05-26 21:13:47.991 D/OCD.DispatchObject( 3298): clear interrupt, dispatch = DO{12042,S_ASYNC_THREAD,17441490,3,com.oplus.dispatch.OCDExecutorService$ScheduledFutureTask@45d5274[Cancelled], wait=-1, wait run=true, enable=null}, sq = SQ{S_ASYNC_THREAD,QA{false,3,0,1,false,false},dq=dfd}_36_36_23542_1
05-26 21:13:48.084 D/OAppNetControlService( 3467): Hans update:[10443=true][0|0] blackList:[10478, 10290, 10334, 10389, 10312, 10297, 10282, 10158, 10260, 10240, 10367, 10038, 10391, 10175, 10150, 10160, 10161, 10443]
05-26 21:13:48.349 D/osense.compress( 3467): com.google.android.apps.maps do shrink, target ratio = 45, final ratio = 90, cur ratio = 0
05-26 21:13:48.387 D/PowerManagerService( 3467): userActivityNoUpdateLocked: groupId=0, eventTime=17441896, event=touch, flags=0x0, uid=1000
05-26 21:13:48.388 D/PowerManagerService( 3467): userActivityNoUpdateLocked: groupId=0, eventTime=17441896, event=touch, flags=0x0, uid=1000
05-26 21:13:48.392 I/VibratorManagerServiceExtImpl( 3467): vibrate is uid=10257, pid=0, opPkg=com.google.android.inputmethod.latin, effect=Mono{mEffect=Composed{segments=[OplusVibrationEffectSegment{mEffectId=1, mEffectStrength=-1, mRingtonePath=''}], repeat=-1}}, attributes=VibrationAttributes{mUsage=IME, mAudioUsage= USAGE_UNKNOWN, mFlags=0}, reason=performHapticFeedback(constant=3): ViewRootImpl#performHapticFeedback, token=71378026
05-26 21:13:48.394 W/VibrationScaler( 3467): Got unexpected vibration intensity: 2000
05-26 21:13:48.394 D/VibrationThread( 3467): Perform OplusPrebakedSegment{mWaveformId=111, mDuration=36, mEffectStrength=2000, mDefaultUsage=TOUCH} on vibrator 0
05-26 21:13:48.485 D/osense.compress( 3467): com.k.shavrin.diethelper do shrink, target ratio = 45, final ratio = 90, cur ratio = 0
05-26 21:13:48.488 D/osense.compress( 3467): com.whatsapp do shrink, target ratio = 45, final ratio = 90, cur ratio = 0
05-26 21:13:48.489 D/osense.compress( 3467): ru.yandex.taxi do shrink, target ratio = 45, final ratio = 90, cur ratio = 0
05-26 21:13:48.493 D/osense.compress( 3467): com.monefy.app.lite do shrink, target ratio = 45, final ratio = 90, cur ratio = 0
05-26 21:13:48.493 D/osense.compress( 3467): com.android.chrome do shrink, target ratio = 45, final ratio = 90, cur ratio = 0
05-26 21:13:48.495 D/osense.compress( 3467): com.google.android.youtube do shrink, target ratio = 45, final ratio = 90, cur ratio = 0
05-26 21:13:48.505 D/PowerManagerService( 3467): userActivityNoUpdateLocked: groupId=0, eventTime=17442014, event=touch, flags=0x0, uid=1000
05-26 21:13:48.507 D/PowerManagerService( 3467): userActivityNoUpdateLocked: groupId=0, eventTime=17442014, event=touch, flags=0x0, uid=1000
05-26 21:13:48.912 D/osense.compress( 3467): com.google.android.gm do shrink, target ratio = 45, final ratio = 90, cur ratio = 0
05-26 21:13:49.061 V/AlarmManager( 3467): sending alarm Alarm{a4fde18 type 1 origWhen 1779822829061 whenElapsed 28640592 android} uid 1000 whenElapsed 28640592 windowLength 0 maxWhenElapsed 28640592 repeatInterval 0 action null component null tag StorgaeBandInfoAlarmTag flags 0x9 procName system_server
05-26 21:13:49.068 D/OAppNetControlService( 3467): Hans update:[10443=false][0|0] blackList:[10478, 10290, 10334, 10389, 10312, 10297, 10282, 10158, 10260, 10240, 10367, 10038, 10391, 10175, 10150, 10160, 10161]
05-26 21:13:49.347 D/osense.compress( 3467): com.heytap.pictorial do shrink, target ratio = 45, final ratio = 90, cur ratio = 0
05-26 21:13:49.621 D/osense.compress( 3467): com.google.android.gms do shrink, target ratio = 45, final ratio = 90, cur ratio = 0
05-26 21:13:49.655 D/osense.compress( 3467): io.adsfree.vanced do shrink, target ratio = 45, final ratio = 90, cur ratio = 0
05-26 21:13:50.191 D/osense.compress( 3467): com.fingersoft.hcr2 do shrink, target ratio = 35, final ratio = 70, cur ratio = 0
05-26 21:13:50.365 D/PowerManagerService( 3467): userActivityNoUpdateLocked: groupId=0, eventTime=17443870, event=touch, flags=0x0, uid=1000
05-26 21:13:50.368 D/PowerManagerService( 3467): userActivityNoUpdateLocked: groupId=0, eventTime=17443870, event=touch, flags=0x0, uid=1000
05-26 21:13:50.392 W/QosScheduler( 3467): executeSceneQosStrategy failed! qos feature no enable
05-26 21:13:50.459 D/PowerManagerService( 3467): userActivityNoUpdateLocked: groupId=0, eventTime=17443970, event=touch, flags=0x0, uid=1000
05-26 21:13:50.461 D/PowerManagerService( 3467): userActivityNoUpdateLocked: groupId=0, eventTime=17443970, event=touch, flags=0x0, uid=1000
05-26 21:13:50.564 D/PowerManagerService( 3467): userActivityNoUpdateLocked: groupId=0, eventTime=17444074, event=touch, flags=0x0, uid=1000
05-26 21:13:50.565 D/PowerManagerService( 3467): userActivityNoUpdateLocked: groupId=0, eventTime=17444074, event=touch, flags=0x0, uid=1000
05-26 21:13:50.667 D/PowerManagerService( 3467): userActivityNoUpdateLocked: groupId=0, eventTime=17444178, event=touch, flags=0x0, uid=1000
05-26 21:13:50.669 D/PowerManagerService( 3467): userActivityNoUpdateLocked: groupId=0, eventTime=17444178, event=touch, flags=0x0, uid=1000
05-26 21:13:50.856 W/QosScheduler( 3467): executeSceneQosStrategy failed! qos feature no enable
05-26 21:13:50.981 D/osense.compress( 3467): com.android.vending do shrink, target ratio = 45, final ratio = 90, cur ratio = 0
05-26 21:13:51.073 V/AlarmManager( 3467): sending alarm Alarm{6985830 type 1 origWhen 1779822831072 whenElapsed 28642604 android} uid 1000 whenElapsed 28642604 windowLength 0 maxWhenElapsed 28642604 repeatInterval 0 action null component null tag StorgaeBandInfoAlarmTag flags 0x9 procName system_server
05-26 21:13:51.410 D/PowerManagerService( 3467): userActivityNoUpdateLocked: groupId=0, eventTime=17444917, event=touch, flags=0x0, uid=1000
05-26 21:13:51.411 D/PowerManagerService( 3467): userActivityNoUpdateLocked: groupId=0, eventTime=17444917, event=touch, flags=0x0, uid=1000
05-26 21:13:51.517 D/osense.compress( 3467): com.google.android.apps.photos do shrink, target ratio = 45, final ratio = 90, cur ratio = 0
05-26 21:13:51.519 D/osense.compress( 3467): com.google.android.apps.nbu.files do shrink, target ratio = 45, final ratio = 90, cur ratio = 0
05-26 21:13:51.528 D/PowerManagerService( 3467): userActivityNoUpdateLocked: groupId=0, eventTime=17445035, event=touch, flags=0x0, uid=1000
05-26 21:13:51.529 D/PowerManagerService( 3467): userActivityNoUpdateLocked: groupId=0, eventTime=17445035, event=touch, flags=0x0, uid=1000
05-26 21:13:51.541 W/QosScheduler( 3467): executeSceneQosStrategy failed! qos feature no enable
05-26 21:13:51.629 D/PowerManagerService( 3467): userActivityNoUpdateLocked: groupId=0, eventTime=17445139, event=touch, flags=0x0, uid=1000
05-26 21:13:51.630 D/PowerManagerService( 3467): userActivityNoUpdateLocked: groupId=0, eventTime=17445139, event=touch, flags=0x0, uid=1000
05-26 21:13:51.637 I/VibratorManagerServiceExtImpl( 3467): vibrate is uid=10331, pid=0, opPkg=org.telegram.messenger, effect=Mono{mEffect=Composed{segments=[OplusVibrationEffectSegment{mEffectId=1, mEffectStrength=-1, mRingtonePath=''}], repeat=-1}}, attributes=VibrationAttributes{mUsage=TOUCH, mAudioUsage= USAGE_UNKNOWN, mFlags=2}, reason=performHapticFeedback(constant=3): ViewRootImpl#performHapticFeedback, token=71378026
05-26 21:13:51.640 W/VibrationScaler( 3467): Got unexpected vibration intensity: 2000
05-26 21:13:51.641 D/VibrationThread( 3467): Perform OplusPrebakedSegment{mWaveformId=2, mDuration=45, mEffectStrength=2000, mDefaultUsage=TOUCH} on vibrator 0
05-26 21:13:51.693 D/osense.compress( 3467): com.google.android.apps.chromecast.app do shrink, target ratio = 45, final ratio = 90, cur ratio = 0
05-26 21:13:51.716 D/VRI[DefaultIcon](21226): relayoutWindow result, sizeChanged:false, surfaceControlChanged:false, transformHintChanged:false, mSurfaceSize:Point(1440, 3216), mLastSurfaceSize:Point(1440, 3216), mWidth:1440, mHeight:3216, requestedWidth:1440, requestedHeight:3216, transformHint:0, installOrientation:0, displayRotation:0, isSurfaceValid:true, attr.flag:-2122252032, tmpFrames:ClientWindowFrames{frame=[0,0][1440,3216] display=[0,0][1440,3216] parentFrame=[0,0][1440,3216]}, relayoutAsync:true, mSyncSeqId:0
05-26 21:13:51.716 W/VRI[DefaultIcon](21226): updateBlastSurfaceIfNeeded, surfaceSize:Point(1440, 3216), lastSurfaceSize:Point(1440, 3216), format:-3, blastBufferQueue:android.graphics.BLASTBufferQueue@52afeb8
05-26 21:13:51.717 V/WindowManager( 3467): Relayout Window{3dfeffa u0 org.telegram.messenger/org.telegram.messenger.DefaultIcon}: viewVisibility=0, oldvis=0, req=1440x3216 , apr = 0, vsysui=LAYOUT_STABLE LAYOUT_HIDE_NAVIGATION LAYOUT_FULLSCREEN, x=0, y=0
05-26 21:13:51.809 W/QosScheduler( 3467): executeSceneQosStrategy failed! qos feature no enable
05-26 21:13:51.810 D/osense.compress( 3467): rs.Raiffeisen.mobile do shrink, target ratio = 45, final ratio = 90, cur ratio = 0
05-26 21:13:52.789 D/PowerManagerService( 3467): userActivityNoUpdateLocked: groupId=0, eventTime=17446294, event=touch, flags=0x0, uid=1000
05-26 21:13:52.790 D/PowerManagerService( 3467): userActivityNoUpdateLocked: groupId=0, eventTime=17446294, event=touch, flags=0x0, uid=1000
05-26 21:13:52.903 D/PowerManagerService( 3467): userActivityNoUpdateLocked: groupId=0, eventTime=17446412, event=touch, flags=0x0, uid=1000
05-26 21:13:52.904 D/PowerManagerService( 3467): userActivityNoUpdateLocked: groupId=0, eventTime=17446412, event=touch, flags=0x0, uid=1000
05-26 21:13:53.012 V/AutofillInlineSuggestionsRequestSession( 3467): onInputMethodStartInput() received on 1073741826
05-26 21:13:53.015 V/AutofillInlineSuggestionsRequestSession( 3467): onInputMethodStartInputView() received
05-26 21:13:53.017 W/PackageConfigPersister( 3467): App-specific configuration not found for packageName: org.telegram.messenger and userId: 0
05-26 21:13:53.026 D/AutomaticController[display=0]( 3467): brightness changed!!!finalLux:-1.0, weightLux:0.0, automaticLux:NaN, lastFinalLux:0.0, lastAutomaticLux:0.0, deviceDirection:Darkening, environmentDirection:Stable, scene:StableScene, accelerateScale:1.0, updateProcess:[DarkestMode], luxQueue:[0.0, 0.0, 0.0, 0.0, 0.0], [(0.0, 2.5, 108.734695)->(-1.0, 1.97852, 4.0)], drag:null
05-26 21:13:53.026 D/AutomaticController[display=0]( 3467): Detailed Statistics:PhoneState{TimeEvent{event:CALENDER_TIME id:1}-21:13:00, LuxEvent{event:MAIN_LUX lux:0.0}, ProximityEvent{event:FAR id:1}, MotionEvent{event:MOTIONLESS id:0}, InOutDoorEvent{event:IN_DOOR id:0}, DarkModeEvent{event:DARK_MODE id:0}, NetworkEvent{event:WIFI id:0}}
05-26 21:13:53.030 D/OplusFeatureReduceBrightness( 3467): setAnimating : animating = true
05-26 21:13:53.030 D/OplusBrightnessAmbientAdapter( 3467): setAnimating: from false to true
05-26 21:13:53.032 D/OplusFeatureBrightnessBarController( 3467): BrightnessBarController is not support.
05-26 21:13:53.035 D/DpcExtImpl[display=0]( 3467): Animating brightness: hdrBrightness target=108.0->4.0,sdrBrightness target=108.0->4.0,rate=6400->auto,rate type = boost->automatic,byUser=false local:4630946342906530435 , brightness from dpc = 4.0
05-26 21:13:53.036 D/OplusBiometricsDisplayHelper( 3467): isFold: false, isUnblockByFp: null
05-26 21:13:53.036 D/AnimationStepper[display=0][Primary]( 3467): new animation!2.49422->1.97852], is Down animation, Seq = 9, AccelerateScale = 1.0, AdjFreq = 1098.5764, SeqPhaseCount=[0, 0, 0]
05-26 21:13:53.042 W/AnimationProvider[display=0][Primary][AnimationDuration]( 3467): invalid refreshRate 1098 ,levChange[108->4:4],freshRate[1098.58, 0.001, 1.000],verbose[sameInterrupt=false,levChange[108->4],nitChange[2.49->2.49->1.98:1.98],max[8191, 502.52]]
05-26 21:13:53.042 D/AnimationProvider[display=0][Primary][AnimationDuration]( 3467): putStringForUser ProviderInfo:
05-26 21:13:53.042 D/AnimationProvider[display=0][Primary][AnimationDuration]( 3467): 	 mType = auto
05-26 21:13:53.042 D/AnimationProvider[display=0][Primary][AnimationDuration]( 3467): 	 mAnimStartTime = 28644573
05-26 21:13:53.042 D/AnimationProvider[display=0][Primary][AnimationDuration]( 3467): 	 mPendingDb = false
05-26 21:13:53.042 D/AnimationProvider[display=0][Primary][AnimationDuration]( 3467): 	 mStartBtn = 108
05-26 21:13:53.042 D/AnimationProvider[display=0][Primary][AnimationDuration]( 3467): 	 mScaleStartBtn = 108
05-26 21:13:53.042 D/AnimationProvider[display=0][Primary][AnimationDuration]( 3467): 	 mProviderBtn = 4
05-26 21:13:53.042 D/AnimationProvider[display=0][Primary][AnimationDuration]( 3467): 	 mProviderNit = 1.97852
05-26 21:13:53.042 D/AnimationProvider[display=0][Primary][AnimationDuration]( 3467): 	 mDuration = 1433
05-26 21:13:53.042 D/AnimationProvider[display=0][Primary][AnimationDuration]( 3467): 	 mAnimStartBtn = 108
05-26 21:13:53.051 D/OplusBiometricsDisplayHelper( 3467): isFold: false, isUnblockByFp: null
05-26 21:13:53.077 V/AlarmManager( 3467): sending alarm Alarm{97a66d5 type 1 origWhen 1779822833077 whenElapsed 28644609 android} uid 1000 whenElapsed 28644609 windowLength 0 maxWhenElapsed 28644609 repeatInterval 0 action null component null tag StorgaeBandInfoAlarmTag flags 0x9 procName system_server
05-26 21:13:53.082 D/osense.compress( 3467): com.Slack do shrink, target ratio = 20, final ratio = 40, cur ratio = 0
05-26 21:13:53.225 D/OplusBrightnessPhoneStateManager( 3467): LuxEvent{event:MAIN_LUX lux:0.0} -> LuxEvent{event:MAIN_LUX lux:0.0}
05-26 21:13:53.225 D/OplusBrightnessSceneAdapter( 3467): Arc scene change!!! StableScene -> NormalScene [erraticScore:-1, stableScore:-1] isLuxRefresh:true
05-26 21:13:53.226 D/OplusBrightnessAmbientAdapter[StabilityProcess]( 3467): updateRangeStrategy: reason[SceneChange ] baseLux:0.0, scene:NormalScene large{0.0, 5.01} largeForAux{0.0, 2.0} small{0.0, 3.01} null
05-26 21:13:53.312 W/QosScheduler( 3467): executeSceneQosStrategy failed! qos feature no enable
05-26 21:13:53.314 E/AppOps  ( 3467): attributionTag  not declared in manifest of org.telegram.messenger
05-26 21:13:53.315 E/AppOps  ( 3467): attributionTag  not declared in manifest of org.telegram.messenger
05-26 21:13:53.324 D/OAppNetControlService( 3467): Hans update:[10038=false][0|0] blackList:[10478, 10290, 10334, 10389, 10312, 10297, 10282, 10158, 10260, 10240, 10367, 10391, 10175, 10150, 10160, 10161]
05-26 21:13:53.328 D/OAppNetControlService( 3467): Hans update:[10150=false][0|0] blackList:[10478, 10290, 10334, 10389, 10312, 10297, 10282, 10158, 10260, 10240, 10367, 10391, 10175, 10160, 10161]
05-26 21:13:53.330 D/OAppNetControlService( 3467): Hans update:[10160=false][0|0] blackList:[10478, 10290, 10334, 10389, 10312, 10297, 10282, 10158, 10260, 10240, 10367, 10391, 10175, 10161]
05-26 21:13:53.332 D/OAppNetControlService( 3467): Hans update:[10391=false][0|0] blackList:[10478, 10290, 10334, 10389, 10312, 10297, 10282, 10158, 10260, 10240, 10367, 10175, 10161]
05-26 21:13:53.425 D/OplusBrightnessPhoneStateManager( 3467): LuxEvent{event:MAIN_LUX lux:0.0} -> LuxEvent{event:MAIN_LUX lux:0.0}
05-26 21:13:53.427 E/AppOps  ( 3467): attributionTag  not declared in manifest of org.telegram.messenger
05-26 21:13:53.427 E/AppOps  ( 3467): attributionTag  not declared in manifest of org.telegram.messenger
05-26 21:13:53.520 W/QosScheduler( 3467): executeSceneQosStrategy failed! qos feature no enable
05-26 21:13:53.532 D/osense.compress( 3467): com.infoshell.recradio do shrink, target ratio = 45, final ratio = 90, cur ratio = 0
05-26 21:13:53.625 D/OplusBrightnessPhoneStateManager( 3467): LuxEvent{event:MAIN_LUX lux:0.0} -> LuxEvent{event:MAIN_LUX lux:0.0}
05-26 21:13:53.766 D/OplusBrightnessPhoneStateManager( 3467): LuxEvent{event:AUX_LUX lux:0.0} -> LuxEvent{event:AUX_LUX lux:0.0}
05-26 21:13:53.825 D/OplusBrightnessPhoneStateManager( 3467): LuxEvent{event:MAIN_LUX lux:0.0} -> LuxEvent{event:MAIN_LUX lux:0.0}
05-26 21:13:54.050 D/OplusBrightnessPhoneStateManager( 3467): LuxEvent{event:MAIN_LUX lux:0.0} -> LuxEvent{event:MAIN_LUX lux:0.0}
05-26 21:13:54.094 D/OAppNetControlService( 3467): Hans update:[10443=true][0|0] blackList:[10478, 10290, 10334, 10389, 10312, 10297, 10282, 10158, 10260, 10240, 10367, 10175, 10161, 10443]
05-26 21:13:54.250 D/OplusBrightnessPhoneStateManager( 3467): LuxEvent{event:MAIN_LUX lux:0.0} -> LuxEvent{event:MAIN_LUX lux:0.0}
05-26 21:13:54.450 D/OplusBrightnessPhoneStateManager( 3467): LuxEvent{event:MAIN_LUX lux:0.0} -> LuxEvent{event:MAIN_LUX lux:0.0}
05-26 21:13:54.471 D/OplusFeatureReduceBrightness( 3467): setAnimating : animating = false
05-26 21:13:54.471 D/OplusBrightnessAmbientAdapter( 3467): setAnimating: from true to false
05-26 21:13:54.471 D/RampAnimatorExtImpl[display=0][Primary]( 3467): onAnimationEnd id[0]=[true],changed=[108->108->4],duration:1442,phaseCounts=[86, 0, 0]
05-26 21:13:54.473 D/OplusBiometricsDisplayHelper( 3467): isFold: false, isUnblockByFp: null
05-26 21:13:54.650 D/OplusBrightnessPhoneStateManager( 3467): LuxEvent{event:MAIN_LUX lux:0.0} -> LuxEvent{event:MAIN_LUX lux:0.0}
05-26 21:13:54.851 D/OplusBrightnessPhoneStateManager( 3467): LuxEvent{event:MAIN_LUX lux:0.0} -> LuxEvent{event:MAIN_LUX lux:0.0}
05-26 21:13:55.087 V/AlarmManager( 3467): sending alarm Alarm{67109a7 type 1 origWhen 1779822835086 whenElapsed 28646618 android} uid 1000 whenElapsed 28646618 windowLength 0 maxWhenElapsed 28646618 repeatInterval 0 action null component null tag StorgaeBandInfoAlarmTag flags 0x9 procName system_server
05-26 21:13:55.091 D/OAppNetControlService( 3467): Hans update:[10443=false][0|0] blackList:[10478, 10290, 10334, 10389, 10312, 10297, 10282, 10158, 10260, 10240, 10367, 10175, 10161]
05-26 21:13:55.695 D/ActivityManager( 3467): pid 13687 com.google.android.apps.messaging received async transactions while frozen
05-26 21:13:55.702 D/ActivityManager( 3467): sync unfroze 13687 com.google.android.apps.messaging for 7
05-26 21:13:55.705 D/ActivityManager( 3467): freezing 31497 com.google.android.cellbroadcastreceiver
05-26 21:13:55.707 D/ActivityManager( 3467): Freeze process 31497, not check file locks
05-26 21:13:55.708 D/ActivityManager( 3467): reportOneUidFrozenStateChanged uid 10272 frozen = true
05-26 21:13:56.350 D/OAppNetControlService( 3467): Hans update:[10038=true][0|0] blackList:[10478, 10290, 10334, 10389, 10312, 10297, 10282, 10158, 10260, 10240, 10367, 10175, 10161, 10038]
05-26 21:13:56.355 D/OAppNetControlService( 3467): Hans update:[10391=true][0|0] blackList:[10478, 10290, 10334, 10389, 10312, 10297, 10282, 10158, 10260, 10240, 10367, 10175, 10161, 10038, 10391]
05-26 21:13:56.956 D/ProcessCpuTrackerExtImpl( 3467): mContext is already set, return now! 
05-26 21:13:57.094 V/AlarmManager( 3467): sending alarm Alarm{9cfe46d type 1 origWhen 1779822837093 whenElapsed 28648625 android} uid 1000 whenElapsed 28648625 windowLength 0 maxWhenElapsed 28648625 repeatInterval 0 action null component null tag StorgaeBandInfoAlarmTag flags 0x9 procName system_server
05-26 21:13:57.477 D/VRR [OPlusGameStatusManager]( 3467): handleMessage: 7004
05-26 21:13:57.478 D/VRR [OPlusGameStatusManager]( 3467): handleBrightnessDone
05-26 21:13:58.518 D/osense.compress( 3467): ru.mts.mymts do shrink, target ratio = 45, final ratio = 90, cur ratio = 0
05-26 21:13:59.093 D/osense.compress( 3467): com.Slack do shrink, target ratio = 20, final ratio = 40, cur ratio = 0
05-26 21:13:59.098 V/AlarmManager( 3467): sending alarm Alarm{1b3208 type 1 origWhen 1779822839098 whenElapsed 28650630 android} uid 1000 whenElapsed 28650630 windowLength 0 maxWhenElapsed 28650630 repeatInterval 0 action null component null tag StorgaeBandInfoAlarmTag flags 0x9 procName system_server
