--------- beginning of crash
04-20 06:13:50.887 F/libc    (  959): Fatal signal 6 (SIGABRT), code -1 (SI_QUEUE) in tid 959 (init), pid 959 (init)
04-20 06:13:51.079 F/libc    (  959): Crash due to signal: crash_dump helper failed to exec, or was killed
05-26 13:17:35.743 F/libc    ( 7496): Fatal signal 6 (SIGABRT), code -1 (SI_QUEUE) in tid 7496 (init), pid 7496 (init)
05-26 13:17:35.860 F/libc    ( 7496): Crash due to signal: crash_dump helper failed to exec, or was killed
05-26 20:46:29.746 E/AndroidRuntime(20650): FATAL EXCEPTION: main
05-26 20:46:29.746 E/AndroidRuntime(20650): Process: com.kshavrin.mymoney, PID: 20650
05-26 20:46:29.746 E/AndroidRuntime(20650): java.lang.RuntimeException: Unable to get provider io.sentry.android.core.SentryInitProvider: java.lang.IllegalArgumentException: DSN is required. Use empty string or set enabled to false in SentryOptions to disable SDK.
05-26 20:46:29.746 E/AndroidRuntime(20650): 	at android.app.ActivityThread.installProvider(ActivityThread.java:9511)
05-26 20:46:29.746 E/AndroidRuntime(20650): 	at android.app.ActivityThread.installContentProviders(ActivityThread.java:9015)
05-26 20:46:29.746 E/AndroidRuntime(20650): 	at android.app.ActivityThread.handleBindApplication(ActivityThread.java:8645)
05-26 20:46:29.746 E/AndroidRuntime(20650): 	at android.app.ActivityThread.-$$Nest$mhandleBindApplication(Unknown Source:0)
05-26 20:46:29.746 E/AndroidRuntime(20650): 	at android.app.ActivityThread$H.handleMessage(ActivityThread.java:2813)
05-26 20:46:29.746 E/AndroidRuntime(20650): 	at android.os.Handler.dispatchMessage(Handler.java:115)
05-26 20:46:29.746 E/AndroidRuntime(20650): 	at android.os.Looper.loopOnce(Looper.java:302)
05-26 20:46:29.746 E/AndroidRuntime(20650): 	at android.os.Looper.loop(Looper.java:412)
05-26 20:46:29.746 E/AndroidRuntime(20650): 	at android.app.ActivityThread.main(ActivityThread.java:9998)
05-26 20:46:29.746 E/AndroidRuntime(20650): 	at java.lang.reflect.Method.invoke(Native Method)
05-26 20:46:29.746 E/AndroidRuntime(20650): 	at com.android.internal.os.RuntimeInit$MethodAndArgsCaller.run(RuntimeInit.java:613)
05-26 20:46:29.746 E/AndroidRuntime(20650): 	at com.android.internal.os.ZygoteInit.main(ZygoteInit.java:1074)
05-26 20:46:29.746 E/AndroidRuntime(20650): Caused by: java.lang.IllegalArgumentException: DSN is required. Use empty string or set enabled to false in SentryOptions to disable SDK.
05-26 20:46:29.746 E/AndroidRuntime(20650): 	at io.sentry.Sentry.initConfigurations(Sentry.java:396)
05-26 20:46:29.746 E/AndroidRuntime(20650): 	at io.sentry.Sentry.init(Sentry.java:234)
05-26 20:46:29.746 E/AndroidRuntime(20650): 	at io.sentry.Sentry.init(Sentry.java:167)
05-26 20:46:29.746 E/AndroidRuntime(20650): 	at io.sentry.android.core.SentryAndroid.init(SentryAndroid.java:93)
05-26 20:46:29.746 E/AndroidRuntime(20650): 	at io.sentry.android.core.SentryAndroid.init(SentryAndroid.java:64)
05-26 20:46:29.746 E/AndroidRuntime(20650): 	at io.sentry.android.core.SentryInitProvider.onCreate(SentryInitProvider.java:25)
05-26 20:46:29.746 E/AndroidRuntime(20650): 	at android.content.ContentProvider.attachInfo(ContentProvider.java:2707)
05-26 20:46:29.746 E/AndroidRuntime(20650): 	at android.content.ContentProvider.attachInfo(ContentProvider.java:2676)
05-26 20:46:29.746 E/AndroidRuntime(20650): 	at io.sentry.android.core.SentryInitProvider.attachInfo(SentryInitProvider.java:43)
05-26 20:46:29.746 E/AndroidRuntime(20650): 	at android.app.ActivityThread.installProvider(ActivityThread.java:9506)
05-26 20:46:29.746 E/AndroidRuntime(20650): 	... 11 more
05-26 20:46:31.386 E/AndroidRuntime(20769): FATAL EXCEPTION: main
05-26 20:46:31.386 E/AndroidRuntime(20769): Process: com.kshavrin.mymoney, PID: 20769
05-26 20:46:31.386 E/AndroidRuntime(20769): java.lang.RuntimeException: Unable to get provider io.sentry.android.core.SentryInitProvider: java.lang.IllegalArgumentException: DSN is required. Use empty string or set enabled to false in SentryOptions to disable SDK.
05-26 20:46:31.386 E/AndroidRuntime(20769): 	at android.app.ActivityThread.installProvider(ActivityThread.java:9511)
05-26 20:46:31.386 E/AndroidRuntime(20769): 	at android.app.ActivityThread.installContentProviders(ActivityThread.java:9015)
05-26 20:46:31.386 E/AndroidRuntime(20769): 	at android.app.ActivityThread.handleBindApplication(ActivityThread.java:8645)
05-26 20:46:31.386 E/AndroidRuntime(20769): 	at android.app.ActivityThread.-$$Nest$mhandleBindApplication(Unknown Source:0)
05-26 20:46:31.386 E/AndroidRuntime(20769): 	at android.app.ActivityThread$H.handleMessage(ActivityThread.java:2813)
05-26 20:46:31.386 E/AndroidRuntime(20769): 	at android.os.Handler.dispatchMessage(Handler.java:115)
05-26 20:46:31.386 E/AndroidRuntime(20769): 	at android.os.Looper.loopOnce(Looper.java:302)
05-26 20:46:31.386 E/AndroidRuntime(20769): 	at android.os.Looper.loop(Looper.java:412)
05-26 20:46:31.386 E/AndroidRuntime(20769): 	at android.app.ActivityThread.main(ActivityThread.java:9998)
05-26 20:46:31.386 E/AndroidRuntime(20769): 	at java.lang.reflect.Method.invoke(Native Method)
05-26 20:46:31.386 E/AndroidRuntime(20769): 	at com.android.internal.os.RuntimeInit$MethodAndArgsCaller.run(RuntimeInit.java:613)
05-26 20:46:31.386 E/AndroidRuntime(20769): 	at com.android.internal.os.ZygoteInit.main(ZygoteInit.java:1074)
05-26 20:46:31.386 E/AndroidRuntime(20769): Caused by: java.lang.IllegalArgumentException: DSN is required. Use empty string or set enabled to false in SentryOptions to disable SDK.
05-26 20:46:31.386 E/AndroidRuntime(20769): 	at io.sentry.Sentry.initConfigurations(Sentry.java:396)
05-26 20:46:31.386 E/AndroidRuntime(20769): 	at io.sentry.Sentry.init(Sentry.java:234)
05-26 20:46:31.386 E/AndroidRuntime(20769): 	at io.sentry.Sentry.init(Sentry.java:167)
05-26 20:46:31.386 E/AndroidRuntime(20769): 	at io.sentry.android.core.SentryAndroid.init(SentryAndroid.java:93)
05-26 20:46:31.386 E/AndroidRuntime(20769): 	at io.sentry.android.core.SentryAndroid.init(SentryAndroid.java:64)
05-26 20:46:31.386 E/AndroidRuntime(20769): 	at io.sentry.android.core.SentryInitProvider.onCreate(SentryInitProvider.java:25)
05-26 20:46:31.386 E/AndroidRuntime(20769): 	at android.content.ContentProvider.attachInfo(ContentProvider.java:2707)
05-26 20:46:31.386 E/AndroidRuntime(20769): 	at android.content.ContentProvider.attachInfo(ContentProvider.java:2676)
05-26 20:46:31.386 E/AndroidRuntime(20769): 	at io.sentry.android.core.SentryInitProvider.attachInfo(SentryInitProvider.java:43)
05-26 20:46:31.386 E/AndroidRuntime(20769): 	at android.app.ActivityThread.installProvider(ActivityThread.java:9506)
05-26 20:46:31.386 E/AndroidRuntime(20769): 	... 11 more
05-26 20:46:54.798 E/AndroidRuntime(21163): FATAL EXCEPTION: main
05-26 20:46:54.798 E/AndroidRuntime(21163): Process: com.kshavrin.mymoney, PID: 21163
05-26 20:46:54.798 E/AndroidRuntime(21163): java.lang.RuntimeException: Unable to get provider io.sentry.android.core.SentryInitProvider: java.lang.IllegalArgumentException: DSN is required. Use empty string or set enabled to false in SentryOptions to disable SDK.
05-26 20:46:54.798 E/AndroidRuntime(21163): 	at android.app.ActivityThread.installProvider(ActivityThread.java:9511)
05-26 20:46:54.798 E/AndroidRuntime(21163): 	at android.app.ActivityThread.installContentProviders(ActivityThread.java:9015)
05-26 20:46:54.798 E/AndroidRuntime(21163): 	at android.app.ActivityThread.handleBindApplication(ActivityThread.java:8645)
05-26 20:46:54.798 E/AndroidRuntime(21163): 	at android.app.ActivityThread.-$$Nest$mhandleBindApplication(Unknown Source:0)
05-26 20:46:54.798 E/AndroidRuntime(21163): 	at android.app.ActivityThread$H.handleMessage(ActivityThread.java:2813)
05-26 20:46:54.798 E/AndroidRuntime(21163): 	at android.os.Handler.dispatchMessage(Handler.java:115)
05-26 20:46:54.798 E/AndroidRuntime(21163): 	at android.os.Looper.loopOnce(Looper.java:302)
05-26 20:46:54.798 E/AndroidRuntime(21163): 	at android.os.Looper.loop(Looper.java:412)
05-26 20:46:54.798 E/AndroidRuntime(21163): 	at android.app.ActivityThread.main(ActivityThread.java:9998)
05-26 20:46:54.798 E/AndroidRuntime(21163): 	at java.lang.reflect.Method.invoke(Native Method)
05-26 20:46:54.798 E/AndroidRuntime(21163): 	at com.android.internal.os.RuntimeInit$MethodAndArgsCaller.run(RuntimeInit.java:613)
05-26 20:46:54.798 E/AndroidRuntime(21163): 	at com.android.internal.os.ZygoteInit.main(ZygoteInit.java:1074)
05-26 20:46:54.798 E/AndroidRuntime(21163): Caused by: java.lang.IllegalArgumentException: DSN is required. Use empty string or set enabled to false in SentryOptions to disable SDK.
05-26 20:46:54.798 E/AndroidRuntime(21163): 	at io.sentry.Sentry.initConfigurations(Sentry.java:396)
05-26 20:46:54.798 E/AndroidRuntime(21163): 	at io.sentry.Sentry.init(Sentry.java:234)
05-26 20:46:54.798 E/AndroidRuntime(21163): 	at io.sentry.Sentry.init(Sentry.java:167)
05-26 20:46:54.798 E/AndroidRuntime(21163): 	at io.sentry.android.core.SentryAndroid.init(SentryAndroid.java:93)
05-26 20:46:54.798 E/AndroidRuntime(21163): 	at io.sentry.android.core.SentryAndroid.init(SentryAndroid.java:64)
05-26 20:46:54.798 E/AndroidRuntime(21163): 	at io.sentry.android.core.SentryInitProvider.onCreate(SentryInitProvider.java:25)
05-26 20:46:54.798 E/AndroidRuntime(21163): 	at android.content.ContentProvider.attachInfo(ContentProvider.java:2707)
05-26 20:46:54.798 E/AndroidRuntime(21163): 	at android.content.ContentProvider.attachInfo(ContentProvider.java:2676)
05-26 20:46:54.798 E/AndroidRuntime(21163): 	at io.sentry.android.core.SentryInitProvider.attachInfo(SentryInitProvider.java:43)
05-26 20:46:54.798 E/AndroidRuntime(21163): 	at android.app.ActivityThread.installProvider(ActivityThread.java:9506)
05-26 20:46:54.798 E/AndroidRuntime(21163): 	... 11 more
05-26 20:47:35.946 E/AndroidRuntime(22153): FATAL EXCEPTION: main
05-26 20:47:35.946 E/AndroidRuntime(22153): Process: com.kshavrin.mymoney, PID: 22153
05-26 20:47:35.946 E/AndroidRuntime(22153): java.lang.RuntimeException: Unable to get provider io.sentry.android.core.SentryInitProvider: java.lang.IllegalArgumentException: DSN is required. Use empty string or set enabled to false in SentryOptions to disable SDK.
05-26 20:47:35.946 E/AndroidRuntime(22153): 	at android.app.ActivityThread.installProvider(ActivityThread.java:9511)
05-26 20:47:35.946 E/AndroidRuntime(22153): 	at android.app.ActivityThread.installContentProviders(ActivityThread.java:9015)
05-26 20:47:35.946 E/AndroidRuntime(22153): 	at android.app.ActivityThread.handleBindApplication(ActivityThread.java:8645)
05-26 20:47:35.946 E/AndroidRuntime(22153): 	at android.app.ActivityThread.-$$Nest$mhandleBindApplication(Unknown Source:0)
05-26 20:47:35.946 E/AndroidRuntime(22153): 	at android.app.ActivityThread$H.handleMessage(ActivityThread.java:2813)
05-26 20:47:35.946 E/AndroidRuntime(22153): 	at android.os.Handler.dispatchMessage(Handler.java:115)
05-26 20:47:35.946 E/AndroidRuntime(22153): 	at android.os.Looper.loopOnce(Looper.java:302)
05-26 20:47:35.946 E/AndroidRuntime(22153): 	at android.os.Looper.loop(Looper.java:412)
05-26 20:47:35.946 E/AndroidRuntime(22153): 	at android.app.ActivityThread.main(ActivityThread.java:9998)
05-26 20:47:35.946 E/AndroidRuntime(22153): 	at java.lang.reflect.Method.invoke(Native Method)
05-26 20:47:35.946 E/AndroidRuntime(22153): 	at com.android.internal.os.RuntimeInit$MethodAndArgsCaller.run(RuntimeInit.java:613)
05-26 20:47:35.946 E/AndroidRuntime(22153): 	at com.android.internal.os.ZygoteInit.main(ZygoteInit.java:1074)
05-26 20:47:35.946 E/AndroidRuntime(22153): Caused by: java.lang.IllegalArgumentException: DSN is required. Use empty string or set enabled to false in SentryOptions to disable SDK.
05-26 20:47:35.946 E/AndroidRuntime(22153): 	at io.sentry.Sentry.initConfigurations(Sentry.java:396)
05-26 20:47:35.946 E/AndroidRuntime(22153): 	at io.sentry.Sentry.init(Sentry.java:234)
05-26 20:47:35.946 E/AndroidRuntime(22153): 	at io.sentry.Sentry.init(Sentry.java:167)
05-26 20:47:35.946 E/AndroidRuntime(22153): 	at io.sentry.android.core.SentryAndroid.init(SentryAndroid.java:93)
05-26 20:47:35.946 E/AndroidRuntime(22153): 	at io.sentry.android.core.SentryAndroid.init(SentryAndroid.java:64)
05-26 20:47:35.946 E/AndroidRuntime(22153): 	at io.sentry.android.core.SentryInitProvider.onCreate(SentryInitProvider.java:25)
05-26 20:47:35.946 E/AndroidRuntime(22153): 	at android.content.ContentProvider.attachInfo(ContentProvider.java:2707)
05-26 20:47:35.946 E/AndroidRuntime(22153): 	at android.content.ContentProvider.attachInfo(ContentProvider.java:2676)
05-26 20:47:35.946 E/AndroidRuntime(22153): 	at io.sentry.android.core.SentryInitProvider.attachInfo(SentryInitProvider.java:43)
05-26 20:47:35.946 E/AndroidRuntime(22153): 	at android.app.ActivityThread.installProvider(ActivityThread.java:9506)
05-26 20:47:35.946 E/AndroidRuntime(22153): 	... 11 more
--------- beginning of system
05-26 21:11:52.784 D/WindowManager( 3467): NFW_findFocusedWindowIfNeeded:Window{1aa8c9b u0 NotificationShade} mCurrentFocus:Window{1aa8c9b u0 NotificationShade}
05-26 21:11:52.785 I/WindowManager( 3467): Window{1aa8c9b u0 NotificationShade} state from DRAW_PENDING to COMMIT_DRAW_PENDING; reason: finishDrawingLocked
05-26 21:11:52.785 D/AlarmWakeupCheck( 3467): SCREEN_ON: CntAlarmWakeup = 3
05-26 21:11:52.785 D/OIM_OplusInputGestureMonitorUtils( 3467): mScreenReceiver action= android.intent.action.SCREEN_ON KeyguardLockedState =true
05-26 21:11:52.785 D/DisplayManagerService( 3467): Delivering display event: displayId=0, event=EVENT_DISPLAY_STATE_CHANGED
05-26 21:11:52.787 D/FlexibleTaskController( 3467): check task which not have enough child, isInSingleWhiteList:false isCloneTask:false
05-26 21:11:52.787 I/GameManagerServiceExt-GameManagerTopState( 3467): check top result: RunningState{zoomPkg='', topPkg='org.telegram.messenger', pid= 21226, isColdStart=false, isSplit=false, isTVListen=false, mTaskId=13620}
05-26 21:11:52.787 I/GameManagerServiceExt-GameManagerServiceExt( 3467): top change IS NOT GAME [com.android.launcher]-[org.telegram.messenger]
05-26 21:11:52.788 D/OAppNetControlService( 3467): Screens on!
05-26 21:11:52.789 D/OplusUserManagerServiceEnhance( 3467): getMultiSystemUserId  res = -10000
05-26 21:11:52.790 W/VRI[StatusBar]( 5655): handleResized abandoned!
05-26 21:11:52.790 W/VRI[NotificationShade]( 5655): handleResized, msg:, frameChanged:false, configChanged:false, displayChanged:false, attachedFrameChanged:false, compatScaleChanged:false, pendingDragResizing=false
05-26 21:11:52.790 W/VRI[NavigationBar_displayId_0]( 5655): handleResized abandoned!
05-26 21:11:52.791 W/VRI[OnScreenFingerprintDimLayer]( 5655): handleResized abandoned!
05-26 21:11:52.791 W/VRI[OnScreenFingerprintIcon]( 5655): handleResized abandoned!
05-26 21:11:52.791 W/VRI[OnScreenFingerprintPressedIcon]( 5655): handleResized abandoned!
05-26 21:11:52.791 W/VRI[ScreenDecorOverlay]( 5655): handleResized abandoned!
05-26 21:11:52.791 W/VRI[ScreenDecorOverlayBottom]( 5655): handleResized abandoned!
05-26 21:11:52.794 D/CastManagerService( 5273): onDisplayChanged.
05-26 21:11:52.799 D/DisplayAdapterExt( 3467): sendDisplayDeviceEventLocked event=2,now=28524331,timestamp=28524331 device:[id=local:4630946342906530435,stack=0],isFirst=true,activeMode=6,state=ON,commitState=ON,devInfo:null
05-26 21:11:52.799 I/DisplayDeviceRepositoryExtImpl( 3467): Display device changed committed state: "ąÆčüčéčĆąŠąĄąĮąĮčŗą╣ čŹą║čĆą░ąĮ", ON
05-26 21:11:52.799 D/LogicalDisplayMapper( 3467): Display device changed diff=4
05-26 21:11:52.799 D/LogicalDisplayExt( 3467): set displayInfo flag FLAG_ROTATES_WITH_CONTENT
05-26 21:11:52.800 D/DpcExtImpl[display=0]( 3467): setBrightnessNoAnimation, noAnimation = false
05-26 21:11:52.800 D/DisplayManagerService( 3467): Delivering display event: displayId=0, event=EVENT_DISPLAY_COMMITTED_STATE_CHANGED
05-26 21:11:52.802 I/WindowManager( 3467): Window{1aa8c9b u0 NotificationShade} state from COMMIT_DRAW_PENDING to READY_TO_SHOW; reason: commitFinishDrawingLocked
05-26 21:11:52.802 I/WindowManager( 3467): Window{1aa8c9b u0 NotificationShade} state from READY_TO_SHOW to HAS_DRAWN; reason: performShowLocked
05-26 21:11:52.802 I/WindowManager( 3467): Waiting for drawn Window{1aa8c9b u0 NotificationShade}: removed=false visible=true mHasSurface=true drawState=4
05-26 21:11:52.802 D/OplusWindowAnimationManager( 3467): Is NotificationShade draw check disabled: false, win: Window{1aa8c9b u0 NotificationShade}, clientRotation: 0, isFullscreen: true, requestedWidth: 1440, requestedHeight: 3216, physicalHeight: 3216, physicalWidth: 1440
05-26 21:11:52.804 D/SensorDelegate( 3467): AUX_LIGHT registerListener success
05-26 21:11:52.804 W/KEYLOG_PhoneWindowManager( 3467): All windows drawn on display -1
05-26 21:11:52.804 D/FSS_FoldScreenBlackCoverController( 3467): finishWindowsDrawn, displayId:-1
05-26 21:11:52.811 I/MR2ServiceImpl( 3467): Updating composite discovery preference | preference: RouteDiscoveryRequest{ preferredFeatures={}, activeScan=false }, active routers: []
05-26 21:11:52.824 I/WindowManager( 3467): Finished screen turning on...0
05-26 21:11:52.834 D/SensorDelegate( 3467): PROXIMITY registerListener success
05-26 21:11:52.834 I/OplusDisplayFeatureManager( 3467): handleMessage MSG_TEMPERATURE_LIMIT_BRIGHTNESS_CHANGED.
05-26 21:11:52.835 D/OplusFeatureTemperatureLimitBrightness( 3467): new parameter!ControlInfo:[ gear = 1 reason = org.telegram.messenger@temperature@37@normal gearNit = 700.0 package = org.telegram.messenger type = temperature temperature = 37 priority = normal rate = -1] HadDragPoint = false mode = 1
05-26 21:11:52.835 D/OplusFeatureTemperatureLimitBrightness( 3467): isResetUpdate = false isNormalUpdate = true isSafetyRegulationsForceUpdate = false mLastLimitNit = 700.0
05-26 21:11:52.835 D/OplusFeatureTemperatureLimitBrightness( 3467): mLimitNit = 700.0; mCurTemperature = 37
05-26 21:11:52.835 D/OplusBiometricsDisplayHelper( 3467): isFold: false, isUnblockByFp: null
05-26 21:11:52.835 D/OplusFeaturePanoramicBrightness( 3467): setWindowManagerPolicy mSoftScreenOn changed to true
05-26 21:11:52.835 D/DisplayPowerController[display=0]( 3467): screenTurnedOn state=2 brightnessState=108.734695 mustNotify=true
05-26 21:11:52.835 D/DpcExtImpl[display=0]( 3467): RECORD:onUpdatePowerState policy:3 state:2 brightness:108
05-26 21:11:52.836 D/OplusBiometricsDisplayHelper( 3467): isFold: false, isUnblockByFp: null
05-26 21:11:52.837 W/PowerManagerService( 3467): Screen on took 143 ms. groupId = 0
05-26 21:11:52.837 D/OplusPowerManagerHelper( 3467): [onWakeUpFinish]
05-26 21:11:52.837 E/OplusCustomizeRestrictionManagerService( 3467): isBiometricDisabled start
05-26 21:11:52.838 D/OplusPowerManagerHelper( 3467): scheduleNotifyStopDream
05-26 21:11:52.838 D/OplusFeatureAOD( 3467): notifySfUnBlockScreenOn
05-26 21:11:52.838 D/OplusPowerManagerHelper( 3467): handleMessage:102
05-26 21:11:52.838 D/OplusPowerManagerHelper( 3467): MSG_STOP_DEAM
05-26 21:11:52.846 D/CommSceneService( 3467): notify screen off changed state=0
05-26 21:11:52.846 E/CommSceneService( 3467): modem stationary state=0 not update, cancel notify!
05-26 21:11:52.846 D/OSysNetControlService( 3467): handle comm scene=1001 state=0 phoneId=-1
05-26 21:11:52.847 W/OplusStorageManagerFeature( 3467): mScreenReceiver action:android.intent.action.SCREEN_ON
05-26 21:11:52.854 W/OplusStorageManagerFeature( 3467): turn screenOn, maintPrepared:false
05-26 21:11:52.860 D/vold    ( 1131): [storage]aborting idle start
05-26 21:11:52.860 D/vold    ( 1131): [storage]idle maintenance stopped
05-26 21:11:52.860 W/OplusStorageManagerFeature( 3467): sendToTarget over,paramStr:0
05-26 21:11:52.867 D/OneHandedController( 5655): setLockedDisabled locked = false, enabled = false ,FeatureEnabled = false
05-26 21:11:52.883 W/OplusStorageManagerFeature( 3467): Ready to deal actionParam:0
05-26 21:11:52.885 D/VRR [OPlusSAManager]( 3467): updateAutoMinfps for 4630946342906530435 with nits: 0.0, mHistOK true, mAmbientOK true, mCctOK true, mIrOK true, mBrightnessOK true, isPkgOK true, SA min fps: 0
05-26 21:11:52.886 D/FlexibleTaskController( 3467): isFullToFlexibleAnimating: false
05-26 21:11:52.886 D/WindowManager( 3467): rotation(ROTATION_0) no changed  displayId = 0, lastOrientation = 5
05-26 21:11:52.888 W/OplusStorageManagerFeature( 3467): mScreenReceiver action:android.intent.action.DREAMING_STOPPED
05-26 21:11:52.889 W/OplusStorageManagerFeature( 3467): turn screenOn, maintPrepared:false
05-26 21:11:52.890 W/OplusStorageManagerFeature( 3467): sendToTarget over,paramStr:0
05-26 21:11:52.890 W/OplusStorageManagerFeature( 3467): Ready to deal actionParam:0
05-26 21:11:52.891 D/vold    ( 1131): [storage]aborting idle start
05-26 21:11:52.891 D/vold    ( 1131): [storage]idle maintenance stopped
05-26 21:11:52.899 D/OplusDisplayBrightnessBroadcastReceiver( 3467): onReceive action = android.intent.action.TIME_TICK , listeners = [com.android.server.display.feature.ambience.events.event.TimeEvent$TimeChangeReceiver@bed58f0]
05-26 21:11:52.899 D/OplusDisplayBrightnessBroadcastReceiver( 3467): onReceive action = android.intent.action.BATTERY_CHANGED , listeners = [com.android.server.display.feature.postprocess.OplusFeatureHDREnhanceBrightness$PhoneInfoReceiver@48a8fc7, com.android.server.display.feature.postprocess.OplusFeatureEdrEnhanceBrightness$PhoneInfoReceiver@32b8ed1]
05-26 21:11:52.900 D/OplusBrightnessPhoneStateManager( 3467): LuxEvent{event:MAIN_LUX lux:0.0} -> LuxEvent{event:MAIN_LUX lux:0.0}
05-26 21:11:52.900 D/OplusBrightnessSceneAdapter( 3467): Arc scene change!!! NormalScene -> StableScene [erraticScore:-1, stableScore:5467] isLuxRefresh:true
05-26 21:11:52.900 D/OAppNetControlService( 3467): Hans update:[10175=false][0|0] blackList:[10478, 10290, 10334, 10389, 10312, 10297, 10282, 10038, 10391, 10158, 10150, 10260, 10240, 10367, 10160]
05-26 21:11:52.900 D/OplusFeatureBrightnessBarController( 3467): BrightnessBarController is not support.
05-26 21:11:52.901 D/OplusBiometricsDisplayHelper( 3467): isFold: false, isUnblockByFp: null
05-26 21:11:52.919 D/VRR [OPlusHistogram]( 3467): registerCallbacks callbacks: com.oplus.vrr.OPlusSAManager$2@4f2f0a0
05-26 21:11:52.920 D/VRR [OPlusHistogram]( 3467): mFeatureSwitch: true killer: KillerPatternBean{mEnable=false, mSamplerInterval=500, mLowGrayRatio=0.3, mMaxGrayRatio=0.8, mGrayCalcLowBit=0, mGrayCalcHighBit=3, mNitLowLimit=0.0} callbacks: 1 isSampling: false
05-26 21:11:52.920 D/VRR [OPlusAmbientBrightness]( 3467): registerCallbacks callbacks: com.oplus.vrr.OPlusSAManager$1@c816459
05-26 21:11:52.920 D/VRR [OPlusColorTemperature]( 3467): registerCallbacks callbacks: com.oplus.vrr.OPlusSAManager$3@581081e
05-26 21:11:52.921 D/VRR [OPlusInfrared]( 3467): registerCallbacks callbacks: com.oplus.vrr.OPlusSAManager$4@d9dc8ff
05-26 21:11:52.988 D/ActivityManager( 3467): pid 13687 com.google.android.apps.messaging received async transactions while frozen
05-26 21:11:52.990 D/ActivityManager( 3467): sync unfroze 13687 com.google.android.apps.messaging for 7
05-26 21:11:53.100 D/OplusBrightnessPhoneStateManager( 3467): LuxEvent{event:MAIN_LUX lux:0.0} -> LuxEvent{event:MAIN_LUX lux:0.0}
05-26 21:11:53.101 D/OplusBrightnessSceneAdapter( 3467): Arc scene change!!! StableScene -> NormalScene [erraticScore:-1, stableScore:-1] isLuxRefresh:true
05-26 21:11:53.101 D/OplusBrightnessAmbientAdapter[StabilityProcess]( 3467): updateRangeStrategy: reason[SceneChange ] baseLux:0.0, scene:NormalScene large{0.0, 5.01} largeForAux{0.0, 2.0} small{0.0, 3.01} null
05-26 21:11:53.101 W/OplusBrightnessAmbientAdapter[LuxQueueProcess]( 3467): screen on past time is too short, not to get trend list! checkTime = 1200
05-26 21:11:53.140 D/AidlResponseHandler( 3467): [onTransact]code 1001 flags: 17
05-26 21:11:53.141 D/Biometrics/FingerprintProvider/FingerprintServiceProviderExtImpl( 3467): dispatchTouchDown
05-26 21:11:53.141 D/SensorOverlays( 3467): showUdfpsOverlay : 1, 8
05-26 21:11:53.141 D/Biometrics/FingerprintProvider/FingerprintServiceProviderExtImpl( 3467): [handleOnPointerDown] icon is show: false
05-26 21:11:53.141 D/Biometrics/Fingerprint/UdfpsHelperExtImpl( 3467): false: false, false[false, false]
05-26 21:11:53.141 D/Biometrics/FingerprintProvider/FingerprintServiceProviderExtImpl( 3467): [handleOnPointerDown] dispatch to Auth
05-26 21:11:53.142 D/Biometrics/Fingerprint/OplusFingerWakeUpAndUnlockController( 3467): [dispatchTouchDown] mScreenState = 1
05-26 21:11:53.145 I/Biometrics/Fingerprint/UdfpsHelperExtImpl( 3467): requestRefreshRate: 1
05-26 21:11:53.146 D/VRR [OPlusExternalRefreshRateManager]( 3467): setStatus with: 1
05-26 21:11:53.146 D/VRR [OPlusExternalRefreshRateManager]( 3467): setStatus from 0 to 1
05-26 21:11:53.146 D/VRR [OPlusExternalRefreshRateManager]( 3467): max rate from mRefreshRateConfigs is 120.00001, change to 120hz for fingerprint
05-26 21:11:53.146 D/VRR [OPlusExternalRefreshRateManager]( 3467): keep max rate is: 120.0
05-26 21:11:53.146 D/VRR [OPlusSurfaceFlingerController]( 3467):  setMiscExclusiveMode : 120
05-26 21:11:53.148 D/VRR [OPlusExternalRefreshRateManager]( 3467): setTouchIdleKeepHight enable: true
05-26 21:11:53.148 D/RefreshRate( 3467): keepHighRefreshRate =1,mCurrentPickRate=120.00001
05-26 21:11:53.148 D/RefreshRate( 3467): keepHighRefreshRate status=1: votes=PRIORITY_FOD_SHOW -> Vote{mRefreshRate=120.0, mMinRefreshRate=120.0, mRequestSource=null};PRIORITY_WINDOW_REQUEST -> Vote{mRefreshRate=120.0, mMinRefreshRate=120.0, mRequestSource=null};
05-26 21:11:53.153 D/HidlDisplayPanelFeature( 3467): setDisplayPanelFeatureValue +++, ID:28, value:1
05-26 21:11:53.153 D/HidlDisplayPanelFeature( 3467): getDisplayPanelFeatureValue +++, featureID:211
05-26 21:11:53.154 D/HidlDisplayPanelFeature( 3467): getDisplayPanelFeatureValue, ret = 0
05-26 21:11:53.154 I/HidlDisplayPanelFeature( 3467): [392]
05-26 21:11:53.154 D/HidlDisplayPanelFeature( 3467): getDisplayPanelFeatureValue ---, result = [392]
05-26 21:11:53.154 D/HidlDisplayPanelFeature( 3467): notifyDispFingerLayer 0
05-26 21:11:53.154 D/PowerManagerService( 3467): userActivityNoUpdateLocked: groupId=0, eventTime=17326666, event=touch, flags=0x0, uid=1000
05-26 21:11:53.240 E/NetlinkEvent( 1959): NetlinkEvent::FindParam(): Parameter 'INTERFACE' not found
05-26 21:11:53.240 E/NetlinkEvent( 1959): NetlinkEvent::FindParam(): Parameter 'STATE' not found
05-26 21:11:53.240 E/NetlinkEvent( 1959): NetlinkEvent::FindParam(): Parameter 'TIME_NS' not found
05-26 21:11:53.240 E/NetlinkEvent( 1959): NetlinkEvent::FindParam(): Parameter 'UID' not found
05-26 21:11:53.259 D/AidlResponseHandler( 3467): [onTransact]code 3 flags: 16
05-26 21:11:53.261 V/BiometricLogger( 3467): Acquired! Modality: 1, User: 0, IsCrypto: false, Action: 2, Client: 1, AcquiredInfo: 0, VendorCode: 0
05-26 21:11:53.262 V/Biometrics/AcquisitionClient( 3467): Acquired: 0 0, shouldSend: true
05-26 21:11:53.262 D/PowerManagerService( 3467): userActivityNoUpdateLocked: groupId=0, eventTime=17326774, event=touch, flags=0x0, uid=1000
05-26 21:11:53.300 D/OplusBrightnessPhoneStateManager( 3467): LuxEvent{event:MAIN_LUX lux:0.0} -> LuxEvent{event:MAIN_LUX lux:0.0}
05-26 21:11:53.300 W/OplusBrightnessAmbientAdapter[LuxQueueProcess]( 3467): screen on past time is too short, not to get trend list! checkTime = 1200
05-26 21:11:53.314 D/AidlResponseHandler( 3467): [onTransact]code 6 flags: 16
05-26 21:11:53.314 D/Biometrics/Fingerprint/UdfpsHelperExtImpl( 3467): false: false, false[false, false]
05-26 21:11:53.315 D/OplusUserManagerServiceEnhance( 3467): getMultiSystemUserId  res = -10000
05-26 21:11:53.315 V/BiometricLogger( 3467): Authenticated! Modality: 1, User: 0, IsCrypto: false, Client: 1, RequireConfirmation: false, State: 3, Latency: -1, Lux: -1.0
05-26 21:11:53.315 V/Biometrics/AuthenticationClient( 3467): onAuthenticated(true), ID:1361049769, Owner: com.android.systemui, isBP: false, listener: com.android.server.biometrics.sensors.ClientMonitorCallbackConverter@7846c18, requireConfirmation: false, user: 0, clientMonitor: {[129] com.android.server.biometrics.sensors.fingerprint.aidl.FingerprintAuthenticationClient, proto=3, owner=com.android.systemui, cookie=0, requestId=69, userId=0}
05-26 21:11:53.315 W/Biometrics/AuthenticationClient( 3467): Allowing background authentication, this is allowed only for platform or test invocations
05-26 21:11:53.315 D/BaseClientMonitor( 3467): marking operation as done: {[129] com.android.server.biometrics.sensors.fingerprint.aidl.FingerprintAuthenticationClient, proto=3, owner=com.android.systemui, cookie=0, requestId=69, userId=0}
05-26 21:11:53.315 D/HidlDisplayPanelFeature( 3467): setDisplayPanelFeatureValue +++, ID:28, value:0
05-26 21:11:53.315 D/BiometricService( 3467): resetLockout from: 1, for: 4, userId: 0
05-26 21:11:53.315 D/HidlDisplayPanelFeature( 3467): getDisplayPanelFeatureValue +++, featureID:211
05-26 21:11:53.316 I/keystore2( 1379): system/security/keystore2/src/authorization.rs:112 - add_auth_token(challenge=0, userId=3839056206230845730, authId=-8661299320259613214, authType=0x2, timestamp=28529839ms)
05-26 21:11:53.317 D/Biometrics/AuthenticationClient( 3467): addAuthToken succeeded
05-26 21:11:53.318 V/ALSProbe( 3467): Finishing next consumer
05-26 21:11:53.318 W/BiometricFrameworkStatsLogger( 3467): found a negative latency : -1
05-26 21:11:53.318 D/BiometricStateCallback( 3467): Client finished, state updated to 0, client {[129] com.android.server.biometrics.sensors.fingerprint.aidl.FingerprintAuthenticationClient, proto=3, owner=com.android.systemui, cookie=0, requestId=69, userId=0}
05-26 21:11:53.318 D/BiometricSchedulerOperation( 3467): [Finished / destroy]: {[129] com.android.server.biometrics.sensors.fingerprint.aidl.FingerprintAuthenticationClient, proto=3, owner=com.android.systemui, cookie=0, requestId=69, userId=0}
05-26 21:11:53.318 D/FingerprintAuthenticationClient( 3467): Lockout is implemented by the HAL
05-26 21:11:53.318 D/SensorOverlays( 3467): hideUdfpsOverlay : 1
05-26 21:11:53.319 D/Biometrics/Fingerprint/OplusFingerWakeUpAndUnlockController( 3467): onScreenOnUnBlockedByFingerprint authenticated = true, mScreenState = 1
05-26 21:11:53.319 D/BiometricScheduler( 3467): [Finishing] {[129] com.android.server.biometrics.sensors.fingerprint.aidl.FingerprintAuthenticationClient, proto=3, owner=com.android.systemui, cookie=0, requestId=69, userId=0}, success: true
05-26 21:11:53.319 D/GestureAvailabilityTracker( 3467): Notifying gesture availability, active=true
05-26 21:11:53.320 D/BiometricScheduler( 3467): No operations, returning to idle
05-26 21:11:53.320 D/FingerprintCallback( 5655): sendAuthenticatedSucceeded callback start
05-26 21:11:53.320 D/HidlDisplayPanelFeature( 3467): getDisplayPanelFeatureValue, ret = 0
05-26 21:11:53.320 I/HidlDisplayPanelFeature( 3467): [392]
05-26 21:11:53.320 D/HidlDisplayPanelFeature( 3467): getDisplayPanelFeatureValue ---, result = [392]
05-26 21:11:53.320 D/HidlDisplayPanelFeature( 3467): notifyDispFingerLayer 1
05-26 21:11:53.321 I/Biometrics/Fingerprint/UdfpsHelperExtImpl( 3467): requestRefreshRate: 0
05-26 21:11:53.321 V/Biometrics/FingerprintProvider/FingerprintServiceProviderExtImpl( 3467): start notify Vold when fingerprint success
05-26 21:11:53.321 V/ALSProbe( 3467): Enable ALS: 249661041
05-26 21:11:53.321 D/VRR [OPlusExternalRefreshRateManager]( 3467): setStatus with: 0
05-26 21:11:53.321 D/VRR [OPlusExternalRefreshRateManager]( 3467): setStatus from 1 to 0
05-26 21:11:53.321 D/VRR [OPlusSurfaceFlingerController]( 3467):  setMiscExclusiveMode : -1
05-26 21:11:53.321 D/VRR [OPlusExternalRefreshRateManager]( 3467): setTouchIdleKeepHight enable: false
05-26 21:11:53.322 D/NativeFreezeManager( 3467): freezeForBioUnlockScene enter
05-26 21:11:53.322 D/OplusPowerManagerHelper( 3467): unblockScreenOn reason = unBlockScreenOnByAuthenticateSucess
05-26 21:11:53.322 D/BiometricScheduler( 3467): [Added] {[130] com.android.server.biometrics.sensors.face.aidl.FaceResetLockoutClient, proto=12, owner=android, cookie=0, requestId=-1, userId=0}, new queue size: 1, interruptable: true
05-26 21:11:53.322 D/BiometricScheduler( 3467): [Polled] {[130] com.android.server.biometrics.sensors.face.aidl.FaceResetLockoutClient, proto=12, owner=android, cookie=0, requestId=-1, userId=0}, State: 0
05-26 21:11:53.322 D/BiometricScheduler( 3467): [Started] {[130] com.android.server.biometrics.sensors.face.aidl.FaceResetLockoutClient, proto=12, owner=android, cookie=0, requestId=-1, userId=0}
05-26 21:11:53.322 D/RedLoggerExtImpl( 3467): New row inserted successfully.
05-26 21:11:53.322 E/StorageManagerService( 3467): unlockSensitiveKey fail!
05-26 21:11:53.323 D/OplusFeatureAOD( 3467): notifySfUnBlockScreenOn
05-26 21:11:53.326 I/vold    ( 1131): [sensitive file debug]fscrypt_export_sensitive_file_key start, user_id=0,sensitiveType=0,use_default=1
05-26 21:11:53.326 D/vold    ( 1131): Cannot find key for 0
05-26 21:11:53.326 I/vold    ( 1131): [sensitive file debug]lookup_sensitive_file_key,failed sensitiveType: 0,try to create!
05-26 21:11:53.326 D/FingerprintManager( 5655): Cancel fingerprint authentication requested for: 69
05-26 21:11:53.326 I/StorageManagerService( 3467): exportSensitveFileKey: success, sensitiveType:0,size=0
05-26 21:11:53.326 D/FingerprintCallback( 5655): sendAuthenticatedSucceeded finish
05-26 21:11:53.327 E/OplusCustomizeRestrictionManagerService( 3467): isBiometricDisabled start
05-26 21:11:53.327 D/FingerprintProvider/default( 3467): [cancelAuthentication] sensorId: 1 ,token: android.os.BinderProxy@3e8a1ce ,requestId: 69
05-26 21:11:53.327 E/Biometrics/FingerprintProvider/FingerprintServiceProviderExtImpl( 3467): Current client is null
05-26 21:11:53.327 D/BiometricScheduler( 3467): cancelAuthenticationOrDetection, requestId: 69
05-26 21:11:53.327 V/BiometricSchedulerOperation( 3467): started: {[130] com.android.server.biometrics.sensors.face.aidl.FaceResetLockoutClient, proto=12, owner=android, cookie=0, requestId=-1, userId=0}, State: 2
05-26 21:11:53.327 D/OplusUserManagerServiceEnhance( 3467): getMultiSystemUserId  res = -10000
05-26 21:11:53.328 D/OplusPowerManagerHelper( 3467): handleMessage:102
05-26 21:11:53.328 D/OplusPowerManagerHelper( 3467): MSG_STOP_DEAM
05-26 21:11:53.328 D/OplusPowerManagerHelper( 3467): scheduleNotifyStopDream
05-26 21:11:53.328 W/Biometrics/FingerprintProvider/FingerprintServiceProviderExtImpl( 3467): Failed to unlock: 
05-26 21:11:53.328 D/RedLoggerExtImpl( 3467): Deleted logs older than 7 days.
05-26 21:11:53.328 D/LockoutCache( 3467): Lockout for user: 0 is 0
05-26 21:11:53.330 D/PowerManagerService( 3467): userActivityNoUpdateLocked: groupId=0, eventTime=17326841, event=touch, flags=0x0, uid=1000
05-26 21:11:53.330 V/ALSProbe( 3467): Disable ALS: 249661041
05-26 21:11:53.330 D/WindowManager( 3467): Remove SleepToken: tag=keyguard, displayId=0
05-26 21:11:53.331 V/WindowManagerShell( 5655): Transition requested (#393): android.os.BinderProxy@f162ee1 TransitionRequestInfo { type = TO_BACK, triggerTask = null, pipChange = null, remoteTransition = null, displayChange = null, flags = 256, debugId = 393 }
05-26 21:11:53.331 D/ActivityTaskManager( 3467): Top Process State changed to PROCESS_STATE_TOP
05-26 21:11:53.331 D/WindowManager( 3467):  setIsSleeping from  true to false this=Display{#0 state=ON size=1440x3216 ROTATION_0}
05-26 21:11:53.332 D/RefreshRate( 3467): don't do app switch boost,mPickRefreshRateData is:com.android.server.wm.OplusRefreshRatePolicyImpl$PickRefreshRateData@d074db7 mLastPickedWin is:null
05-26 21:11:53.332 D/ActivityTaskManager( 3467): setAppVisibility(Token{62b0d41 ActivityRecord{68857626 u0 org.telegram.messenger/.DefaultIcon t13620}}, visible=true):  visible=false mVisibleRequested=false
05-26 21:11:53.332 D/WindowManager( 3467): NFW_setClientVisible:ActivityRecord{68857626 u0 org.telegram.messenger/.DefaultIcon t13620} clientVisible:true
05-26 21:11:53.332 D/ActivityTaskManager( 3467): setVisibility(Token{62b0d41 ActivityRecord{68857626 u0 org.telegram.messenger/.DefaultIcon t13620}}, visible=true) defer commitVisibility for transition collecting
05-26 21:11:53.332 D/ActivityTaskManager( 3467): NFW_setLastResumedActivityUncheckLocked:false r:ActivityRecord{68857626 u0 org.telegram.messenger/.DefaultIcon t13620} currentFocus:Window{1aa8c9b u0 NotificationShade}
05-26 21:11:53.333 D/OplusAppSwitchRuleInfo( 3467): generateActivityEnterInfo - launch_source_type = launcherWorkspace , launch_source_traceid = 
05-26 21:11:53.334 D/FlexibleTaskController( 3467): isFullToFlexibleAnimating: false
05-26 21:11:53.334 D/WindowManager( 3467): rotation(ROTATION_0) no changed  displayId = 0, lastOrientation = -1
05-26 21:11:53.334 I/TaskOrganizerController( 3467): onTaskInfoChanged taskid 13620 config { mBounds=Rect(0, 0 - 1440, 3216) mAppBounds=Rect(0, 0 - 1440, 3216) mMaxBounds=Rect(0, 0 - 1440, 3216) mDisplayRotation=ROTATION_0 mWindowingMode=fullscreen mActivityType=standard mAlwaysOnTop=undefined mRotation=ROTATION_0}
05-26 21:11:53.335 D/OplusFlexibleDragToSplitAnimController( 3467): visibleFlexibleTaskInfos delete:13620
05-26 21:11:53.335 E/FlexibleWindowManagerService( 3467): notifyTaskObserverToAttachController not need to notify!
05-26 21:11:53.335 I/FlexibleWindowManagerService( 3467): onFlexibleWindowTaskInfoChanged, return for cur task not embedded
05-26 21:11:53.336 D/OplusFeatureColorMode( 3467): ColorMode getColorMode =0
05-26 21:11:53.336 D/ColorDisplayServiceExtImpl( 3467): getWCGVersion1App, packageName=org.telegram.messenger, sSupportWCG1 = true, sSupportWCG3 = false, nRet = 0
05-26 21:11:53.337 I/UserAwareMgr( 3467): handleScreenLockedChanged, shouldSleep: false,pids: [21226]
05-26 21:11:53.337 I/UserAwareMgr( 3467): handleTopAppChanged: org.telegram.messenger, pid: 21226, uid: 10331
05-26 21:11:53.338 D/ActivityTaskManager( 3467): validateStartingWindowTheme:  Pkg=org.telegram.messenger, Translucent=false, Floating=false, ShowWallpaper=false, Disable=false, LaunchSource=2, Prev=null, LaunchedFromPackage=com.android.launcher
05-26 21:11:53.338 D/ActivityTaskManager( 3467): addStartingWindow for ActivityRecord{68857626 u0 org.telegram.messenger/.DefaultIcon t13620}, mainWin=Window{3dfeffa u0 org.telegram.messenger/org.telegram.messenger.DefaultIcon}, mVisible=false, mVisibleRequested=true, drawn=false, mDestroying=false, state=RESUMED, isKeyguardLocked=false, isKeyguardGoingAway=true
05-26 21:11:53.338 D/ActivityTaskManager( 3467): getStartingWindowType: , newTask=false, taskSwitch=true, processRunning=true, allowTaskSnapshot=true, activityCreated=true, activityAllDrawn=false, snapshot exist: true, TopActivityComponent: ComponentInfo{org.telegram.messenger/org.telegram.ui.LaunchActivity}
05-26 21:11:53.338 D/ActivityTaskManager( 3467): isSnapshotCompatible: w=1440, h=3216, taskSize=Point(1440, 3216)
05-26 21:11:53.338 D/ActivityRecordExtImpl( 3467): handleStartingWindowForCompactWindow origin type:1, adjustType : 1
05-26 21:11:53.339 D/BiometricSchedulerOperation( 3467): [Finished / destroy]: {[130] com.android.server.biometrics.sensors.face.aidl.FaceResetLockoutClient, proto=12, owner=android, cookie=0, requestId=-1, userId=0}
05-26 21:11:53.339 D/BiometricScheduler( 3467): [Finishing] {[130] com.android.server.biometrics.sensors.face.aidl.FaceResetLockoutClient, proto=12, owner=android, cookie=0, requestId=-1, userId=0}, success: true
05-26 21:11:53.339 D/BiometricScheduler( 3467): No operations, returning to idle
05-26 21:11:53.340 D/PhoneStartingWindowTypeAlgorithm( 5655): preferredStartingWindowType newTask=false, taskSwitch=true, processRunning=true, allowTaskSnapshot=true, activityCreated=true, isSolidColorSplashScreen=true, legacySplashScreen=false, activityDrawn=false, windowless=false, topIsHome=false
05-26 21:11:53.340 D/OplusShellStartingWindowManager( 5655): getReviseStartingWindowType not support, windowInfo is null
05-26 21:11:53.341 D/WindowManager( 3467): setFrameRateStart invalid typeId return!
05-26 21:11:53.344 I/keystore2( 1379): system/security/keystore2/src/authorization.rs:126 - on_device_unlocked(user_id=0, password.is_some()=false)
05-26 21:11:53.345 D/LinearmotorVibrator( 5655): vibrate: effect=WaveformEffect { 488edd5, effectType=49, effectStrength=-1, effectLoop=false, ringtoneVibrateType=-1, isRingtoneCustomized=false, ringtoneFilePath=, strengthSettingEnabled=true, asynchronous=false, usageHint=0 }
05-26 21:11:53.346 I/VibratorManagerServiceExtImpl( 3467): vibrate is uid=10205, pid=5655, opPkg=com.android.systemui, effect=Mono{mEffect=Composed{segments=[OplusVibrationEffectSegment{mEffectId=49, mEffectStrength=-1, mRingtonePath=''}], repeat=-1}}, attributes=VibrationAttributes{mUsage=UNKNOWN, mAudioUsage= USAGE_UNKNOWN, mFlags=0}, reason=null, token=194940306
05-26 21:11:53.346 I/AppSnapshotController( 3467): attachStartingWindow, win = Window{87c871d u0 SnapshotStartingWindow for taskId=13620}, shouldAppSnapshot = false
05-26 21:11:53.346 D/ActivityTaskManager( 3467): attachStartingWindow: mStartingData=SnapshotStartingData{290f363 removeAfterTransaction= 0}, mAssociatedTask=null, mStartingWindow=Window{87c871d u0 SnapshotStartingWindow for taskId=13620}
05-26 21:11:53.346 I/WindowManager( 3467): addWindow: New client android.os.BinderProxy@f9593f4 : window=Window{87c871d u0 SnapshotStartingWindow for taskId=13620}
05-26 21:11:53.347 D/LockSettingsService( 3467): [reportSuccessfulBiometricUnlock] isStrongBiometric = true, userId = 0
05-26 21:11:53.348 V/WindowManager( 3467): Relayout Window{87c871d u0 SnapshotStartingWindow for taskId=13620}: viewVisibility=0, oldvis=8, req=-1x-1 , apr = 0, vsysui=, x=0, y=0
05-26 21:11:53.348 I/WindowManager( 3467): Window{87c871d u0 SnapshotStartingWindow for taskId=13620} state from NO_SURFACE to DRAW_PENDING; reason: resetDrawState
05-26 21:11:53.348 W/SmartWindowScene( 3467): updateWindowState fail! invalid window type: -1
05-26 21:11:53.349 W/SmartWindowScene( 3467): updateWindowState fail! invalid window type: -1
05-26 21:11:53.351 D/WindowManager( 3467): NFW_findFocusedWindowIfNeeded:Window{1aa8c9b u0 NotificationShade} mCurrentFocus:Window{1aa8c9b u0 NotificationShade}
05-26 21:11:53.351 D/ActivityThread(21226): ComponentInfo{org.telegram.messenger/org.telegram.messenger.DefaultIcon} checkFinished=false 2
05-26 21:11:53.352 D/ResourcesManagerExtImpl(21226): applyConfigurationToAppResourcesLocked app.getDisplayId() return callback.displayId:0
05-26 21:11:53.352 W/ShellStartingWindow( 5655): create TaskSnapshotWindow snapshot frame:Rect(0, 0 - 1440, 3216), tmpFrames:Rect(0, 0 - 1440, 3216)
05-26 21:11:53.356 D/WindowManager( 3467): onSyncFinishedDrawing: Window{87c871d u0 SnapshotStartingWindow for taskId=13620}
05-26 21:11:53.356 I/WindowManager( 3467): finishDrawing skipLayout:false,syncSeqId=2147483647,mPrepareSyncSeqId=0 Window{87c871d u0 SnapshotStartingWindow for taskId=13620} com.android.server.wm.WindowManagerService.finishDrawingWindow:3217 com.android.server.wm.Session.finishDrawing:399 android.view.IWindowSession$Stub.onTransact:793 
05-26 21:11:53.356 I/WindowManager( 3467): Window{87c871d u0 SnapshotStartingWindow for taskId=13620} state from DRAW_PENDING to COMMIT_DRAW_PENDING; reason: finishDrawingLocked
05-26 21:11:53.357 I/WindowManager( 3467): Window{87c871d u0 SnapshotStartingWindow for taskId=13620} state from COMMIT_DRAW_PENDING to READY_TO_SHOW; reason: commitFinishDrawingLocked
05-26 21:11:53.358 D/ActivityTaskManager( 3467): onStartingWindowDrawn: app=ProcessRecord{a82d8f 21226:org.telegram.messenger/u0a331}, mStartingData=SnapshotStartingData{290f363 removeAfterTransaction= 0}, finishing=false,mLaunchedFromBubble=false, mVisibleRequested=true, mDisplayContent=Display{#0 state=ON size=1440x3216 ROTATION_0}, isZoomMode=false
05-26 21:11:53.358 D/ActivityTaskManager( 3467): commitVisibility: ActivityRecord{68857626 u0 org.telegram.messenger/.DefaultIcon t13620}: visible=true visibleRequested=true, isInTransition=true 
05-26 21:11:53.358 I/WindowManager( 3467): Window{87c871d u0 SnapshotStartingWindow for taskId=13620} state from READY_TO_SHOW to HAS_DRAWN; reason: performShowLocked
05-26 21:11:53.358 I/WindowStateExtImpl( 3467): onSurfaceShowChange show = true mPackageName = org.telegram.messenger parentPkgName = org.telegram.messenger
05-26 21:11:53.358 D/OplusBatteryManager( 3467): getPsyBatteryRm: 2394
05-26 21:11:53.358 D/BatteryStatsImplExtImpl( 3467): resumedUid:10331 resumedBatteryLevel:66  resumedPackage:org.telegram.messenger  resumedBatteryRealtimeCapacity:2394
05-26 21:11:53.358 D/CoreBackPreview( 3467):  return markWindowHasDrawn mComposed: false  mWaitTransition: false
05-26 21:11:53.358 E/OplusAppQuickStart_AppQuickStartController( 3467): not start from launcher transition:393
05-26 21:11:53.358 D/Transition( 3467): collectOrderChanges onTopTasksEnd: [Task{2978c28 #13620 type=standard A=10331:org.telegram.messenger}], reportedOnTop:null, mOnTopTasksStart: [Task{2978c28 #13620 type=standard A=10331:org.telegram.messenger}], TDA child: [Task{4b8dd04 #13612 type=standard A=10391:com.anthropic.claude}, Task{f267260 #13611 type=standard A=10378:io.adsfree.vanced}, Task{2ade3df #13608 type=standard A=10246:com.oneplus.gallery}, Task{fe183f0 #13601 type=standard A=10478:com.k.shavrin.diethelper}, Task{179836f #13600 type=standard A=10158:com.google.android.apps.maps}, Task{8137b84 #13598 type=standard A=10340:com.infoshell.recradio}, Task{b3ef33c #13588 type=standard A=10164:com.oneplus.calculator}, Task{a456a4c #2 type=undefined}, Task{c2ea5 #13587 type=standard A=10389:rs.Raiffeisen.mobile nonResizable}, Task{8ae17a0 #13589 type=standard A=10120:com.google.android.googlequicksearchbox.googleapp}, Task{f10d13a #13602 type=standard A=10312:com.monefy.app.lite}, Task{24485c5 #13606 type=standard A=10111:com.android.vending}, Task{259e913 #13607 type=standard A=10038:com.lego.legobuildinginstructions}, Task{ceb9c36 #13603 type=standard A=10149:com.oplus.camera nonResizable}, Task{6d9a6c8 #13609 type=standard A=10246:com.oppo.gallery3d.app.Gallery}, Task{d7266ac #13584 type=standard A=10160:com.google.android.youtube}, Task{22b2ca1 #13617 type=standard A=1000:.applications.InstalledAppDetailsTop}, Task{e1235e6 #13595 type=standard A=10167:com.fingersoft.hcr2 nonResizable}, Task{c2f762f #13597 type=standard A=10282:com.fatsecret.android}, Task{8ba3f74 #13594 type=standard A=10124:com.oplus.games nonResizable}, Task{91bc69b #1 type=home}, Task{2978c28 #13620 type=standard A=10331:org.telegram.messenger}]
05-26 21:11:53.359 D/ContinuousTransitionController( 3467): updateAnimTargetIfNeed, open from launcher transition has displayArea target, remove it, ChangeInfo{aa7d678 container=DefaultTaskDisplayArea@30377584 flags=0x10}
05-26 21:11:53.359 D/ContinuousTransitionController( 3467): cleanEndParentForChangeInfo, ChangeInfo{59f1151 container=Task{2978c28 #13620 type=standard A=10331:org.telegram.messenger} flags=0x10}
05-26 21:11:53.359 D/OplusFlexibleActivityTransitionManager( 3467): fixTransitType type result:4, targets: [ChangeInfo{59f1151 container=Task{2978c28 #13620 type=standard A=10331:org.telegram.messenger} flags=0x10}]
05-26 21:11:53.360 D/OplusTransitionAnimationManager( 3467): activityRecordCount0fullScreenArBeHindStartingWindow null
05-26 21:11:53.360 D/QuickBackInputPolicy( 3467): resetInputInterceptState for remoteTransition: true
05-26 21:11:53.361 D/OplusTransitionController( 3467): onTransactionReady, transition: 393, info: {id=393 t=TO_BACK f=0x100 trk=0 r=[0@Point(0, 0)] c=[{WCT{RemoteToken{a510904 Task{2978c28 #13620 type=standard A=10331:org.telegram.messenger}}} m=TO_FRONT f=NONE leash=Surface(name=Task=13620)/@0x5cb28be sb=Rect(0, 0 - 1440, 3216) eb=Rect(0, 0 - 1440, 3216) epz=Point(1440, 3216) d=0 taskParent=-1}] 
05-26 21:11:53.361 D/OplusTransitionController( 3467): extendInfo=[
05-26 21:11:53.361 D/OplusTransitionController( 3467):  OplusTransitionExtendedInfo{mTmpFinishT=null, mInOplusCompatMode=false, mIsProcessRunning=true, mHasMismatchBoundsTarget=false, mRecentsController=null, mRemoteTransition=null, mIsTranslucentActivityToHome=false, mAvoidInterceptKeyEventToHome=false, mIsFromHome=false, mParentLeash=null, mBackAnimClosingLeash=null, mIsOplusAnimRes=false, mKeepBgForContinuous=false, mIsBalAllow=false, mTaskNotInRecent=false, mIsPredictiveBackAnim=false, mIsMergedWithPredictive=false, mIsLaunchFromSpruce=false, mIsLaunchFromDrive=false, mGlobalSearchPageSwitch=false, mNeedNoAlphaGlobalSearchScene=false, mAssistScreenShowing=false, mSwipeUpBrowserScreenShowing=false, mUserIdTransition=0
05-26 21:11:53.361 D/OplusTransitionController( 3467): , mInRemoteScene=false, mInPreReady=false, mPreStart=false, mToken=null, mAbortByRemoteFromHome=false, mShellApplyToken=null, mRequestTransitionTaskId=-1, mAbortTransitionOnShell=0, mStartFromShortcut=false, mRemovedTaskId=-1, mTransitionInterruptType=0, mMergeSecondTaskId=-1, mTaskIdStartFromRecents=0, mTransitionId=393, mCanUseSpringSlideAnim=false, mTransitionLaunchFrom=0, mFoldChangeType=-1, mAnimStartingPosition=[0, 0, 0, 0], mIsOpeningStkDialogActivity=false, mSecondaryHomeToFrontWhenUnFolding=false, mIsNeedApplyStartTForEmbedded=false
05-26 21:11:53.361 D/OplusTransitionController( 3467): , mNeedCanvasExitAnim=false, mMergeSecondTaskAnimation=false, mIsLaunchUnityStart=false, mIsLaunchFromAssistantByDefault=false, mSkipRemoteTransitionfalse, mIsStartFromKeyguard=false flags=0x0, mWCT=null, mIsOpenMergeToInValidPredictive=false, mPromoteTaskWhenKeyguard-1, mRootLayerZOrderArray={}}]}, targets : [ChangeInfo{59f1151 container=Task{2978c28 #13620 type=standard A=10331:org.telegram.messenger} flags=0x10}], participants: {ActivityRecord{68857626 u0 org.telegram.messenger/.DefaultIcon t13620}}
05-26 21:11:53.362 V/WindowManagerShell( 5655): onTransitionReady(transaction=14890651657613)
05-26 21:11:53.362 V/WindowManagerShell( 5655): onTransitionReady (#393) android.os.BinderProxy@f162ee1: {id=393 t=TO_BACK f=0x100 trk=0 r=[0@Point(0, 0)] c=[
