05-26 21:11:53.362 V/WindowManagerShell( 5655):         {m=TO_FRONT f=NONE leash=Surface(name=Task=13620)/@0xe8f1724 sb=Rect(0, 0 - 1440, 3216) eb=Rect(0, 0 - 1440, 3216) epz=Point(1440, 3216) d=0 taskParent=-1}
05-26 21:11:53.362 V/WindowManagerShell( 5655):     ] 
05-26 21:11:53.362 V/WindowManagerShell( 5655): extendInfo=[
05-26 21:11:53.362 V/WindowManagerShell( 5655):  OplusTransitionExtendedInfo{mTmpFinishT=null, mInOplusCompatMode=false, mIsProcessRunning=true, mHasMismatchBoundsTarget=false, mRecentsController=null, mRemoteTransition=null, mIsTranslucentActivityToHome=false, mAvoidInterceptKeyEventToHome=false, mIsFromHome=false, mParentLeash=null, mBackAnimClosingLeash=null, mIsOplusAnimRes=false, mKeepBgForContinuous=false, mIsBalAllow=false, mTaskNotInRecent=false, mIsPredictiveBackAnim=false, mIsMergedWithPredictive=false, mIsLaunchFromSpruce=false, mIsLaunchFromDrive=false, mGlobalSearchPageSwitch=false, mNeedNoAlphaGlobalSearchScene=false, mAssistScreenShowing=false, mSwipeUpBrowserScreenShowing=false, mUserIdTransition=0
05-26 21:11:53.362 V/WindowManagerShell( 5655): , mInRemoteScene=false, mInPreReady=false, mPreStart=false, mToken=null, mAbortByRemoteFromHome=false, mShellApplyToken=null, mRequestTransitionTaskId=-1, mAbortTransitionOnShell=0, mStartFromShortcut=false, mRemovedTaskId=-1, mTransitionInterruptType=0, mMergeSecondTaskId=-1, mTaskIdStartFromRecents=0, mTransitionId=393, mCanUseSpringSlideAnim=false, mTransitionLaunchFrom=0, mFoldChangeType=-1, mAnimStartingPosition=[0, 0, 0, 0], mIsOpeningStkDialogActivity=false, mSecondaryHomeToFrontWhenUnFolding=false, mIsNeedApplyStartTForEmbedded=false
05-26 21:11:53.362 V/WindowManagerShell( 5655): , mNeedCanvasExitAnim=false, mMergeSecondTaskAnimation=false, mIsLaunchUnityStart=false, mIsLaunchFromAssistantByDefault=false, mSkipRemoteTransitionfalse, mIsStartFromKeyguard=false flags=0x0, mWCT=null, mIsOpenMergeToInValidPredictive=false, mPromoteTaskWhenKeyguard-1, mRootLayerZOrderArray={}}]}
05-26 21:11:53.364 V/WindowManagerShell( 5655): Playing animation for (#393) android.os.BinderProxy@f162ee1@0
05-26 21:11:53.364 V/WindowManager( 3467): Relayout Window{3dfeffa u0 org.telegram.messenger/org.telegram.messenger.DefaultIcon}: viewVisibility=0, oldvis=8, req=1440x3216 , apr = 0, vsysui=LAYOUT_STABLE LAYOUT_HIDE_NAVIGATION LAYOUT_FULLSCREEN
05-26 21:11:53.364 V/WindowManager( 3467): Sent Transition (#393) createdAt=05-26 21:11:53.330 via request=TransitionRequestInfo { type = TO_BACK, triggerTask = null, pipChange = null, remoteTransition = null, displayChange = null, flags = 256, debugId = 393 }
05-26 21:11:53.364 V/WindowManager( 3467):     startWCT=WindowContainerTransaction { changes= {} hops= [] errorCallbackToken=null taskFragmentOrganizer=null }
05-26 21:11:53.364 V/WindowManager( 3467):     info={id=393 t=TO_BACK f=0x100 trk=0 r=[0@Point(0, 0)] c=[
05-26 21:11:53.364 V/WindowManager( 3467):         {WCT{RemoteToken{a510904 Task{2978c28 #13620 type=standard A=10331:org.telegram.messenger}}} m=TO_FRONT f=NONE leash=Surface(name=Task=13620)/@0x5cb28be sb=Rect(0, 0 - 1440, 3216) eb=Rect(0, 0 - 1440, 3216) epz=Point(1440, 3216) d=0 taskParent=-1}
05-26 21:11:53.364 V/WindowManager( 3467):     ] 
05-26 21:11:53.364 V/WindowManager( 3467): extendInfo=[
05-26 21:11:53.364 V/WindowManager( 3467):  OplusTransitionExtendedInfo{mTmpFinishT=null, mInOplusCompatMode=false, mIsProcessRunning=true, mHasMismatchBoundsTarget=false, mRecentsController=null, mRemoteTransition=null, mIsTranslucentActivityToHome=false, mAvoidInterceptKeyEventToHome=false, mIsFromHome=false, mParentLeash=null, mBackAnimClosingLeash=null, mIsOplusAnimRes=false, mKeepBgForContinuous=false, mIsBalAllow=false, mTaskNotInRecent=false, mIsPredictiveBackAnim=false, mIsMergedWithPredictive=false, mIsLaunchFromSpruce=false, mIsLaunchFromDrive=false, mGlobalSearchPageSwitch=false, mNeedNoAlphaGlobalSearchScene=false, mAssistScreenShowing=false, mSwipeUpBrowserScreenShowing=false, mUserIdTransition=0
05-26 21:11:53.364 V/WindowManager( 3467): , mInRemoteScene=false, mInPreReady=false, mPreStart=false, mToken=null, mAbortByRemoteFromHome=false, mShellApplyToken=null, mRequestTransitionTaskId=-1, mAbortTransitionOnShell=0, mStartFromShortcut=false, mRemovedTaskId=-1, mTransitionInterruptType=0, mMergeSecondTaskId=-1, mTaskIdStartFromRecents=0, mTransitionId=393, mCanUseSpringSlideAnim=false, mTransitionLaunchFrom=0, mFoldChangeType=-1, mAnimStartingPosition=[0, 0, 0, 0], mIsOpeningStkDialogActivity=false, mSecondaryHomeToFrontWhenUnFolding=false, mIsNeedApplyStartTForEmbedded=false
05-26 21:11:53.364 V/WindowManager( 3467): , mNeedCanvasExitAnim=false, mMergeSecondTaskAnimation=false, mIsLaunchUnityStart=false, mIsLaunchFromAssistantByDefault=false, mSkipRemoteTransitionfalse, mIsStartFromKeyguard=false flags=0x0, mWCT=null, mIsOpenMergeToInValidPredictive=false, mPromoteTaskWhenKeyguard-1, mRootLayerZOrderArray={}}]}
05-26 21:11:53.364 I/WindowManager( 3467): Window{3dfeffa u0 org.telegram.messenger/org.telegram.messenger.DefaultIcon} state from NO_SURFACE to DRAW_PENDING; reason: resetDrawState
05-26 21:11:53.364 V/WindowManagerShell( 5655): start keyguard going-away transition, info = {id=393 t=TO_BACK f=0x100 trk=0 r=[0@Point(0, 0)] c=[{m=TO_FRONT f=NONE leash=Surface(name=Task=13620)/@0xe8f1724 sb=Rect(0, 0 - 1440, 3216) eb=Rect(0, 0 - 1440, 3216) epz=Point(1440, 3216) d=0 taskParent=-1}] 
05-26 21:11:53.364 V/WindowManagerShell( 5655): extendInfo=[
05-26 21:11:53.364 V/WindowManagerShell( 5655):  OplusTransitionExtendedInfo{mTmpFinishT=null, mInOplusCompatMode=false, mIsProcessRunning=true, mHasMismatchBoundsTarget=false, mRecentsController=null, mRemoteTransition=null, mIsTranslucentActivityToHome=false, mAvoidInterceptKeyEventToHome=false, mIsFromHome=false, mParentLeash=null, mBackAnimClosingLeash=null, mIsOplusAnimRes=false, mKeepBgForContinuous=false, mIsBalAllow=false, mTaskNotInRecent=false, mIsPredictiveBackAnim=false, mIsMergedWithPredictive=false, mIsLaunchFromSpruce=false, mIsLaunchFromDrive=false, mGlobalSearchPageSwitch=false, mNeedNoAlphaGlobalSearchScene=false, mAssistScreenShowing=false, mSwipeUpBrowserScreenShowing=false, mUserIdTransition=0
05-26 21:11:53.364 V/WindowManagerShell( 5655): , mInRemoteScene=false, mInPreReady=false, mPreStart=false, mToken=null, mAbortByRemoteFromHome=false, mShellApplyToken=null, mRequestTransitionTaskId=-1, mAbortTransitionOnShell=0, mStartFromShortcut=false, mRemovedTaskId=-1, mTransitionInterruptType=0, mMergeSecondTaskId=-1, mTaskIdStartFromRecents=0, mTransitionId=393, mCanUseSpringSlideAnim=false, mTransitionLaunchFrom=0, mFoldChangeType=-1, mAnimStartingPosition=[0, 0, 0, 0], mIsOpeningStkDialogActivity=false, mSecondaryHomeToFrontWhenUnFolding=false, mIsNeedApplyStartTForEmbedded=false
05-26 21:11:53.364 V/WindowManagerShell( 5655): , mNeedCanvasExitAnim=false, mMergeSecondTaskAnimation=false, mIsLaunchUnityStart=false, mIsLaunchFromAssistantByDefault=false, mSkipRemoteTransitionfalse, mIsStartFromKeyguard=false flags=0x0, mWCT=null, mIsOpenMergeToInValidPredictive=false, mPromoteTaskWhenKeyguard-1, mRootLayerZOrderArray={}}]}
05-26 21:11:53.364 D/KeyguardService( 5655): Starts IRemoteAnimationRunner: info={id=393 t=TO_BACK f=0x100 trk=0 r=[0@Point(0, 0)] c=[{m=TO_FRONT f=NONE leash=Surface(name=Task=13620)/@0xe8f1724 sb=Rect(0, 0 - 1440, 3216) eb=Rect(0, 0 - 1440, 3216) epz=Point(1440, 3216) d=0 taskParent=-1}] 
05-26 21:11:53.364 D/KeyguardService( 5655): extendInfo=[
05-26 21:11:53.364 D/KeyguardService( 5655):  OplusTransitionExtendedInfo{mTmpFinishT=null, mInOplusCompatMode=false, mIsProcessRunning=true, mHasMismatchBoundsTarget=false, mRecentsController=null, mRemoteTransition=null, mIsTranslucentActivityToHome=false, mAvoidInterceptKeyEventToHome=false, mIsFromHome=false, mParentLeash=null, mBackAnimClosingLeash=null, mIsOplusAnimRes=false, mKeepBgForContinuous=false, mIsBalAllow=false, mTaskNotInRecent=false, mIsPredictiveBackAnim=false, mIsMergedWithPredictive=false, mIsLaunchFromSpruce=false, mIsLaunchFromDrive=false, mGlobalSearchPageSwitch=false, mNeedNoAlphaGlobalSearchScene=false, mAssistScreenShowing=false, mSwipeUpBrowserScreenShowing=false, mUserIdTransition=0
05-26 21:11:53.364 D/KeyguardService( 5655): , mInRemoteScene=false, mInPreReady=false, mPreStart=false, mToken=null, mAbortByRemoteFromHome=false, mShellApplyToken=null, mRequestTransitionTaskId=-1, mAbortTransitionOnShell=0, mStartFromShortcut=false, mRemovedTaskId=-1, mTransitionInterruptType=0, mMergeSecondTaskId=-1, mTaskIdStartFromRecents=0, mTransitionId=393, mCanUseSpringSlideAnim=false, mTransitionLaunchFrom=0, mFoldChangeType=-1, mAnimStartingPosition=[0, 0, 0, 0], mIsOpeningStkDialogActivity=false, mSecondaryHomeToFrontWhenUnFolding=false, mIsNeedApplyStartTForEmbedded=false
05-26 21:11:53.364 D/KeyguardService( 5655): , mNeedCanvasExitAnim=false, mMergeSecondTaskAnimation=false, mIsLaunchUnityStart=false, mIsLaunchFromAssistantByDefault=false, mSkipRemoteTransitionfalse, mIsStartFromKeyguard=false flags=0x0, mWCT=null, mIsOpenMergeToInValidPredictive=false, mPromoteTaskWhenKeyguard-1, mRootLayerZOrderArray={}}]}
05-26 21:11:53.367 I/TaskOrganizerController( 3467): onTaskInfoChanged taskid 13620 config { mBounds=Rect(0, 0 - 1440, 3216) mAppBounds=Rect(0, 0 - 1440, 3216) mMaxBounds=Rect(0, 0 - 1440, 3216) mDisplayRotation=ROTATION_0 mWindowingMode=fullscreen mActivityType=standard mAlwaysOnTop=undefined mRotation=ROTATION_0}
05-26 21:11:53.367 D/OplusFlexibleDragToSplitAnimController( 3467): visibleFlexibleTaskInfos delete:13620
05-26 21:11:53.367 E/FlexibleWindowManagerService( 3467): notifyTaskObserverToAttachController not need to notify!
05-26 21:11:53.367 I/FlexibleWindowManagerService( 3467): onFlexibleWindowTaskInfoChanged, return for cur task not embedded
05-26 21:11:53.368 V/WindowManagerShell( 5655):  animated by com.android.wm.shell.keyguard.KeyguardTransitionHandler@c44c65
05-26 21:11:53.369 D/WindowManager( 3467): NFW_findFocusedWindowIfNeeded:Window{1aa8c9b u0 NotificationShade} mCurrentFocus:Window{1aa8c9b u0 NotificationShade}
05-26 21:11:53.369 D/PowerManagerService( 3467): userActivityNoUpdateLocked: groupId=0, eventTime=17326858, event=other, flags=0x0, uid=10205
05-26 21:11:53.372 D/VRI[DefaultIcon](21226): relayoutWindow result, sizeChanged:false, surfaceControlChanged:true, transformHintChanged:false, mSurfaceSize:Point(1440, 3216), mLastSurfaceSize:Point(1440, 3216), mWidth:1440, mHeight:3216, requestedWidth:1440, requestedHeight:3216, transformHint:0, installOrientation:0, displayRotation:0, isSurfaceValid:true, attr.flag:-2122252032, tmpFrames:ClientWindowFrames{frame=[0,0][1440,3216] display=[0,0][1440,3216] parentFrame=[0,0][0,0]}, relayoutAsync:false, mSyncSeqId:0
05-26 21:11:53.372 W/VRI[DefaultIcon](21226): updateBlastSurfaceIfNeeded, surfaceSize:Point(1440, 3216), lastSurfaceSize:Point(1440, 3216), format:-3, blastBufferQueue:null
05-26 21:11:53.374 W/VibrationScaler( 3467): Got unexpected vibration intensity: 2000
05-26 21:11:53.374 D/VibrationThread( 3467): Perform OplusPrebakedSegment{mWaveformId=4, mDuration=80, mEffectStrength=2000, mDefaultUsage=TOUCH} on vibrator 0
05-26 21:11:53.376 D/FlexibleTaskController( 3467): check task which not have enough child, isInSingleWhiteList:false isCloneTask:false
05-26 21:11:53.378 I/BLASTSyncEngine( 3467): onCommitted syncId: 393, timeout: false ran: false
05-26 21:11:53.387 D/OplusWallpaperAnimationManager( 3467): cancelSurfaceAnimation reason: move_animation, isAnimating: false, by window: Window{1aa8c9b u0 NotificationShade}
05-26 21:11:53.387 D/OplusWallpaperAnimationManager( 3467): setWallpaperScale, onAnimationStopped
05-26 21:11:53.387 D/OplusWallpaperAnimationManager( 3467): setWallpaperScale scale no change, return
05-26 21:11:53.387 I/UserAwareMgr( 3467): event is already released: SceneEvent{id=3104, maxWorkDurationMs=1000, caller='[systemui]', eventFlags=0, fbPriority=1, keyThreads=[KeyThread{name=RenderThread, owner=systemui, schedPolicy=ux, priority=HEAVY, maxThreadCount=1}], vipBinderGroup=null}, callingPid: 5655, appPid: 0
05-26 21:11:53.387 W/UserAwareMgr( 3467): event can not be released, id: 3102, count: 2, releasePid: 5655
05-26 21:11:53.398 D/BackgroundInstallControlService( 3467): Package event received: 0
05-26 21:11:53.400 D/PowerManagerService( 3467): userActivityNoUpdateLocked: groupId=0, eventTime=17326912, event=other, flags=0x0, uid=10205
05-26 21:11:53.410 W/VRI[StatusBar]( 5655): handleResized abandoned!
05-26 21:11:53.410 W/VRI[NotificationShade]( 5655): handleResized abandoned!
05-26 21:11:53.410 W/VRI[NavigationBar_displayId_0]( 5655): handleResized abandoned!
05-26 21:11:53.410 W/VRI[OnScreenFingerprintDimLayer]( 5655): handleResized abandoned!
05-26 21:11:53.410 W/VRI[OnScreenFingerprintIcon]( 5655): handleResized abandoned!
05-26 21:11:53.410 W/VRI[OnScreenFingerprintPressedIcon]( 5655): handleResized abandoned!
05-26 21:11:53.411 I/WindowManager( 3467): Window{3dfeffa u0 org.telegram.messenger/org.telegram.messenger.DefaultIcon} state from DRAW_PENDING to COMMIT_DRAW_PENDING; reason: finishDrawingLocked
05-26 21:11:53.412 D/PowerManagerService( 3467): userActivityNoUpdateLocked: groupId=0, eventTime=17326915, event=touch, flags=0x0, uid=1000
05-26 21:11:53.412 D/VibratorController( 3467): perform cost 37 ms
05-26 21:11:53.412 D/PowerManagerService( 3467): userActivityNoUpdateLocked: groupId=0, eventTime=17326915, event=touch, flags=0x0, uid=1000
05-26 21:11:53.413 I/WindowManager( 3467): Window{3dfeffa u0 org.telegram.messenger/org.telegram.messenger.DefaultIcon} state from COMMIT_DRAW_PENDING to READY_TO_SHOW; reason: commitFinishDrawingLocked
05-26 21:11:53.413 D/CoreBackPreview( 3467):  return markWindowHasDrawn mComposed: false  mWaitTransition: false
05-26 21:11:53.413 D/ActivityTaskManager( 3467): Finish StartingWindow: ActivityRecord{68857626 u0 org.telegram.messenger/.DefaultIcon t13620}first real window is shown
05-26 21:11:53.413 D/ActivityTaskManager( 3467): removeStartingWindowAnimation starting ActivityRecord{68857626 u0 org.telegram.messenger/.DefaultIcon t13620} startingWindow=null ,startingView=com.android.server.wm.StartingSurfaceController$StartingSurface@f03df43,Callers=com.android.server.wm.ActivityRecord.removeStartingWindow:3386 com.android.server.wm.ActivityRecord.onFirstWindowDrawn:8055 com.android.server.wm.WindowState.performShowLocked:4933 com.android.server.wm.WindowStateAnimator.commitFinishDrawingLocked:403 com.android.server.wm.DisplayContent.lambda$new$8:1154 
05-26 21:11:53.413 D/OplusStartingWindowManager( 3467): interceptRemoveStartingWindow: packageName=org.telegram.messenger,  componentName=org.telegram.messenger/.DefaultIcon, isSnapshot=true, startingSurfaceRunnable=null, isDrawCompleted=true, hasSurfaceView=false, inTransition=true
05-26 21:11:53.413 D/OplusSplitScreenManagerService( 3467): notifyRemoveStartingWindow mOplusSpiltScreenDnDUI is null, just return!
05-26 21:11:53.413 D/OplusStartingWindowManager( 3467): interceptRemoveStartingWindow: hasSplashWindowFlag() return false for activity=ActivityRecord{68857626 u0 org.telegram.messenger/.DefaultIcon t13620}
05-26 21:11:53.413 D/QuickBackInputPolicy( 3467): setAppLaunchEndTime update timePair=Pair{ActivityRecord{68857626 u0 org.telegram.messenger/.DefaultIcon t13620} 17326925}
05-26 21:11:53.414 I/WindowManager( 3467): Window{3dfeffa u0 org.telegram.messenger/org.telegram.messenger.DefaultIcon} state from READY_TO_SHOW to HAS_DRAWN; reason: performShowLocked
05-26 21:11:53.416 D/CoreBackPreview( 3467):  return markWindowHasDrawn mComposed: false  mWaitTransition: false
05-26 21:11:53.417 W/VRI[DefaultIcon](21226): handleResized, msg:, frameChanged:false, configChanged:false, displayChanged:false, attachedFrameChanged:false, compatScaleChanged:false, pendingDragResizing=false
05-26 21:11:53.417 W/VRI[ScreenDecorOverlay]( 5655): handleResized abandoned!
05-26 21:11:53.417 W/VRI[ScreenDecorOverlayBottom]( 5655): handleResized abandoned!
05-26 21:11:53.421 D/VRR [OPlusSAManager]( 3467): updateAutoMinfps for 4630946342906530435 with nits: 0.0, mHistOK true, mAmbientOK true, mCctOK true, mIrOK true, mBrightnessOK true, isPkgOK true, SA min fps: 0
05-26 21:11:53.471 W/QosScheduler( 3467): executeSceneQosStrategy failed! qos feature no enable
05-26 21:11:53.471 E/AppOps  ( 3467): attributionTag  not declared in manifest of com.android.systemui
05-26 21:11:53.472 E/AppOps  ( 3467): attributionTag  not declared in manifest of com.android.systemui
05-26 21:11:53.479 D/osense.compress( 3467): com.google.android.youtube do shrink, target ratio = 45, final ratio = 90, cur ratio = 0
05-26 21:11:53.494 V/WindowManager( 3467): Relayout Window{f7b6039 u0 OnScreenFingerprintDimLayer}: viewVisibility=8, oldvis=0, req=1440x3216 , apr = 0, vsysui=LAYOUT_STABLE LAYOUT_HIDE_NAVIGATION
05-26 21:11:53.498 I/WindowManager( 3467): Window{f7b6039 u0 OnScreenFingerprintDimLayer} state from HAS_DRAWN to NO_SURFACE; reason: destroySurface
05-26 21:11:53.501 D/WindowManager( 3467): NFW_findFocusedWindowIfNeeded:Window{1aa8c9b u0 NotificationShade} mCurrentFocus:Window{1aa8c9b u0 NotificationShade}
05-26 21:11:53.507 D/OAppNetControlService( 3467): Hans update:[10038=false][0|0] blackList:[10478, 10290, 10334, 10389, 10312, 10297, 10282, 10391, 10158, 10150, 10260, 10240, 10367, 10160]
05-26 21:11:53.515 D/WindowManager( 3467): setFrameRateStart invalid typeId return!
05-26 21:11:53.515 D/WindowManager( 3467): NFW_findFocusedWindowIfNeeded:Window{1aa8c9b u0 NotificationShade} mCurrentFocus:Window{1aa8c9b u0 NotificationShade}
05-26 21:11:53.521 D/SurfaceAnimationRunner( 3467): onAnimationStart:Surface(name=Surface(name=87c871d SnapshotStartingWindow for taskId=13620)/@0x19a3b23 - animation-leash of window_animation)/@0xcc20820
05-26 21:11:53.521 D/VRR [OPlusExternalRefreshRateManager]( 3467): setStatus with: 0
05-26 21:11:53.522 D/RefreshRate( 3467): keepHighRefreshRate status=0: votes=PRIORITY_WINDOW_REQUEST -> Vote{mRefreshRate=120.0, mMinRefreshRate=120.0, mRequestSource=null};
05-26 21:11:53.523 D/osense.compress( 3467): com.infoshell.recradio do shrink, target ratio = 45, final ratio = 90, cur ratio = 0
05-26 21:11:53.528 D/OAppNetControlService( 3467): Hans update:[10150=false][0|0] blackList:[10478, 10290, 10334, 10389, 10312, 10297, 10282, 10391, 10158, 10260, 10240, 10367, 10160]
05-26 21:11:53.531 D/OAppNetControlService( 3467): Hans update:[10160=false][0|0] blackList:[10478, 10290, 10334, 10389, 10312, 10297, 10282, 10391, 10158, 10260, 10240, 10367]
05-26 21:11:53.531 D/OAppNetControlService( 3467): Hans update:[10391=false][0|0] blackList:[10478, 10290, 10334, 10389, 10312, 10297, 10282, 10158, 10260, 10240, 10367]
05-26 21:11:53.537 D/OplusBrightnessPhoneStateManager( 3467): LuxEvent{event:MAIN_LUX lux:0.0} -> LuxEvent{event:MAIN_LUX lux:0.0}
05-26 21:11:53.560 W/OplusBrightnessAmbientAdapter[LuxQueueProcess]( 3467): screen on past time is too short, not to get trend list! checkTime = 1200
05-26 21:11:53.640 E/OCvtSystemService( 3467): Cannot get map: android.system.ErrnoException: nativeBpfFdGet failed: ENOENT (No such file or directory)
05-26 21:11:53.648 E/AppOps  ( 3467): attributionTag  not declared in manifest of com.android.systemui
05-26 21:11:53.650 E/AppOps  ( 3467): attributionTag  not declared in manifest of com.android.systemui
05-26 21:11:53.658 D/CommonDcsUploader( 3467): notifyMsgToCommonDcs, logTag: 20120fingerprint_auth_dcsmsg
05-26 21:11:53.671 D/SurfaceAnimationRunner( 3467): onAnimationEnd:Surface(name=Surface(name=87c871d SnapshotStartingWindow for taskId=13620)/@0x19a3b23 - animation-leash of window_animation)/@0xcc20820
05-26 21:11:53.671 I/WindowStateExtImpl( 3467): onSurfaceShowChange show = false mPackageName = org.telegram.messenger parentPkgName = org.telegram.messenger
05-26 21:11:53.672 I/WindowManager( 3467): Window{87c871d u0 SnapshotStartingWindow for taskId=13620 EXITING} state from HAS_DRAWN to NO_SURFACE; reason: destroySurface
05-26 21:11:53.672 W/SmartWindowScene( 3467): updateWindowState fail! invalid window type: -1
05-26 21:11:53.675 W/UserAwareMgr( 3467): event can not be released, id: 5005, count: 2, releasePid: 3467
05-26 21:11:53.701 D/OplusBrightnessPhoneStateManager( 3467): LuxEvent{event:MAIN_LUX lux:0.0} -> LuxEvent{event:MAIN_LUX lux:0.0}
05-26 21:11:53.701 W/OplusBrightnessAmbientAdapter[LuxQueueProcess]( 3467): screen on past time is too short, not to get trend list! checkTime = 1200
05-26 21:11:53.710 V/WindowManager( 3467): Relayout Window{a488b2e u0 OnScreenFingerprintIcon}: viewVisibility=8, oldvis=0, req=1440x1440 , apr = 0, vsysui=
05-26 21:11:53.711 I/WindowManager( 3467): Window{a488b2e u0 OnScreenFingerprintIcon} state from HAS_DRAWN to NO_SURFACE; reason: destroySurface
05-26 21:11:53.713 D/WindowManager( 3467): NFW_findFocusedWindowIfNeeded:Window{1aa8c9b u0 NotificationShade} mCurrentFocus:Window{1aa8c9b u0 NotificationShade}
05-26 21:11:53.717 V/WindowManager( 3467): Relayout Window{5d20892 u0 OnScreenFingerprintPressedIcon}: viewVisibility=8, oldvis=0, req=228x228 , apr = 0, vsysui=
05-26 21:11:53.718 I/WindowManager( 3467): Window{5d20892 u0 OnScreenFingerprintPressedIcon} state from HAS_DRAWN to NO_SURFACE; reason: destroySurface
05-26 21:11:53.720 D/VRR [OPlusRefreshRatePolicy]( 3467): setRefreshRatePolicy policy=POLICY_FOD, refreshRate=120, statusOn=false
05-26 21:11:53.720 D/VRR [OPlusRefreshRatePolicy]( 3467): setRefreshRatePolicy policy=POLICY_SYSTEM, refreshRate=120, statusOn=true
05-26 21:11:53.721 D/WindowManager( 3467): NFW_findFocusedWindowIfNeeded:Window{1aa8c9b u0 NotificationShade} mCurrentFocus:Window{1aa8c9b u0 NotificationShade}
05-26 21:11:53.721 D/DisplayManagerServiceExtImpl( 3467): scheduleTraversalLocked intraversal=false
05-26 21:11:53.721 D/DisplayManagerService( 3467): MSG_REQUEST_TRAVERSAL pendingCompleted=false
05-26 21:11:53.724 D/DisplayManagerService( 3467): performTraversalInternal pendingTraversal
05-26 21:11:53.724 D/DisplayDevice( 3467): setLayerStackLocked id=local:4630946342906530435 token=android.os.BinderProxy@8a478be stack=0->0
05-26 21:11:53.725 D/VRR [OPlusRefreshRateService]( 3467): handlePolicyChange policy: 1
05-26 21:11:53.725 D/LocalDisplayAdapter( 3467): setDesiredDisplayModeSpecsAsync: display unique id = local:4630946342906530435, display mode specs = defaultMode=7 allowGroupSwitching=false primaryRanges=physical: (0.0 120.00001) render:  (0.0 120.00001) appRequestRanges=physical: (0.0 120.00001) render:  (0.0 120.00001) idleScreenRefreshRate=null
05-26 21:11:53.726 D/VRR [OPlusExternalRefreshRateManager]( 3467):  [OTI] handleTouchIdlePauseState: Force
05-26 21:11:53.740 W/QosScheduler( 3467): executeSceneQosStrategy failed! qos feature no enable
05-26 21:11:53.761 I/StatusBarManagerService( 3467): disableLocked, what:0, pkg:com.android.systemui userId: 0 token:android.os.BinderProxy@333e0d5 net1:0 net2:0
05-26 21:11:53.761 D/ActivityTaskManager( 3467): setLockScreenShownLocked from true to false
05-26 21:11:53.762 D/DeviceStateProviderImpl( 3467): keyguard show or sleep: false mLastReportedState 0
05-26 21:11:53.763 D/OplusVisibleTasks( 3467):  notifyTasksNumChange no need to notify.
05-26 21:11:53.763 V/FlexibleTaskController( 3467): notifyKeyguardStateChanged keyguardShowing = false ; displayId = 0
05-26 21:11:53.763 D/WindowManager( 3467): NFW_findFocusedWindowIfNeeded:Window{1aa8c9b u0 NotificationShade} mCurrentFocus:Window{1aa8c9b u0 NotificationShade}
05-26 21:11:53.764 I/OIM_OplusInputGestureMonitorUtils( 3467): [onKeyguardLockedStateChanged]isKeyguardLocked= false
05-26 21:11:53.768 D/OplusCustomizeRestrictionManagerService( 3467): isSuperPowerSavingModeDisabled Pid: 6284, Uid: 1000
05-26 21:11:53.768 D/OplusCustomizeRestrictionManagerService( 3467): isSuperPowerSavingModeDisabled Pid: 6284, Uid: 1000
05-26 21:11:53.770 D/LockSettingsService( 3467): [userPresent]  userId = 0
05-26 21:11:53.771 D/LockSettingsService( 3467): handleRequireStrongAuthOneUser oldValue: 0 newValue: 0 strongAuthReason: 0 userId: 0
05-26 21:11:53.789 D/OplusFeatureColorMode( 3467): +updateUserPresent
05-26 21:11:53.789 D/OplusDisplayBrightnessBroadcastReceiver( 3467): onReceive action = android.intent.action.USER_PRESENT , listeners = [com.android.server.display.color.OplusFeatureColorMode$UserSwitchedReceiver@dfa9b90]
05-26 21:11:53.793 D/FlexibleTaskController( 3467): check task which not have enough child, isInSingleWhiteList:false isCloneTask:false
05-26 21:11:53.793 V/UsbDeviceManager( 3467): onKeyguardStateChanged: isShowing:false secure:true user:0
05-26 21:11:53.802 D/KeyguardService( 5655): Finish IRemoteAnimationRunner.
05-26 21:11:53.802 D/OplusAccessControlManagerService( 3467): onKeyguardStateChanged : false
05-26 21:11:53.803 V/WindowManagerShell( 5655): Transition animation finished (aborted=false), notifying core (#393) android.os.BinderProxy@f162ee1@0
05-26 21:11:53.803 I/GameManagerServiceExt-GameManagerTopState( 3467): check top result: RunningState{zoomPkg='', topPkg='org.telegram.messenger', pid= 21226, isColdStart=false, isSplit=false, isTVListen=false, mTaskId=13620}
05-26 21:11:53.803 D/SplitScreen-->AppLockManager( 5655): setStartFromSafeControl mStartFromSafeControl=false
05-26 21:11:53.803 D/OplusFloorRefreshRateController( 3467): onSeedlingCardStateChange state=1
05-26 21:11:53.805 D/Transition( 3467): finishTransaction-onCommitted syncId=393
05-26 21:11:53.806 D/OplusSmartDozeHelper( 3467): smartdozehelper isSupportSmartDoze: true
05-26 21:11:53.806 D/DeviceIdleHelper( 3467): setSmartDozeMode: enable = false
05-26 21:11:53.806 D/Transition( 3467): finishTransition ar ActivityRecord{68857626 u0 org.telegram.messenger/.DefaultIcon t13620}, isVisibleRequested=true, state=RESUMED, visibleAtTransitionEndTokens={ActivityRecord{68857626 u0 org.telegram.messenger/.DefaultIcon t13620}}, this=TransitionRecord{fda1fb0 id=393 track=0 type=TO_BACK flags=0x100 state=2 c=[
05-26 21:11:53.806 D/Transition( 3467):    ChangeInfo{aa7d678 container=DefaultTaskDisplayArea@30377584 flags=0x10}
05-26 21:11:53.806 D/Transition( 3467):    ChangeInfo{59f1151 container=Task{2978c28 #13620 type=standard A=10331:org.telegram.messenger} flags=0x10}
05-26 21:11:53.806 D/Transition( 3467):    ChangeInfo{7a74e29 container=ActivityRecord{68857626 u0 org.telegram.messenger/.DefaultIcon t13620} flags=0x0}
05-26 21:11:53.806 D/Transition( 3467):    ChangeInfo{8c2f5ae container=Display{#0 state=ON size=1440x3216 ROTATION_0} flags=0x0}
05-26 21:11:53.806 D/Transition( 3467): ]
05-26 21:11:53.806 D/Transition( 3467): }
05-26 21:11:53.807 I/OplusAppSwitchManagerService( 3467):  handleAppVisible , r = ActivityRecord{68857626 u0 org.telegram.messenger/.DefaultIcon t13620}
05-26 21:11:53.807 D/OplusSmartDozeHelper( 3467): exitSmartDoze: 
05-26 21:11:53.807 D/OplusTransitionController( 3467): finishTransition, transition: TransitionRecord{fda1fb0 id=393 track=0 type=TO_BACK flags=0x100 state=4 c=[
05-26 21:11:53.807 D/OplusTransitionController( 3467):    ChangeInfo{aa7d678 container=DefaultTaskDisplayArea@30377584 flags=0x10}
05-26 21:11:53.807 D/OplusTransitionController( 3467):    ChangeInfo{59f1151 container=Task{2978c28 #13620 type=standard A=10331:org.telegram.messenger} flags=0x10}
05-26 21:11:53.807 D/OplusTransitionController( 3467):    ChangeInfo{7a74e29 container=ActivityRecord{68857626 u0 org.telegram.messenger/.DefaultIcon t13620} flags=0x0}
05-26 21:11:53.807 D/OplusTransitionController( 3467):    ChangeInfo{8c2f5ae container=Display{#0 state=ON size=1440x3216 ROTATION_0} flags=0x0}
05-26 21:11:53.807 D/OplusTransitionController( 3467): ]
05-26 21:11:53.807 D/OplusTransitionController( 3467): }
05-26 21:11:53.808 D/FlexibleTaskTransitionController( 3467):  finishTransition pendingRecentToFlexibleTask:null,isRotationTransition:false ,pendingRecentToFlexible:null ,transition:TransitionRecord{fda1fb0 id=393 track=0 type=TO_BACK flags=0x100 state=4 c=[
05-26 21:11:53.808 D/FlexibleTaskTransitionController( 3467):    ChangeInfo{aa7d678 container=DefaultTaskDisplayArea@30377584 flags=0x10}
05-26 21:11:53.808 D/FlexibleTaskTransitionController( 3467):    ChangeInfo{59f1151 container=Task{2978c28 #13620 type=standard A=10331:org.telegram.messenger} flags=0x10}
05-26 21:11:53.808 D/FlexibleTaskTransitionController( 3467):    ChangeInfo{7a74e29 container=ActivityRecord{68857626 u0 org.telegram.messenger/.DefaultIcon t13620} flags=0x0}
05-26 21:11:53.808 D/FlexibleTaskTransitionController( 3467):    ChangeInfo{8c2f5ae container=Display{#0 state=ON size=1440x3216 ROTATION_0} flags=0x0}
05-26 21:11:53.808 D/FlexibleTaskTransitionController( 3467): ]
05-26 21:11:53.808 D/FlexibleTaskTransitionController( 3467): }
05-26 21:11:53.808 D/SnapshotCache( 3467): removeRunningEntry id: 13620, callers=com.android.server.wm.SnapshotCache.onIdRemoved:107 com.android.server.wm.TaskSnapshotController.removeAndDeleteSnapshot:398 com.android.server.wm.SnapshotController.onTransitionFinish:254 
05-26 21:11:53.809 D/KEYLOG_PhoneWindowManager( 3467): setKeyguardOccludedLw occluded=false,false,false
05-26 21:11:53.809 D/TransitionControllerExtImpl( 3467): NFW_send RECOMPUTE_FOCUS in finishTransition
05-26 21:11:53.809 D/ShellTaskOrganizer( 5655): onTransitionFinish, isRecent:false
05-26 21:11:53.809 V/WindowManagerShell( 5655): Track 0 became idle
05-26 21:11:53.810 V/WindowManagerShell( 5655): All active transition animations finished
05-26 21:11:53.810 D/FaceProvider/default( 3467): Starting watchdog for face
05-26 21:11:53.810 E/BiometricScheduler( 3467): Current operation is null,no need to start watchdog
05-26 21:11:53.817 D/OplusBrightnessPhoneStateManager( 3467): LuxEvent{event:AUX_LUX lux:0.0} -> LuxEvent{event:AUX_LUX lux:0.0}
05-26 21:11:53.818 D/WindowManager( 3467): NFW_findFocusedWindowIfNeeded:Window{1aa8c9b u0 NotificationShade} mCurrentFocus:Window{1aa8c9b u0 NotificationShade}
05-26 21:11:53.820 V/WindowManager( 3467): Relayout Window{77a3eae u0 NavigationBar_displayId_0}: viewVisibility=0, oldvis=0, req=1440x176 , apr = 0, vsysui=, x=0, y=0
05-26 21:11:53.822 W/OplusBrightnessAmbientAdapter[LuxQueueProcess]( 3467): screen on past time is too short, not to get trend list! checkTime = 1200
05-26 21:11:53.822 W/VRI[NotificationShade]( 5655): updateBlastSurfaceIfNeeded, surfaceSize:Point(1440, 3216), lastSurfaceSize:Point(1440, 3216), format:-3, blastBufferQueue:android.graphics.BLASTBufferQueue@c714cbe
05-26 21:11:53.822 D/WindowManager( 3467): setFrameRateStart invalid typeId return!
05-26 21:11:53.825 V/WindowManager( 3467): Relayout Window{1aa8c9b u0 NotificationShade}: viewVisibility=0, oldvis=0, req=1440x3216 , apr = 0, vsysui=, x=0, y=0
05-26 21:11:53.826 D/WindowManager( 3467): NFW_findFocusedWindowIfNeeded:Window{3dfeffa u0 org.telegram.messenger/org.telegram.messenger.DefaultIcon} mCurrentFocus:Window{1aa8c9b u0 NotificationShade}
05-26 21:11:53.826 V/WindowManager( 3467): Changing focus from Window{1aa8c9b u0 NotificationShade} to Window{3dfeffa u0 org.telegram.messenger/org.telegram.messenger.DefaultIcon},diplayid=0
05-26 21:11:53.827 D/VRR [OPlusSurfaceFlingerController]( 3467):  setComplexSceneEnable : false
05-26 21:11:53.828 D/WindowManager( 3467): setFrameRateStart invalid typeId return!
05-26 21:11:53.829 D/WindowManager( 3467): setFrameRateStart invalid typeId return!
05-26 21:11:53.846 D/CoreBackPreview( 3467): Window{1aa8c9b u0 NotificationShade}: Setting back callback null
05-26 21:11:53.858 V/WindowManager( 3467): Relayout Window{1aa8c9b u0 NotificationShade}: viewVisibility=4, oldvis=0, req=1440x3216 , apr = 0, vsysui=, x=0, y=0
05-26 21:11:53.859 D/WindowManager( 3467): NFW_setClientVisible:WallpaperWindowToken{838cbda showWhenLocked=true} clientVisible:false
05-26 21:11:53.859 I/WindowManager( 3467): Window{1aa8c9b u0 NotificationShade} state from HAS_DRAWN to NO_SURFACE; reason: destroySurface
05-26 21:11:53.860 I/UserAwareMgr( 3467): handleFgAppChanged, pkgName: com.android.systemui, pid: 5655, isVisible: false, fgAppType: FG2
05-26 21:11:53.860 I/UserAwareMgr( 3467): fg app status not changed, beforeVisible: true, currentVisible: true
05-26 21:11:53.862 D/WindowManager( 3467): NFW_findFocusedWindowIfNeeded:Window{3dfeffa u0 org.telegram.messenger/org.telegram.messenger.DefaultIcon} mCurrentFocus:Window{3dfeffa u0 org.telegram.messenger/org.telegram.messenger.DefaultIcon}
05-26 21:11:53.871 D/SystemServerTiming( 3467): getUserSwitchability-0
05-26 21:11:53.871 D/SystemServerTiming( 3467): TM.isInCall
05-26 21:11:53.872 D/SystemServerTiming( 3467): hasUserRestriction-DISALLOW_USER_SWITCH
05-26 21:11:53.872 D/SystemServerTiming( 3467): getInt-ALLOW_USER_SWITCHING_WHEN_SYSTEM_USER_LOCKED
05-26 21:11:53.872 D/SystemServerTiming( 3467): isUserUnlocked-USER_SYSTEM
05-26 21:11:53.875 V/AutofillInlineSuggestionsRequestSession( 3467): onInputMethodStartInput() received on 0
05-26 21:11:53.875 D/VRR [OPlusSAManager]( 3467): updateAutoMinfps for 4630946342906530435 with nits: 0.0, mHistOK true, mAmbientOK true, mCctOK true, mIrOK true, mBrightnessOK true, isPkgOK true, SA min fps: 0
05-26 21:11:53.880 D/ClipboardService( 3467): clipboardAccessAllowed: op=29 result=true callingPackage=com.google.android.inputmethod.latin
05-26 21:11:53.882 D/ClipboardService( 3467): clipboardAccessAllowed: op=29 result=true callingPackage=com.google.android.inputmethod.latin
05-26 21:11:53.885 W/PackageConfigPersister( 3467): App-specific configuration not found for packageName: org.telegram.messenger and userId: 0
05-26 21:11:53.887 D/SystemServerTiming( 3467): getUserSwitchability-0
05-26 21:11:53.887 D/SystemServerTiming( 3467): TM.isInCall
05-26 21:11:53.888 D/SystemServerTiming( 3467): hasUserRestriction-DISALLOW_USER_SWITCH
05-26 21:11:53.888 D/SystemServerTiming( 3467): getInt-ALLOW_USER_SWITCHING_WHEN_SYSTEM_USER_LOCKED
05-26 21:11:53.888 D/SystemServerTiming( 3467): isUserUnlocked-USER_SYSTEM
05-26 21:11:53.890 D/SystemServerTiming( 3467): getUserSwitchability-0
05-26 21:11:53.891 D/SystemServerTiming( 3467): TM.isInCall
05-26 21:11:53.893 D/SystemServerTiming( 3467): hasUserRestriction-DISALLOW_USER_SWITCH
05-26 21:11:53.893 D/SystemServerTiming( 3467): getInt-ALLOW_USER_SWITCHING_WHEN_SYSTEM_USER_LOCKED
05-26 21:11:53.894 D/SystemServerTiming( 3467): isUserUnlocked-USER_SYSTEM
05-26 21:11:53.900 D/SystemServerTiming( 3467): getUserSwitchability-0
05-26 21:11:53.900 D/SystemServerTiming( 3467): TM.isInCall
05-26 21:11:53.901 D/SystemServerTiming( 3467): hasUserRestriction-DISALLOW_USER_SWITCH
05-26 21:11:53.901 D/SystemServerTiming( 3467): getInt-ALLOW_USER_SWITCHING_WHEN_SYSTEM_USER_LOCKED
05-26 21:11:53.901 D/SystemServerTiming( 3467): isUserUnlocked-USER_SYSTEM
05-26 21:11:53.926 D/OplusBrightnessPhoneStateManager( 3467): LuxEvent{event:MAIN_LUX lux:0.0} -> LuxEvent{event:MAIN_LUX lux:0.0}
05-26 21:11:53.926 W/OplusBrightnessAmbientAdapter[LuxQueueProcess]( 3467): screen on past time is too short, not to get trend list! checkTime = 1200
05-26 21:11:54.128 D/OplusBrightnessPhoneStateManager( 3467): LuxEvent{event:MAIN_LUX lux:0.0} -> LuxEvent{event:MAIN_LUX lux:0.0}
05-26 21:11:54.135 D/OplusThermalStats( 3467): AnalizyPosition reach max limit, mAnalizyPosition=400 res=0
05-26 21:11:54.325 D/OplusBrightnessPhoneStateManager( 3467): LuxEvent{event:MAIN_LUX lux:0.0} -> LuxEvent{event:MAIN_LUX lux:0.0}
05-26 21:11:54.331 D/BiometricService( 3467): canAuthenticate: User=0, Caller=0, Authenticators=255, opPackageName=com.google.android.gms
05-26 21:11:54.332 E/OplusCustomizeRestrictionManagerService( 3467): isBiometricDisabled start
05-26 21:11:54.332 D/BiometricService/PreAuthInfo( 3467): Package: com.google.android.gms Sensor ID: 4 Modality: 8 User id: 0 Status: 4
05-26 21:11:54.334 E/OplusCustomizeRestrictionManagerService( 3467): isBiometricDisabled start
05-26 21:11:54.334 D/BiometricService/PreAuthInfo( 3467): Package: com.google.android.gms Sensor ID: 1 Modality: 2 User id: 0 Status: 1
05-26 21:11:54.334 D/BiometricService/PreAuthInfo( 3467): getCanAuthenticateInternal Modality: 2 AuthenticatorStatus: 1
05-26 21:11:54.334 D/AuthService( 3467): canAuthenticate, userId: 0, callingUserId: 0, authenticators: 255, result: 0
05-26 21:11:54.338 D/BiometricService( 3467): canAuthenticate: User=0, Caller=0, Authenticators=32768, opPackageName=com.google.android.gms
05-26 21:11:54.338 D/BiometricService/PreAuthInfo( 3467): getCanAuthenticateInternal Modality: 1 AuthenticatorStatus: 1
05-26 21:11:54.338 D/AuthService( 3467): canAuthenticate, userId: 0, callingUserId: 0, authenticators: 32768, result: 0
05-26 21:11:54.339 D/BiometricService( 3467): canAuthenticate: User=0, Caller=0, Authenticators=32768, opPackageName=com.google.android.gms
05-26 21:11:54.339 D/BiometricService/PreAuthInfo( 3467): getCanAuthenticateInternal Modality: 1 AuthenticatorStatus: 1
05-26 21:11:54.339 D/AuthService( 3467): canAuthenticate, userId: 0, callingUserId: 0, authenticators: 32768, result: 0
05-26 21:11:54.380 D/VRR [OPlusSAManager]( 3467): updateAutoMinfps for 4630946342906530435 with nits: 0.0, mHistOK true, mAmbientOK true, mCctOK true, mIrOK true, mBrightnessOK true, isPkgOK true, SA min fps: 0
05-26 21:11:54.527 D/OplusBrightnessPhoneStateManager( 3467): LuxEvent{event:MAIN_LUX lux:0.0} -> LuxEvent{event:MAIN_LUX lux:0.0}
05-26 21:11:54.704 D/OplusFloorRefreshRateController( 3467): onSeedlingCardStateChange state=1
05-26 21:11:54.711 D/HidlDisplayPanelFeature( 3467): getDisplayPanelInfo +++, featureID:251
05-26 21:11:54.714 D/HidlDisplayPanelFeature( 3467): getDisplayPanelInfo, ret = -1
05-26 21:11:54.725 D/HidlDisplayPanelFeature( 3467): getDisplayPanelInfo ---, result = null
05-26 21:11:54.726 W/OplusScreenTimeEvent( 3467): can't get backlight time
05-26 21:11:54.726 D/OplusBrightnessPhoneStateManager( 3467): LuxEvent{event:MAIN_LUX lux:0.0} -> LuxEvent{event:MAIN_LUX lux:0.0}
05-26 21:11:54.736 W/SettingsStatsUtil( 3467): Can not parse value to float: +network
05-26 21:11:54.741 W/SettingsStatsUtil( 3467): Can not parse value to float: +network
05-26 21:11:54.762 V/AlarmManager( 3467): sending alarm Alarm{5aee30f type 1 origWhen 1779822714762 whenElapsed 28526293 android} uid 1000 whenElapsed 28526293 windowLength 0 maxWhenElapsed 28526293 repeatInterval 0 action null component null tag StorgaeBandInfoAlarmTag flags 0x9 procName system_server
05-26 21:11:54.998 D/PowerManagerService( 3467): userActivityNoUpdateLocked: groupId=0, eventTime=17328507, event=touch, flags=0x0, uid=1000
05-26 21:11:55.000 D/PowerManagerService( 3467): userActivityNoUpdateLocked: groupId=0, eventTime=17328507, event=touch, flags=0x0, uid=1000
05-26 21:11:55.014 W/QosScheduler( 3467): executeSceneQosStrategy failed! qos feature no enable
05-26 21:11:55.016 W/UserAwareMgr( 3467): can not find match thread: GaussianBlur for process com.android.systemui Pid: 5655
05-26 21:11:55.021 D/SystemGestures( 3467): detectSwipe: 1
05-26 21:11:55.024 I/UserAwareMgr( 3467): handleTopAppChanged: com.android.systemui, pid: 5655, uid: 10205
05-26 21:11:55.025 D/CoreBackPreview( 3467): Window{1aa8c9b u0 NotificationShade}: Setting back callback OnBackInvokedCallbackInfo{mCallback=android.window.IOnBackInvokedCallback$Stub$Proxy@8bcb57a, mPriority=0, mIsAnimationCallback=false, mOverrideBehavior=0}
05-26 21:11:55.031 I/VibratorManagerServiceExtImpl( 3467): cancelVibrate uid=1000, pid=3467, usageFilter=-15, token=217626406
05-26 21:11:55.034 E/HandwritingModeController( 3467): Cannot get requestId: Handwriting was not initialized.
05-26 21:11:55.042 V/WindowManager( 3467): Relayout Window{1aa8c9b u0 NotificationShade}: viewVisibility=0, oldvis=4, req=1440x3216 , apr = 0, vsysui=, x=0, y=0
05-26 21:11:55.042 I/WindowManager( 3467): Window{1aa8c9b u0 NotificationShade} state from NO_SURFACE to DRAW_PENDING; reason: resetDrawState
05-26 21:11:55.047 D/WindowManager( 3467): setFrameRateStart invalid typeId return!
05-26 21:11:55.049 D/WindowManager( 3467): NFW_findFocusedWindowIfNeeded:Window{1aa8c9b u0 NotificationShade} mCurrentFocus:Window{3dfeffa u0 org.telegram.messenger/org.telegram.messenger.DefaultIcon}
05-26 21:11:55.049 V/WindowManager( 3467): Changing focus from Window{3dfeffa u0 org.telegram.messenger/org.telegram.messenger.DefaultIcon} to Window{1aa8c9b u0 NotificationShade},diplayid=0
05-26 21:11:55.049 D/VRR [OPlusSurfaceFlingerController]( 3467):  setComplexSceneEnable : false
05-26 21:11:55.050 E/UAH-Framework( 3467): invalid window type -1
05-26 21:11:55.051 D/WindowManager( 3467): setFrameRateStart invalid typeId return!
05-26 21:11:55.052 D/WindowManager( 3467): setFrameRateStart invalid typeId return!
05-26 21:11:55.053 W/QosScheduler( 3467): executeSceneQosStrategy failed! qos feature no enable
05-26 21:11:55.055 W/VRI[NotificationShade]( 5655): updateBlastSurfaceIfNeeded, surfaceSize:Point(1440, 3216), lastSurfaceSize:Point(1440, 3216), format:-3, blastBufferQueue:null
05-26 21:11:55.084 I/WindowManager( 3467): Window{1aa8c9b u0 NotificationShade} state from DRAW_PENDING to COMMIT_DRAW_PENDING; reason: finishDrawingLocked
05-26 21:11:55.091 I/WindowManager( 3467): Window{1aa8c9b u0 NotificationShade} state from COMMIT_DRAW_PENDING to READY_TO_SHOW; reason: commitFinishDrawingLocked
05-26 21:11:55.092 I/WindowManager( 3467): Window{1aa8c9b u0 NotificationShade} state from READY_TO_SHOW to HAS_DRAWN; reason: performShowLocked
05-26 21:11:55.094 W/VRI[OplusOSEdgeFloatBar](12319): handleResized abandoned!
05-26 21:11:55.097 W/VRI[DefaultIcon](21226): handleResized abandoned!
05-26 21:11:55.097 I/UserAwareMgr( 3467): handleFgAppChanged, pkgName: com.android.systemui, pid: 5655, isVisible: true, fgAppType: FG2
05-26 21:11:55.098 I/UserAwareMgr( 3467): fg app status not changed, beforeVisible: true, currentVisible: true
05-26 21:11:55.103 W/VRI[StatusBar]( 5655): handleResized abandoned!
05-26 21:11:55.103 W/VRI[NotificationShade]( 5655): handleResized abandoned!
05-26 21:11:55.103 W/VRI[NavigationBar_displayId_0]( 5655): handleResized abandoned!
05-26 21:11:55.103 W/VRI[ScreenDecorOverlay]( 5655): handleResized abandoned!
05-26 21:11:55.103 W/VRI[ScreenDecorOverlayBottom]( 5655): handleResized abandoned!
05-26 21:11:55.832 D/VRR [OPlusGameStatusManager]( 3467): handleMessage: 7004
05-26 21:11:55.832 D/VRR [OPlusGameStatusManager]( 3467): handleBrightnessDone
05-26 21:11:55.846 D/ProximityEventHandler( 3467): MSG_PROXIMITY_CHANGED, event = ProximityEvent{event:NEAR id:0}
05-26 21:11:55.858 D/VRR [OPlusExternalRefreshRateManager]( 3467): notifyDisableOtiMode: false
05-26 21:11:55.858 D/VRR [OPlusSurfaceFlingerController]( 3467):  setTouchIdleShouldPause : false
05-26 21:11:55.909 D/PowerManagerService( 3467): userActivityNoUpdateLocked: groupId=0, eventTime=17329418, event=touch, flags=0x0, uid=1000
05-26 21:11:55.909 D/PowerManagerService( 3467): userActivityNoUpdateLocked: groupId=0, eventTime=17329418, event=touch, flags=0x0, uid=1000
05-26 21:11:55.977 D/SystemGestures( 3467): detectSwipe: 1
05-26 21:11:55.978 D/WindowManager( 3467): request show transient bar, provider = com.android.server.wm.InsetsSourceProvider@9ebc689 controlTarget = Window{1aa8c9b u0 NotificationShade}
05-26 21:11:56.009 D/PowerManagerService( 3467): userActivityNoUpdateLocked: groupId=0, eventTime=17329520, event=touch, flags=0x0, uid=1000
05-26 21:11:56.010 D/PowerManagerService( 3467): userActivityNoUpdateLocked: groupId=0, eventTime=17329520, event=touch, flags=0x0, uid=1000
05-26 21:11:56.022 V/OplusCustomizeCacheManager( 5655): queryCache name: cache_key.system_server.common_customize_cache11011 param: null
05-26 21:11:56.023 V/OplusCustomizeCacheManager( 5655): queryCache name: cache_key.system_server.common_customize_cache11010 param: null
05-26 21:11:56.074 V/OplusCustomizeCacheManager( 5655): queryCache name: cache_key.system_server.common_customize_cache18013 param: null
05-26 21:11:56.074 V/OplusCustomizeCacheManager( 5655): queryCache name: cache_key.system_server.common_customize_cache18014 param: null
05-26 21:11:56.074 V/OplusCustomizeCacheManager( 5655): queryCache name: cache_key.system_server.common_customize_cache18017 param: Bundle[{SETTING=BLOCK, BUSINESS=NCT-DATA}]
05-26 21:11:56.076 V/OplusCustomizeCacheManager( 5655): queryCache name: cache_key.system_server.common_customize_cache18025 param: null
05-26 21:11:56.078 V/OplusCustomizeCacheManager( 5655): queryCache name: cache_key.system_server.common_customize_cache18026 param: null
05-26 21:11:56.078 V/OplusCustomizeCacheManager( 5655): queryCache name: cache_key.system_server.common_customize_cache11009 param: null
05-26 21:11:56.081 V/OplusCustomizeCacheManager( 5655): queryCache name: cache_key.system_server.common_customize_cache11010 param: null
05-26 21:11:56.393 V/OplusCustomizeCacheManager( 5655): queryCache name: cache_key.system_server.common_customize_cache18013 param: null
05-26 21:11:56.393 V/OplusCustomizeCacheManager( 5655): queryCache name: cache_key.system_server.common_customize_cache18014 param: null
05-26 21:11:56.393 V/OplusCustomizeCacheManager( 5655): queryCache name: cache_key.system_server.common_customize_cache18017 param: Bundle[{SETTING=BLOCK, BUSINESS=NCT-DATA}]
05-26 21:11:56.494 D/OAppNetControlService( 3467): Hans update:[10038=true][0|0] blackList:[10478, 10290, 10334, 10389, 10312, 10297, 10282, 10158, 10260, 10240, 10367, 10038]
05-26 21:11:56.505 D/OAppNetControlService( 3467): Hans update:[10391=true][0|0] blackList:[10478, 10290, 10334, 10389, 10312, 10297, 10282, 10158, 10260, 10240, 10367, 10038, 10391]
05-26 21:11:56.765 V/AlarmManager( 3467): sending alarm Alarm{84906f5 type 1 origWhen 1779822716766 whenElapsed 28528297 android} uid 1000 whenElapsed 28528297 windowLength 0 maxWhenElapsed 28528297 repeatInterval 0 action null component null tag StorgaeBandInfoAlarmTag flags 0x9 procName system_server
05-26 21:11:57.023 V/OplusCustomizeCacheManager( 5655): queryCache name: cache_key.system_server.common_customize_cache11011 param: null
05-26 21:11:57.057 D/ProximityEventHandler( 3467): MSG_PROXIMITY_CHANGED, event = ProximityEvent{event:FAR id:1}
05-26 21:11:57.214 W/QosScheduler( 3467): executeSceneQosStrategy failed! qos feature no enable
05-26 21:11:57.301 D/PowerManagerService( 3467): userActivityNoUpdateLocked: groupId=0, eventTime=17330810, event=touch, flags=0x0, uid=1000
05-26 21:11:57.309 D/PowerManagerService( 3467): userActivityNoUpdateLocked: groupId=0, eventTime=17330810, event=touch, flags=0x0, uid=1000
05-26 21:11:57.405 E/JobScheduler.Background( 3467): Couldn't determine stopped state for unknown package: com.oplus.onet
05-26 21:11:57.433 E/AppOps  ( 3467): attributionTag  not declared in manifest of io.adsfree.vanced
05-26 21:11:57.433 E/AppOps  ( 3467): attributionTag  not declared in manifest of io.adsfree.vanced
05-26 21:11:57.454 D/NotificationService--OplusNotificationFixHelper( 3467): fixAppIcon: pkg=io.adsfree.vanced
05-26 21:11:57.454 D/NotificationService--OplusNotificationFixHelper( 3467): fixAppIcon: appIcon = null, pkg = io.adsfree.vanced
05-26 21:11:57.454 I/OplusStatusBarManagerServiceEnhance( 3467):  getTopIsFullscreen mTopIsFullscreen: false
05-26 21:11:57.455 W/ActivityManager( 3467): Permission Denial: getTopApplicationInfo from pid=16532, uid=10378 requires oplus.permission.OPLUS_COMPONENT_SAFE
05-26 21:11:57.455 D/NotificationService--OplusNotificationManagerServiceExtImpl( 3467): isForwardToAssistants: true, case : Is local notification
05-26 21:11:57.455 D/NotificationService( 3467): This application enqueue notifications is need postDelayed mcsAssistantDelayTime: 200
05-26 21:11:57.461 D/InsetsController(16532): Setting requestedVisibleTypes to -9 (was -16)
05-26 21:11:57.462 I/TaskOrganizerController( 3467): onTaskInfoChanged taskid 13611 config { mBounds=Rect(0, 0 - 1440, 3216) mAppBounds=Rect(0, 0 - 1440, 3216) mMaxBounds=Rect(0, 0 - 1440, 3216) mDisplayRotation=ROTATION_0 mWindowingMode=fullscreen mActivityType=standard mAlwaysOnTop=undefined mRotation=ROTATION_0}
05-26 21:11:57.462 D/OplusFlexibleDragToSplitAnimController( 3467): visibleFlexibleTaskInfos delete:13611
05-26 21:11:57.462 E/FlexibleWindowManagerService( 3467): notifyTaskObserverToAttachController not need to notify!
05-26 21:11:57.462 I/FlexibleWindowManagerService( 3467): onFlexibleWindowTaskInfoChanged, return for cur task not embedded
05-26 21:11:57.479 I/OplusMediaControlService( 3467): onPlaybackStateChanged begin, state: 2, playerId: 13985461
05-26 21:11:57.479 I/OplusMediaControlService( 3467): sendOnEventMessage begin, eventType: 4, observer: android.os.BinderProxy@a1fcd49
05-26 21:11:57.480 I/OplusMediaControlService( 3467): on event EventType: 4
05-26 21:11:57.503 V/WindowManager( 3467): Relayout Window{465f844 u0 io.adsfree.vanced/free.tube.premium.videoder.activities.MainActivity}: viewVisibility=8, oldvis=8, req=3056x1440 , apr = 0, vsysui=, x=0, y=0
05-26 21:11:57.505 D/VRI[MainActivity](16532): relayoutWindow result, sizeChanged:false, surfaceControlChanged:false, transformHintChanged:false, mSurfaceSize:Point(3056, 1440), mLastSurfaceSize:Point(3056, 1440), mWidth:3056, mHeight:1440, requestedWidth:3056, requestedHeight:1440, transformHint:4, installOrientation:0, displayRotation:1, isSurfaceValid:false, attr.flag:-2122252032, tmpFrames:ClientWindowFrames{frame=[160,0][3216,1440] display=[160,0][3216,1440] parentFrame=[0,0][0,0]}, relayoutAsync:false, mSyncSeqId:0
05-26 21:11:57.607 W/QosScheduler( 3467): executeSceneQosStrategy failed! qos feature no enable
05-26 21:11:57.607 W/QosScheduler( 3467): executeSceneQosStrategy failed! qos feature no enable
05-26 21:11:57.716 D/JobSchedulerServiceExtImpl( 3467): updateOsenseRestrictMode for 7 false false
05-26 21:11:58.043 V/OplusCustomizeCacheManager( 5655): queryCache name: cache_key.system_server.common_customize_cache11011 param: null
05-26 21:11:58.152 D/PowerManagerService( 3467): userActivityNoUpdateLocked: groupId=0, eventTime=17331662, event=touch, flags=0x0, uid=1000
