05-26 21:15:51.813 D/osense.compress( 3467): rs.Raiffeisen.mobile do shrink, target ratio = 45, final ratio = 90, cur ratio = 0
05-26 21:15:53.429 V/AlarmManager( 3467): sending alarm Alarm{5221e21 type 1 origWhen 1779822953428 whenElapsed 28764960 android} uid 1000 whenElapsed 28764960 windowLength 0 maxWhenElapsed 28764960 repeatInterval 0 action null component null tag StorgaeBandInfoAlarmTag flags 0x9 procName system_server
05-26 21:15:53.435 D/osense.compress( 3467): com.Slack do shrink, target ratio = 20, final ratio = 40, cur ratio = 0
05-26 21:15:53.539 D/osense.compress( 3467): com.infoshell.recradio do shrink, target ratio = 45, final ratio = 90, cur ratio = 0
05-26 21:15:54.457 D/OAppNetControlService( 3467): Hans update:[10443=true][0|0] blackList:[10478, 10290, 10334, 10389, 10312, 10297, 10282, 10158, 10260, 10240, 10367, 10175, 10161, 10038, 10391, 10150, 10160, 10167, 10443]
05-26 21:15:55.436 V/AlarmManager( 3467): sending alarm Alarm{fe7a1a3 type 1 origWhen 1779822955435 whenElapsed 28766967 android} uid 1000 whenElapsed 28766967 windowLength 0 maxWhenElapsed 28766967 repeatInterval 0 action null component null tag StorgaeBandInfoAlarmTag flags 0x9 procName system_server
05-26 21:15:55.443 D/OAppNetControlService( 3467): Hans update:[10443=false][0|0] blackList:[10478, 10290, 10334, 10389, 10312, 10297, 10282, 10158, 10260, 10240, 10367, 10175, 10161, 10038, 10391, 10150, 10160, 10167]
05-26 21:15:57.329 D/CommSceneService( 3467): handle sensor changed type=1
05-26 21:15:57.329 E/CommSceneService( 3467): modem stationary state=0 not update, cancel notify!
05-26 21:15:57.443 V/AlarmManager( 3467): sending alarm Alarm{d14241e type 1 origWhen 1779822957443 whenElapsed 28768975 android} uid 1000 whenElapsed 28768975 windowLength 0 maxWhenElapsed 28768975 repeatInterval 0 action null component null tag StorgaeBandInfoAlarmTag flags 0x9 procName system_server
05-26 21:15:58.531 D/osense.compress( 3467): ru.mts.mymts do shrink, target ratio = 45, final ratio = 90, cur ratio = 0
05-26 21:15:58.773 D/ActivityManager( 3467): Async freezing 13035 com.google.android.gms
05-26 21:15:58.774 D/ActivityManager( 3467): Async freezing 23009 com.google.android.webview:sandboxed_process0:org.chromium.content.app.SandboxedProcessService0:0
05-26 21:15:58.913 I/WindowManager( 3467): addWindow: New client android.os.BinderProxy@eca44f7 : window=Window{49cf5cd u0 FloatingRotationButton}
05-26 21:15:58.921 V/WindowManager( 3467): Relayout Window{49cf5cd u0 FloatingRotationButton}: viewVisibility=0, oldvis=0, req=288x288 , apr = 0, vsysui=, x=0, y=288
05-26 21:15:58.921 I/WindowManager( 3467): Window{49cf5cd u0 FloatingRotationButton} state from NO_SURFACE to DRAW_PENDING; reason: resetDrawState
05-26 21:15:58.924 D/WindowManager( 3467): NFW_findFocusedWindowIfNeeded:Window{3dfeffa u0 org.telegram.messenger/org.telegram.messenger.DefaultIcon} mCurrentFocus:Window{3dfeffa u0 org.telegram.messenger/org.telegram.messenger.DefaultIcon}
05-26 21:15:58.939 I/WindowManager( 3467): Window{49cf5cd u0 FloatingRotationButton} state from DRAW_PENDING to COMMIT_DRAW_PENDING; reason: finishDrawingLocked
05-26 21:15:58.943 I/WindowManager( 3467): Window{49cf5cd u0 FloatingRotationButton} state from COMMIT_DRAW_PENDING to READY_TO_SHOW; reason: commitFinishDrawingLocked
05-26 21:15:58.943 I/WindowManager( 3467): Window{49cf5cd u0 FloatingRotationButton} state from READY_TO_SHOW to HAS_DRAWN; reason: performShowLocked
05-26 21:15:59.446 V/AlarmManager( 3467): sending alarm Alarm{b9021c9 type 1 origWhen 1779822959445 whenElapsed 28770977 android} uid 1000 whenElapsed 28770977 windowLength 0 maxWhenElapsed 28770977 repeatInterval 0 action null component null tag StorgaeBandInfoAlarmTag flags 0x9 procName system_server
05-26 21:15:59.454 D/osense.compress( 3467): com.Slack do shrink, target ratio = 20, final ratio = 40, cur ratio = 0
05-26 21:16:00.001 V/AlarmManager( 3467): sending alarm Alarm{be0a6fc type 3 origWhen 28771531 whenElapsed 28771531 android} uid 1000 whenElapsed 28771531 windowLength 0 maxWhenElapsed 28771531 repeatInterval 0 action null component null tag TIME_TICK flags 0x9 procName system_server
05-26 21:16:00.012 D/OplusDisplayBrightnessBroadcastReceiver( 3467): onReceive action = android.intent.action.TIME_TICK , listeners = [com.android.server.display.feature.ambience.events.event.TimeEvent$TimeChangeReceiver@bed58f0]
05-26 21:16:00.465 D/OAppNetControlService( 3467): Hans update:[10443=true][0|0] blackList:[10478, 10290, 10334, 10389, 10312, 10297, 10282, 10158, 10260, 10240, 10367, 10175, 10161, 10038, 10391, 10150, 10160, 10167, 10443]
05-26 21:16:01.457 V/AlarmManager( 3467): sending alarm Alarm{f45c32 type 1 origWhen 1779822961457 whenElapsed 28772989 android} uid 1000 whenElapsed 28772989 windowLength 0 maxWhenElapsed 28772989 repeatInterval 0 action null component null tag StorgaeBandInfoAlarmTag flags 0x9 procName system_server
05-26 21:16:01.460 D/OAppNetControlService( 3467): Hans update:[10443=false][0|0] blackList:[10478, 10290, 10334, 10389, 10312, 10297, 10282, 10158, 10260, 10240, 10367, 10175, 10161, 10038, 10391, 10150, 10160, 10167]
05-26 21:16:02.072 V/WindowOrientationListener( 3467): onSensorChanged mDesiredRotation = 4
05-26 21:16:03.129 D/CommSceneService( 3467): handle sensor changed type=3
05-26 21:16:03.130 D/CommSceneService( 3467): notify modem stationary changed state=1
05-26 21:16:03.130 D/OSysNetControlService( 3467): handle comm scene=1005 state=1 phoneId=-1
05-26 21:16:03.461 V/AlarmManager( 3467): sending alarm Alarm{3fe49fb type 1 origWhen 1779822963460 whenElapsed 28774992 android} uid 1000 whenElapsed 28774992 windowLength 0 maxWhenElapsed 28774992 repeatInterval 0 action null component null tag StorgaeBandInfoAlarmTag flags 0x9 procName system_server
05-26 21:16:03.562 D/osense.compress( 3467): com.fingersoft.hcr2 do shrink, target ratio = 35, final ratio = 70, cur ratio = 0
05-26 21:16:04.034 I/WindowManager( 3467): Window{49cf5cd u0 FloatingRotationButton} state from HAS_DRAWN to NO_SURFACE; reason: destroySurface
05-26 21:16:04.041 D/WindowManager( 3467): NFW_findFocusedWindowIfNeeded:Window{3dfeffa u0 org.telegram.messenger/org.telegram.messenger.DefaultIcon} mCurrentFocus:Window{3dfeffa u0 org.telegram.messenger/org.telegram.messenger.DefaultIcon}
05-26 21:16:04.625 D/osense.compress( 3467): com.lego.legobuildinginstructions do shrink, target ratio = 45, final ratio = 90, cur ratio = 0
05-26 21:16:04.628 D/osense.compress( 3467): com.anthropic.claude do shrink, target ratio = 45, final ratio = 90, cur ratio = 0
05-26 21:16:04.636 D/osense.compress( 3467): com.vkontakte.android do shrink, target ratio = 45, final ratio = 90, cur ratio = 0
05-26 21:16:05.463 D/osense.compress( 3467): com.Slack do shrink, target ratio = 20, final ratio = 40, cur ratio = 0
05-26 21:16:05.464 V/AlarmManager( 3467): sending alarm Alarm{db82430 type 1 origWhen 1779822965463 whenElapsed 28776995 android} uid 1000 whenElapsed 28776995 windowLength 0 maxWhenElapsed 28776995 repeatInterval 0 action null component null tag StorgaeBandInfoAlarmTag flags 0x9 procName system_server
05-26 21:16:06.493 D/OAppNetControlService( 3467): Hans update:[10443=true][0|0] blackList:[10478, 10290, 10334, 10389, 10312, 10297, 10282, 10158, 10260, 10240, 10367, 10175, 10161, 10038, 10391, 10150, 10160, 10167, 10443]
05-26 21:16:07.234 D/osense.compress( 3467): com.google.android.googlequicksearchbox do shrink, target ratio = 45, final ratio = 90, cur ratio = 0
05-26 21:16:07.366 D/osense.compress( 3467): com.android.settings do shrink, target ratio = 45, final ratio = 90, cur ratio = 0
05-26 21:16:07.479 V/AlarmManager( 3467): sending alarm Alarm{4f1a7eb type 1 origWhen 1779822967478 whenElapsed 28779010 android} uid 1000 whenElapsed 28779010 windowLength 0 maxWhenElapsed 28779010 repeatInterval 0 action null component null tag StorgaeBandInfoAlarmTag flags 0x9 procName system_server
05-26 21:16:07.485 D/OAppNetControlService( 3467): Hans update:[10443=false][0|0] blackList:[10478, 10290, 10334, 10389, 10312, 10297, 10282, 10158, 10260, 10240, 10367, 10175, 10161, 10038, 10391, 10150, 10160, 10167]
05-26 21:16:07.882 D/osense.compress( 3467): com.oplus.games do shrink, target ratio = 10, final ratio = 20, cur ratio = 0
05-26 21:16:07.896 D/osense.compress( 3467): com.fatsecret.android do shrink, target ratio = 20, final ratio = 40, cur ratio = 0
05-26 21:16:08.351 D/osense.compress( 3467): com.google.android.apps.maps do shrink, target ratio = 45, final ratio = 90, cur ratio = 0
05-26 21:16:08.490 D/osense.compress( 3467): com.k.shavrin.diethelper do shrink, target ratio = 45, final ratio = 90, cur ratio = 0
05-26 21:16:08.492 D/osense.compress( 3467): com.whatsapp do shrink, target ratio = 45, final ratio = 90, cur ratio = 0
05-26 21:16:08.493 D/osense.compress( 3467): ru.yandex.taxi do shrink, target ratio = 45, final ratio = 90, cur ratio = 0
05-26 21:16:08.495 D/osense.compress( 3467): com.monefy.app.lite do shrink, target ratio = 45, final ratio = 90, cur ratio = 0
05-26 21:16:08.635 W/SettingsStatsUtil( 3467): Can not parse value to float: +network
05-26 21:16:08.640 W/SettingsStatsUtil( 3467): Can not parse value to float: +network
05-26 21:16:08.803 D/ActivityManager( 3467): freezing 13035 com.google.android.gms
05-26 21:16:08.818 D/ActivityManager( 3467): freezing 23009 com.google.android.webview:sandboxed_process0:org.chromium.content.app.SandboxedProcessService0:0
05-26 21:16:08.821 D/ActivityManager( 3467): Freeze process 23009, not check file locks
05-26 21:16:08.821 D/ActivityManager( 3467): reportOneUidFrozenStateChanged uid 99021 frozen = true
05-26 21:16:08.920 D/osense.compress( 3467): com.google.android.gm do shrink, target ratio = 45, final ratio = 90, cur ratio = 0
05-26 21:16:09.350 D/osense.compress( 3467): com.heytap.pictorial do shrink, target ratio = 45, final ratio = 90, cur ratio = 0
05-26 21:16:09.370 D/BatteryStatsImplExtImpl( 3467): mActiveProcesses size = 66
05-26 21:16:09.370 D/BatteryStatsImplExtImpl( 3467): rpmhStats is null or interval time is too short.
05-26 21:16:09.482 V/AlarmManager( 3467): sending alarm Alarm{4e98faf type 1 origWhen 1779822969482 whenElapsed 28781013 android} uid 1000 whenElapsed 28781013 windowLength 0 maxWhenElapsed 28781013 repeatInterval 0 action null component null tag StorgaeBandInfoAlarmTag flags 0x9 procName system_server
05-26 21:16:09.627 D/osense.compress( 3467): com.google.android.gms do shrink, target ratio = 45, final ratio = 90, cur ratio = 0
05-26 21:16:09.658 D/osense.compress( 3467): io.adsfree.vanced do shrink, target ratio = 45, final ratio = 90, cur ratio = 0
05-26 21:16:09.820 D/ActivityManager( 3467): Freezer deadlock watchdog
05-26 21:16:10.988 D/osense.compress( 3467): com.android.vending do shrink, target ratio = 45, final ratio = 90, cur ratio = 0
05-26 21:16:11.490 V/AlarmManager( 3467): sending alarm Alarm{8456c1 type 1 origWhen 1779822971489 whenElapsed 28783021 android} uid 1000 whenElapsed 28783021 windowLength 0 maxWhenElapsed 28783021 repeatInterval 0 action null component null tag StorgaeBandInfoAlarmTag flags 0x9 procName system_server
05-26 21:16:11.490 D/osense.compress( 3467): com.Slack do shrink, target ratio = 20, final ratio = 40, cur ratio = 0
05-26 21:16:11.519 D/osense.compress( 3467): com.google.android.apps.photos do shrink, target ratio = 45, final ratio = 90, cur ratio = 0
05-26 21:16:11.524 D/osense.compress( 3467): com.google.android.apps.nbu.files do shrink, target ratio = 45, final ratio = 90, cur ratio = 0
05-26 21:16:11.629 D/osense.compress( 3467): com.android.chrome do shrink, target ratio = 45, final ratio = 90, cur ratio = 0
05-26 21:16:11.634 D/osense.compress( 3467): com.google.android.youtube do shrink, target ratio = 45, final ratio = 90, cur ratio = 0
05-26 21:16:11.699 D/osense.compress( 3467): com.google.android.apps.chromecast.app do shrink, target ratio = 45, final ratio = 90, cur ratio = 0
05-26 21:16:11.813 D/osense.compress( 3467): rs.Raiffeisen.mobile do shrink, target ratio = 45, final ratio = 90, cur ratio = 0
05-26 21:16:12.514 D/OAppNetControlService( 3467): Hans update:[10443=true][0|0] blackList:[10478, 10290, 10334, 10389, 10312, 10297, 10282, 10158, 10260, 10240, 10367, 10175, 10161, 10038, 10391, 10150, 10160, 10167, 10443]
05-26 21:16:13.505 V/AlarmManager( 3467): sending alarm Alarm{e4bd16 type 1 origWhen 1779822973505 whenElapsed 28785036 android} uid 1000 whenElapsed 28785036 windowLength 0 maxWhenElapsed 28785036 repeatInterval 0 action null component null tag StorgaeBandInfoAlarmTag flags 0x9 procName system_server
05-26 21:16:13.516 D/OAppNetControlService( 3467): Hans update:[10443=false][0|0] blackList:[10478, 10290, 10334, 10389, 10312, 10297, 10282, 10158, 10260, 10240, 10367, 10175, 10161, 10038, 10391, 10150, 10160, 10167]
05-26 21:16:13.542 D/osense.compress( 3467): com.infoshell.recradio do shrink, target ratio = 45, final ratio = 90, cur ratio = 0
05-26 21:16:15.509 V/AlarmManager( 3467): sending alarm Alarm{1e794a2 type 1 origWhen 1779822975509 whenElapsed 28787040 android} uid 1000 whenElapsed 28787040 windowLength 0 maxWhenElapsed 28787040 repeatInterval 0 action null component null tag StorgaeBandInfoAlarmTag flags 0x9 procName system_server
05-26 21:16:17.510 D/osense.compress( 3467): com.Slack do shrink, target ratio = 20, final ratio = 40, cur ratio = 0
05-26 21:16:17.515 V/AlarmManager( 3467): sending alarm Alarm{4013669 type 1 origWhen 1779822977514 whenElapsed 28789046 android} uid 1000 whenElapsed 28789046 windowLength 0 maxWhenElapsed 28789046 repeatInterval 0 action null component null tag StorgaeBandInfoAlarmTag flags 0x9 procName system_server
05-26 21:16:18.530 D/osense.compress( 3467): ru.mts.mymts do shrink, target ratio = 45, final ratio = 90, cur ratio = 0
05-26 21:16:18.537 D/OAppNetControlService( 3467): Hans update:[10443=true][0|0] blackList:[10478, 10290, 10334, 10389, 10312, 10297, 10282, 10158, 10260, 10240, 10367, 10175, 10161, 10038, 10391, 10150, 10160, 10167, 10443]
05-26 21:16:19.517 V/AlarmManager( 3467): sending alarm Alarm{47772b4 type 1 origWhen 1779822979518 whenElapsed 28791049 android} uid 1000 whenElapsed 28791049 windowLength 0 maxWhenElapsed 28791049 repeatInterval 0 action null component null tag StorgaeBandInfoAlarmTag flags 0x9 procName system_server
05-26 21:16:19.523 D/OAppNetControlService( 3467): Hans update:[10443=false][0|0] blackList:[10478, 10290, 10334, 10389, 10312, 10297, 10282, 10158, 10260, 10240, 10367, 10175, 10161, 10038, 10391, 10150, 10160, 10167]
05-26 21:16:21.525 V/AlarmManager( 3467): sending alarm Alarm{9987123 type 1 origWhen 1779822981523 whenElapsed 28793055 android} uid 1000 whenElapsed 28793055 windowLength 0 maxWhenElapsed 28793055 repeatInterval 0 action null component null tag StorgaeBandInfoAlarmTag flags 0x9 procName system_server
05-26 21:16:23.529 V/AlarmManager( 3467): sending alarm Alarm{c88e19b type 1 origWhen 1779822983529 whenElapsed 28795060 android} uid 1000 whenElapsed 28795060 windowLength 0 maxWhenElapsed 28795060 repeatInterval 0 action null component null tag StorgaeBandInfoAlarmTag flags 0x9 procName system_server
05-26 21:16:23.542 D/osense.compress( 3467): com.Slack do shrink, target ratio = 20, final ratio = 40, cur ratio = 0
05-26 21:16:23.562 D/osense.compress( 3467): com.fingersoft.hcr2 do shrink, target ratio = 35, final ratio = 70, cur ratio = 0
05-26 21:16:24.554 D/OAppNetControlService( 3467): Hans update:[10443=true][0|0] blackList:[10478, 10290, 10334, 10389, 10312, 10297, 10282, 10158, 10260, 10240, 10367, 10175, 10161, 10038, 10391, 10150, 10160, 10167, 10443]
05-26 21:16:24.625 D/osense.compress( 3467): com.lego.legobuildinginstructions do shrink, target ratio = 45, final ratio = 90, cur ratio = 0
05-26 21:16:24.628 D/osense.compress( 3467): com.anthropic.claude do shrink, target ratio = 45, final ratio = 90, cur ratio = 0
05-26 21:16:24.637 D/osense.compress( 3467): com.vkontakte.android do shrink, target ratio = 45, final ratio = 90, cur ratio = 0
05-26 21:16:25.103 D/osense.compress( 3467): try do inactive compress task
05-26 21:16:25.105 D/osense.compress( 3467): inactive do shrink, target ratio = 27, final ratio = 55, cur ratio = 0
05-26 21:16:25.533 V/AlarmManager( 3467): sending alarm Alarm{ae61d49 type 1 origWhen 1779822985533 whenElapsed 28797064 android} uid 1000 whenElapsed 28797064 windowLength 0 maxWhenElapsed 28797064 repeatInterval 0 action null component null tag StorgaeBandInfoAlarmTag flags 0x9 procName system_server
05-26 21:16:25.541 D/OAppNetControlService( 3467): Hans update:[10443=false][0|0] blackList:[10478, 10290, 10334, 10389, 10312, 10297, 10282, 10158, 10260, 10240, 10367, 10175, 10161, 10038, 10391, 10150, 10160, 10167]
05-26 21:16:27.238 D/osense.compress( 3467): com.google.android.googlequicksearchbox do shrink, target ratio = 45, final ratio = 90, cur ratio = 0
05-26 21:16:27.366 D/osense.compress( 3467): com.android.settings do shrink, target ratio = 45, final ratio = 90, cur ratio = 0
05-26 21:16:27.540 V/AlarmManager( 3467): sending alarm Alarm{ca5195a type 1 origWhen 1779822987537 whenElapsed 28799069 android} uid 1000 whenElapsed 28799069 windowLength 0 maxWhenElapsed 28799069 repeatInterval 0 action null component null tag StorgaeBandInfoAlarmTag flags 0x9 procName system_server
05-26 21:16:27.884 D/osense.compress( 3467): com.oplus.games do shrink, target ratio = 10, final ratio = 20, cur ratio = 0
05-26 21:16:27.896 D/osense.compress( 3467): com.fatsecret.android do shrink, target ratio = 20, final ratio = 40, cur ratio = 0
05-26 21:16:28.351 D/osense.compress( 3467): com.google.android.apps.maps do shrink, target ratio = 45, final ratio = 90, cur ratio = 0
05-26 21:16:28.478 V/AlarmManager( 3467): sending alarm Alarm{73eab9 type 3 origWhen 28800192 whenElapsed 28800000 android} uid 1000 whenElapsed 28800000 windowLength 3600000 maxWhenElapsed 28800000 repeatInterval 0 action null component null tag PowerStats flags 0x8 procName system_server
05-26 21:16:28.484 V/AlarmManager( 3467): sending alarm Alarm{6f57efe type 3 origWhen 28840208 whenElapsed 28800000 android} uid 1000 whenElapsed 28800000 windowLength 1350000 maxWhenElapsed 28800000 repeatInterval 1800000 action com.android.server.action.NETWORK_STATS_POLL component null flags 0x8 procName system_server
05-26 21:16:28.487 V/AlarmManager( 3467): sending alarm Alarm{9aca65f type 0 origWhen 1779822908518 whenElapsed 28800000 com.heytap.mcs} uid 1000 whenElapsed 28800000 windowLength 10000 maxWhenElapsed 28800000 repeatInterval 0 action com.heytap.mcs.action component null flags 0x8 procName com.heytap.mcs
05-26 21:16:28.492 V/AlarmManager( 3467): sending alarm Alarm{4a68d0a type 2 origWhen 28724552 whenElapsed 28724552 com.google.android.gms} uid 10119 whenElapsed 28724552 windowLength 314999 maxWhenElapsed 29039551 repeatInterval 0 action com.google.android.gms.gcm.HEARTBEAT_ALARM component null flags 0x8 procName com.google.android.gms.persistent
05-26 21:16:28.493 D/osense.compress( 3467): com.k.shavrin.diethelper do shrink, target ratio = 45, final ratio = 90, cur ratio = 0
05-26 21:16:28.494 D/osense.compress( 3467): com.whatsapp do shrink, target ratio = 45, final ratio = 90, cur ratio = 0
05-26 21:16:28.494 V/AlarmManager( 3467): sending alarm Alarm{fa86fd6 type 3 origWhen 28784119 whenElapsed 28784119 com.google.android.gms} uid 10119 whenElapsed 28784119 windowLength 225746 maxWhenElapsed 29009865 repeatInterval 0 action com.google.android.gms.gcm.ACTION_CHECK_QUEUE component ComponentInfo{com.google.android.gms/com.google.android.gms.gcm.nts.SchedulerInternalReceiver} flags 0x0 procName com.google.android.gms.persistent
05-26 21:16:28.496 D/osense.compress( 3467): ru.yandex.taxi do shrink, target ratio = 45, final ratio = 90, cur ratio = 0
05-26 21:16:28.497 D/osense.compress( 3467): com.monefy.app.lite do shrink, target ratio = 45, final ratio = 90, cur ratio = 0
05-26 21:16:28.497 V/AlarmManager( 3467): sending alarm Alarm{313b362 type 0 origWhen 1779822975515 whenElapsed 28800000 com.heytap.mcs} uid 1000 whenElapsed 28800000 windowLength 10000 maxWhenElapsed 28800000 repeatInterval 0 action com.heytap.mcs.action component null flags 0x8 procName com.heytap.mcs
05-26 21:16:28.501 V/AlarmManager( 3467): sending alarm Alarm{8dd9db0 type 2 origWhen 28787459 whenElapsed 28800000 com.heytap.mcs} uid 1000 whenElapsed 28800000 windowLength 10000 maxWhenElapsed 28800000 repeatInterval 0 action com.heytap.mcs.action component null flags 0x8 procName com.heytap.mcs
05-26 21:16:28.503 V/AlarmManager( 3467): sending alarm Alarm{287f429 type 0 origWhen 1779823039935 whenElapsed 28800000 com.heytap.mcs} uid 1000 whenElapsed 28800000 windowLength 5400000 maxWhenElapsed 28800000 repeatInterval 7200000 action com.heytap.mcs.action component null flags 0x8 procName com.heytap.mcs
05-26 21:16:28.504 V/AlarmManager( 3467): sending alarm Alarm{fda3ae type 1 origWhen 1779822684424 whenElapsed 28800000 com.oplus.metis} uid 10121 whenElapsed 28800000 windowLength 135000 maxWhenElapsed 28800000 repeatInterval 180000 action com.oplus.action.RETRY_REGISTER_TIMER component null flags 0x8 procName com.oplus.metis
05-26 21:16:28.506 V/AlarmManager( 3467): sending alarm Alarm{a71e54f type 3 origWhen 28547359 whenElapsed 28800000 com.oplus.nhs} uid 1001 whenElapsed 28800000 windowLength 225000 maxWhenElapsed 28800000 repeatInterval 300000 action oplus.intent.action.INTERNAL_LOOP_UPDATE_ACTIVITYINFO_ALARM component ComponentInfo{com.oplus.nhs/com.oplus.nhs.pwr.ModemAci.ModemAciAlarmReceiver} flags 0x8 procName com.oplus.nhs
05-26 21:16:28.506 V/AlarmManager( 3467): sending alarm Alarm{a82a9e5 type 3 origWhen 28585524 whenElapsed 28800000 com.oplus.metis} uid 10121 whenElapsed 28800000 windowLength 225000 maxWhenElapsed 28800000 repeatInterval 300000 action oplus.intent.action.SORT_ALARM_ACTION component null flags 0x8 procName com.oplus.metis
05-26 21:16:28.510 D/ActivityManager( 3467): sync unfroze 533 com.heytap.mcs.appservice for 7
05-26 21:16:28.514 V/AlarmManager( 3467): sending alarm Alarm{cb8ff61 type 3 origWhen 28711532 whenElapsed 28800000 com.oplus.obrain} uid 1000 whenElapsed 28800000 windowLength 225000 maxWhenElapsed 28800000 repeatInterval 300000 action MIDAS FIVE MINUTE CLOCK ACTION component null flags 0x8 procName com.oplus.midas
05-26 21:16:28.516 V/AlarmManager( 3467): sending alarm Alarm{2bf2f47 type 3 origWhen 28800041 whenElapsed 28800000 com.oplus.metis} uid 10121 whenElapsed 28800000 windowLength 224999 maxWhenElapsed 28800000 repeatInterval 0 action com.oplus.action.TIMER_ALARM_TASK component null flags 0x8 procName com.oplus.metis
05-26 21:16:28.517 W/ProcessStats( 3467): Tracking association SourceState{6d9e706 com.oplus.midas/1000 ImpFg #40362} whose proc state 5 is better than process ProcessState{23ac631 com.oplus.onetrace/1000 pkg=com.oplus.onetrace} proc state 14 (12 skipped)
05-26 21:16:28.521 V/NetworkPolicy( 3467): updateNetworkEnabledNL() return
05-26 21:16:28.521 V/NetworkPolicy( 3467): updateNotificationsNL not process
05-26 21:16:28.527 W/ContextImpl( 5480): Calling a method in the system process without a qualified user: android.app.ContextImpl.bindService:2135 android.content.ContextWrapper.bindService:901 com.heytap.mcs.biz.statistics.agent.OBUSAgent.bindStatisticsApiService:8 com.heytap.mcs.biz.statistics.agent.OBUSAgent.upload:7 com.heytap.mcs.biz.statistics.agent.AgentManager.upload:3 
05-26 21:16:28.529 W/ContextImpl( 5480): Calling a method in the system process without a qualified user: android.app.ContextImpl.startService:2032 android.content.ContextWrapper.startService:865 com.heytap.mcs.service.McsService.a:13 com.heytap.mcs.service.McsService.a:4 com.heytap.mcs.service.McsService$c.run:41 
05-26 21:16:28.547 I/ActivityManager( 3467): Start proc 4563:com.heytap.mcs.statistics/1000 for service {com.heytap.mcs/com.heytap.mcs.biz.statistics.service.StatisticsApiService}
05-26 21:16:28.547 I/ActivityManager( 3467): ProcessObserver broadcast disabled
05-26 21:16:28.547 W/ContextImpl( 3467): Calling a method in the system process without a qualified user: android.app.ContextImpl.sendBroadcast:1281 com.android.server.am.OplusAppStartupConfig.sendAbnormalNotify:2301 com.android.server.am.OplusAppStartupConfig.notifyAbnormalInfo:2234 com.android.server.am.OplusAppStartupManager.handleStartAppInfo:5824 com.android.server.am.ProcessListExtImpl.hookHandleProcessStart:338 
05-26 21:16:28.548 E/BluetoothPowerStatsCollector( 3467): Cannot acquire BluetoothActivityEnergyInfo
05-26 21:16:28.548 E/BluetoothPowerStatsCollector( 3467): java.util.concurrent.ExecutionException: java.lang.RuntimeException: error: 11
05-26 21:16:28.548 E/BluetoothPowerStatsCollector( 3467): 	at java.util.concurrent.CompletableFuture.reportGet(CompletableFuture.java:372)
05-26 21:16:28.548 E/BluetoothPowerStatsCollector( 3467): 	at java.util.concurrent.CompletableFuture.get(CompletableFuture.java:2072)
05-26 21:16:28.548 E/BluetoothPowerStatsCollector( 3467): 	at com.android.server.power.stats.BluetoothPowerStatsCollector.collectBluetoothActivityInfo(BluetoothPowerStatsCollector.java:192)
05-26 21:16:28.548 E/BluetoothPowerStatsCollector( 3467): 	at com.android.server.power.stats.BluetoothPowerStatsCollector.collectStats(BluetoothPowerStatsCollector.java:155)
05-26 21:16:28.548 E/BluetoothPowerStatsCollector( 3467): 	at com.android.server.power.stats.PowerStatsCollector.collectAndDeliverStats(PowerStatsCollector.java:176)
05-26 21:16:28.548 E/BluetoothPowerStatsCollector( 3467): 	at com.android.server.power.stats.PowerStatsCollector$$ExternalSyntheticLambda0.run(D8$$SyntheticClass:0)
05-26 21:16:28.548 E/BluetoothPowerStatsCollector( 3467): 	at android.os.Handler.handleCallback(Handler.java:1027)
05-26 21:16:28.548 E/BluetoothPowerStatsCollector( 3467): 	at android.os.Handler.dispatchMessage(Handler.java:108)
05-26 21:16:28.548 E/BluetoothPowerStatsCollector( 3467): 	at android.os.Looper.loopOnce(Looper.java:302)
05-26 21:16:28.548 E/BluetoothPowerStatsCollector( 3467): 	at android.os.Looper.loop(Looper.java:412)
05-26 21:16:28.548 E/BluetoothPowerStatsCollector( 3467): 	at android.os.HandlerThread.run(HandlerThread.java:85)
05-26 21:16:28.548 E/BluetoothPowerStatsCollector( 3467): Caused by: java.lang.RuntimeException: error: 11
05-26 21:16:28.548 E/BluetoothPowerStatsCollector( 3467): 	at com.android.server.power.stats.BluetoothPowerStatsCollector$1.onBluetoothActivityEnergyInfoError(BluetoothPowerStatsCollector.java:181)
05-26 21:16:28.548 E/BluetoothPowerStatsCollector( 3467): 	at android.bluetooth.BluetoothAdapter$OnBluetoothActivityEnergyInfoProxy.lambda$onBluetoothActivityEnergyInfoAvailable$0(BluetoothAdapter.java:1072)
05-26 21:16:28.548 E/BluetoothPowerStatsCollector( 3467): 	at android.bluetooth.BluetoothAdapter$OnBluetoothActivityEnergyInfoProxy$$ExternalSyntheticLambda1.run(D8$$SyntheticClass:0)
05-26 21:16:28.548 E/BluetoothPowerStatsCollector( 3467): 	at com.android.server.SystemServerInitThreadPool$$ExternalSyntheticLambda0.execute(D8$$SyntheticClass:0)
05-26 21:16:28.548 E/BluetoothPowerStatsCollector( 3467): 	at android.bluetooth.BluetoothAdapter$OnBluetoothActivityEnergyInfoProxy.onBluetoothActivityEnergyInfoAvailable(BluetoothAdapter.java:1070)
05-26 21:16:28.548 E/BluetoothPowerStatsCollector( 3467): 	at android.bluetooth.IBluetoothActivityEnergyInfoListener$Stub.onTransact(IBluetoothActivityEnergyInfoListener.java:98)
05-26 21:16:28.548 E/BluetoothPowerStatsCollector( 3467): 	at android.os.Binder.execTransactInternal(Binder.java:1444)
05-26 21:16:28.548 E/BluetoothPowerStatsCollector( 3467): 	at android.os.Binder.execTransact(Binder.java:1378)
05-26 21:16:28.548 I/MemoryOperationUtils( 3467): add 4563 to inactive
05-26 21:16:28.551 W/ContextImpl( 1052): Calling a method in the system process without a qualified user: android.app.ContextImpl.startService:2032 android.content.ContextWrapper.startService:865 com.heytap.mcs.biz.message.h.b:16 com.heytap.mcs.biz.message.h.a:6 com.heytap.mcs.base.task.a.b:6 
05-26 21:16:28.564 D/CompatChangeReporter( 3467): Compat change id reported: 151861875; UID 1000; state: ENABLED
05-26 21:16:28.565 D/ActivityTaskManagerServiceExtImpl( 3467): preBindApplication record is null
05-26 21:16:28.571 V/Configuration( 4563): Updating configuration, locales updated from [] to [ru_RS]
05-26 21:16:28.572 I/ActivityManager( 3467): Death received, pid = 1052, processName = com.heytap.mcs.biz.message for thread android.os.BinderProxy@1f5dd27
05-26 21:16:28.573 I/ActivityManager( 3467): Process com.heytap.mcs.biz.message (pid 1052) has died: fg  SVC 
05-26 21:16:28.603 I/ActivityManager( 3467): Flag disabled. Ignoring finishAttachApplication from uid: 1000. pid: 4563
05-26 21:16:28.623 W/ActivityManager( 3467): Receiver with filter android.content.IntentFilter@655ae6e already registered for pid 4563, callerPackage is com.heytap.mcs
05-26 21:16:28.624 W/ActivityManager( 3467): Receiver with filter android.content.IntentFilter@4b4f90f already registered for pid 4563, callerPackage is com.heytap.mcs
05-26 21:16:28.637 W/ContextImpl( 4563): Calling a method in the system process without a qualified user: android.app.ContextImpl.bindService:2135 android.content.ContextWrapper.bindService:901 com.heytap.msp.ipc.client.BinderManager.getBinderSync:9 com.heytap.msp.ipc.client.CompatServiceClient.getBinder:3 com.heytap.msp.ipc.client.CompatServiceClient.callRemote:32 
05-26 21:16:28.648 W/ActivityManager( 3467): Receiver with filter android.content.IntentFilter@652172b already registered for pid 4563, callerPackage is com.heytap.mcs
05-26 21:16:28.680 W/ContextImpl( 4563): Calling a method in the system process without a qualified user: android.app.ContextImpl.bindService:2135 android.content.ContextWrapper.bindService:901 com.heytap.msp.ipc.client.BinderManager.getBinderSync:9 com.heytap.msp.ipc.client.CompatServiceClient.getBinder:3 com.heytap.msp.ipc.client.CompatServiceClient.callRemote:32 
05-26 21:16:28.920 D/osense.compress( 3467): com.google.android.gm do shrink, target ratio = 45, final ratio = 90, cur ratio = 0
05-26 21:16:29.350 D/osense.compress( 3467): com.heytap.pictorial do shrink, target ratio = 45, final ratio = 90, cur ratio = 0
05-26 21:16:29.547 V/AlarmManager( 3467): sending alarm Alarm{f627f2a type 1 origWhen 1779822989547 whenElapsed 28801079 android} uid 1000 whenElapsed 28801079 windowLength 0 maxWhenElapsed 28801079 repeatInterval 0 action null component null tag StorgaeBandInfoAlarmTag flags 0x9 procName system_server
05-26 21:16:29.549 D/osense.compress( 3467): com.Slack do shrink, target ratio = 20, final ratio = 40, cur ratio = 0
05-26 21:16:29.628 D/osense.compress( 3467): com.google.android.gms do shrink, target ratio = 45, final ratio = 90, cur ratio = 0
05-26 21:16:29.664 D/osense.compress( 3467): io.adsfree.vanced do shrink, target ratio = 45, final ratio = 90, cur ratio = 0
05-26 21:16:29.994 D/ActivityManager( 3467): Async freezing 20693 com.oplus.crashbox
05-26 21:16:30.566 D/OAppNetControlService( 3467): Hans update:[10443=true][0|0] blackList:[10478, 10290, 10334, 10389, 10312, 10297, 10282, 10158, 10260, 10240, 10367, 10175, 10161, 10038, 10391, 10150, 10160, 10167, 10443]
05-26 21:16:30.989 D/osense.compress( 3467): com.android.vending do shrink, target ratio = 45, final ratio = 90, cur ratio = 0
05-26 21:16:31.521 D/osense.compress( 3467): com.google.android.apps.photos do shrink, target ratio = 45, final ratio = 90, cur ratio = 0
05-26 21:16:31.524 D/osense.compress( 3467): com.google.android.apps.nbu.files do shrink, target ratio = 45, final ratio = 90, cur ratio = 0
05-26 21:16:31.549 V/AlarmManager( 3467): sending alarm Alarm{5d9f0d0 type 1 origWhen 1779822991549 whenElapsed 28803080 android} uid 1000 whenElapsed 28803080 windowLength 0 maxWhenElapsed 28803080 repeatInterval 0 action null component null tag StorgaeBandInfoAlarmTag flags 0x9 procName system_server
05-26 21:16:31.556 D/OAppNetControlService( 3467): Hans update:[10443=false][0|0] blackList:[10478, 10290, 10334, 10389, 10312, 10297, 10282, 10158, 10260, 10240, 10367, 10175, 10161, 10038, 10391, 10150, 10160, 10167]
05-26 21:16:31.630 D/osense.compress( 3467): com.android.chrome do shrink, target ratio = 45, final ratio = 90, cur ratio = 0
05-26 21:16:31.634 D/osense.compress( 3467): com.google.android.youtube do shrink, target ratio = 45, final ratio = 90, cur ratio = 0
05-26 21:16:31.698 D/osense.compress( 3467): com.google.android.apps.chromecast.app do shrink, target ratio = 45, final ratio = 90, cur ratio = 0
05-26 21:16:31.814 D/osense.compress( 3467): rs.Raiffeisen.mobile do shrink, target ratio = 45, final ratio = 90, cur ratio = 0
05-26 21:16:33.544 D/osense.compress( 3467): com.infoshell.recradio do shrink, target ratio = 45, final ratio = 90, cur ratio = 0
05-26 21:16:33.552 V/AlarmManager( 3467): sending alarm Alarm{f199732 type 1 origWhen 1779822993552 whenElapsed 28805084 android} uid 1000 whenElapsed 28805084 windowLength 0 maxWhenElapsed 28805084 repeatInterval 0 action null component null tag StorgaeBandInfoAlarmTag flags 0x9 procName system_server
05-26 21:16:33.662 W/ContextImpl( 4563): Calling a method in the system process without a qualified user: android.app.ContextImpl.startService:2032 android.content.ContextWrapper.startService:865 com.heytap.mcs.biz.statistics.StaticProcessTrackStatusManager.exitCurrentProcess:11 com.heytap.mcs.biz.statistics.StaticProcessTrackStatusManager$1.handleMessage:3 android.os.Handler.dispatchMessage:111 
05-26 21:16:33.708 I/ActivityManager( 3467): Death received, pid = 4563, processName = com.heytap.mcs.statistics for thread android.os.BinderProxy@28ec639
05-26 21:16:33.709 I/ActivityManager( 3467): Process com.heytap.mcs.statistics (pid 4563) has died: fg  IMPF
05-26 21:16:33.711 I/ActivityThread(  533): Removing dead content provider:android.content.ContentProviderProxy@f022d18
05-26 21:16:35.558 V/AlarmManager( 3467): sending alarm Alarm{5bbaddf type 1 origWhen 1779822995558 whenElapsed 28807090 android} uid 1000 whenElapsed 28807090 windowLength 0 maxWhenElapsed 28807090 repeatInterval 0 action null component null tag StorgaeBandInfoAlarmTag flags 0x9 procName system_server
05-26 21:16:35.571 D/osense.compress( 3467): com.Slack do shrink, target ratio = 20, final ratio = 40, cur ratio = 0
05-26 21:16:36.586 D/OAppNetControlService( 3467): Hans update:[10443=true][0|0] blackList:[10478, 10290, 10334, 10389, 10312, 10297, 10282, 10158, 10260, 10240, 10367, 10175, 10161, 10038, 10391, 10150, 10160, 10167, 10443]
05-26 21:16:37.573 V/AlarmManager( 3467): sending alarm Alarm{288bd18 type 1 origWhen 1779822997573 whenElapsed 28809105 android} uid 1000 whenElapsed 28809105 windowLength 0 maxWhenElapsed 28809105 repeatInterval 0 action null component null tag StorgaeBandInfoAlarmTag flags 0x9 procName system_server
05-26 21:16:37.588 D/OAppNetControlService( 3467): Hans update:[10443=false][0|0] blackList:[10478, 10290, 10334, 10389, 10312, 10297, 10282, 10158, 10260, 10240, 10367, 10175, 10161, 10038, 10391, 10150, 10160, 10167]
05-26 21:16:38.533 D/osense.compress( 3467): ru.mts.mymts do shrink, target ratio = 45, final ratio = 90, cur ratio = 0
05-26 21:16:38.644 W/SettingsStatsUtil( 3467): Can not parse value to float: +network
05-26 21:16:38.651 W/SettingsStatsUtil( 3467): Can not parse value to float: +network
05-26 21:16:38.694 I/keystore2( 1379): system/security/keystore2/watchdog/src/lib.rs:377 - Watchdog thread idle -> terminating. Have a great day.
05-26 21:16:39.581 V/AlarmManager( 3467): sending alarm Alarm{7b61d9a type 1 origWhen 1779822999580 whenElapsed 28811112 android} uid 1000 whenElapsed 28811112 windowLength 0 maxWhenElapsed 28811112 repeatInterval 0 action null component null tag StorgaeBandInfoAlarmTag flags 0x9 procName system_server
05-26 21:16:40.044 D/ActivityManager( 3467): freezing 20693 com.oplus.crashbox
05-26 21:16:41.053 D/ActivityManager( 3467): Freezer deadlock watchdog
05-26 21:16:41.584 V/AlarmManager( 3467): sending alarm Alarm{ad0dea8 type 1 origWhen 1779823001584 whenElapsed 28813116 android} uid 1000 whenElapsed 28813116 windowLength 0 maxWhenElapsed 28813116 repeatInterval 0 action null component null tag StorgaeBandInfoAlarmTag flags 0x9 procName system_server
05-26 21:16:41.586 D/osense.compress( 3467): com.Slack do shrink, target ratio = 20, final ratio = 40, cur ratio = 0
05-26 21:16:42.618 D/OAppNetControlService( 3467): Hans update:[10443=true][0|0] blackList:[10478, 10290, 10334, 10389, 10312, 10297, 10282, 10158, 10260, 10240, 10367, 10175, 10161, 10038, 10391, 10150, 10160, 10167, 10443]
05-26 21:16:43.566 D/osense.compress( 3467): com.fingersoft.hcr2 do shrink, target ratio = 35, final ratio = 70, cur ratio = 0
05-26 21:16:43.590 V/AlarmManager( 3467): sending alarm Alarm{dee2ec type 1 origWhen 1779823003590 whenElapsed 28815122 android} uid 1000 whenElapsed 28815122 windowLength 0 maxWhenElapsed 28815122 repeatInterval 0 action null component null tag StorgaeBandInfoAlarmTag flags 0x9 procName system_server
05-26 21:16:43.600 D/OAppNetControlService( 3467): Hans update:[10443=false][0|0] blackList:[10478, 10290, 10334, 10389, 10312, 10297, 10282, 10158, 10260, 10240, 10367, 10175, 10161, 10038, 10391, 10150, 10160, 10167]
05-26 21:16:44.628 D/osense.compress( 3467): com.lego.legobuildinginstructions do shrink, target ratio = 45, final ratio = 90, cur ratio = 0
05-26 21:16:44.629 D/osense.compress( 3467): com.anthropic.claude do shrink, target ratio = 45, final ratio = 90, cur ratio = 0
05-26 21:16:44.637 D/osense.compress( 3467): com.vkontakte.android do shrink, target ratio = 45, final ratio = 90, cur ratio = 0
05-26 21:16:45.597 V/AlarmManager( 3467): sending alarm Alarm{5765597 type 1 origWhen 1779823005597 whenElapsed 28817128 android} uid 1000 whenElapsed 28817128 windowLength 0 maxWhenElapsed 28817128 repeatInterval 0 action null component null tag StorgaeBandInfoAlarmTag flags 0x9 procName system_server
05-26 21:16:47.241 D/osense.compress( 3467): com.google.android.googlequicksearchbox do shrink, target ratio = 45, final ratio = 90, cur ratio = 0
05-26 21:16:47.365 D/osense.compress( 3467): com.android.settings do shrink, target ratio = 45, final ratio = 90, cur ratio = 0
05-26 21:16:47.602 V/AlarmManager( 3467): sending alarm Alarm{b40b433 type 1 origWhen 1779823007601 whenElapsed 28819133 android} uid 1000 whenElapsed 28819133 windowLength 0 maxWhenElapsed 28819133 repeatInterval 0 action null component null tag StorgaeBandInfoAlarmTag flags 0x9 procName system_server
05-26 21:16:47.612 D/osense.compress( 3467): com.Slack do shrink, target ratio = 20, final ratio = 40, cur ratio = 0
05-26 21:16:47.885 D/osense.compress( 3467): com.oplus.games do shrink, target ratio = 10, final ratio = 20, cur ratio = 0
05-26 21:16:47.897 D/osense.compress( 3467): com.fatsecret.android do shrink, target ratio = 20, final ratio = 40, cur ratio = 0
05-26 21:16:48.354 D/osense.compress( 3467): com.google.android.apps.maps do shrink, target ratio = 45, final ratio = 90, cur ratio = 0
05-26 21:16:48.494 D/osense.compress( 3467): com.k.shavrin.diethelper do shrink, target ratio = 45, final ratio = 90, cur ratio = 0
05-26 21:16:48.495 D/osense.compress( 3467): com.whatsapp do shrink, target ratio = 45, final ratio = 90, cur ratio = 0
05-26 21:16:48.496 D/osense.compress( 3467): ru.yandex.taxi do shrink, target ratio = 45, final ratio = 90, cur ratio = 0
05-26 21:16:48.497 D/osense.compress( 3467): com.monefy.app.lite do shrink, target ratio = 45, final ratio = 90, cur ratio = 0
05-26 21:16:48.607 I/ActivityManager( 3467): Death received, pid = 533, processName = com.heytap.mcs.appservice for thread android.os.BinderProxy@236b920
05-26 21:16:48.607 I/ActivityManager( 3467): Process com.heytap.mcs.appservice (pid 533) has died: vis IMPF
05-26 21:16:48.611 I/ActivityThread( 5480): Removing dead content provider:android.content.ContentProviderProxy@ccfdfc6
05-26 21:16:48.620 D/OAppNetControlService( 3467): Hans update:[10443=true][0|0] blackList:[10478, 10290, 10334, 10389, 10312, 10297, 10282, 10158, 10260, 10240, 10367, 10175, 10161, 10038, 10391, 10150, 10160, 10167, 10443]
05-26 21:16:48.919 D/osense.compress( 3467): com.google.android.gm do shrink, target ratio = 45, final ratio = 90, cur ratio = 0
05-26 21:16:49.353 D/osense.compress( 3467): com.heytap.pictorial do shrink, target ratio = 45, final ratio = 90, cur ratio = 0
05-26 21:16:49.607 V/AlarmManager( 3467): sending alarm Alarm{5e5b395 type 1 origWhen 1779823009606 whenElapsed 28821138 android} uid 1000 whenElapsed 28821138 windowLength 0 maxWhenElapsed 28821138 repeatInterval 0 action null component null tag StorgaeBandInfoAlarmTag flags 0x9 procName system_server
05-26 21:16:49.615 D/OAppNetControlService( 3467): Hans update:[10443=false][0|0] blackList:[10478, 10290, 10334, 10389, 10312, 10297, 10282, 10158, 10260, 10240, 10367, 10175, 10161, 10038, 10391, 10150, 10160, 10167]
05-26 21:16:49.629 D/osense.compress( 3467): com.google.android.gms do shrink, target ratio = 45, final ratio = 90, cur ratio = 0
05-26 21:16:49.664 D/osense.compress( 3467): io.adsfree.vanced do shrink, target ratio = 45, final ratio = 90, cur ratio = 0
05-26 21:16:50.993 D/osense.compress( 3467): com.android.vending do shrink, target ratio = 45, final ratio = 90, cur ratio = 0
05-26 21:16:51.469 V/AlarmManager( 3467): sending alarm Alarm{19e6b77 type 3 origWhen 28823000 whenElapsed 28823000 android} uid 1000 whenElapsed 28823000 windowLength 0 maxWhenElapsed 28823000 repeatInterval 0 action null component null tag StatsCompanionService.periodic flags 0x9 procName system_server
05-26 21:16:51.522 D/osense.compress( 3467): com.google.android.apps.photos do shrink, target ratio = 45, final ratio = 90, cur ratio = 0
05-26 21:16:51.523 D/osense.compress( 3467): com.google.android.apps.nbu.files do shrink, target ratio = 45, final ratio = 90, cur ratio = 0
05-26 21:16:51.615 V/AlarmManager( 3467): sending alarm Alarm{40114e type 1 origWhen 1779823011614 whenElapsed 28823146 android} uid 1000 whenElapsed 28823146 windowLength 0 maxWhenElapsed 28823146 repeatInterval 0 action null component null tag StorgaeBandInfoAlarmTag flags 0x9 procName system_server
05-26 21:16:51.618 D/BatteryStatsImplExtImpl( 3467): mActiveProcesses size = 66
05-26 21:16:51.618 D/BatteryStatsImplExtImpl( 3467): rpmhStats is null or interval time is too short.
05-26 21:16:51.630 D/osense.compress( 3467): com.android.chrome do shrink, target ratio = 45, final ratio = 90, cur ratio = 0
05-26 21:16:51.634 D/osense.compress( 3467): com.google.android.youtube do shrink, target ratio = 45, final ratio = 90, cur ratio = 0
05-26 21:16:51.687 V/AlarmManager( 3467): sending alarm Alarm{f0ff45a type 3 origWhen 28823218 whenElapsed 28823218 android} uid 1000 whenElapsed 28823218 windowLength 0 maxWhenElapsed 28823218 repeatInterval 0 action null component null tag StatsCompanionService.pull flags 0x9 procName system_server
05-26 21:16:51.698 D/osense.compress( 3467): com.google.android.apps.chromecast.app do shrink, target ratio = 45, final ratio = 90, cur ratio = 0
05-26 21:16:51.814 D/osense.compress( 3467): rs.Raiffeisen.mobile do shrink, target ratio = 45, final ratio = 90, cur ratio = 0
05-26 21:16:51.821 W/StatsPullAtomService( 3467): error reading Bluetooth stats: 11
05-26 21:16:52.227 E/OCvtSystemService( 3467): Cannot get map: android.system.ErrnoException: nativeBpfFdGet failed: ENOENT (No such file or directory)
05-26 21:16:52.237 E/OCvtSystemService( 3467): Cannot get map: android.system.ErrnoException: nativeBpfFdGet failed: ENOENT (No such file or directory)
05-26 21:16:53.546 D/osense.compress( 3467): com.infoshell.recradio do shrink, target ratio = 45, final ratio = 90, cur ratio = 0
05-26 21:16:53.615 D/osense.compress( 3467): com.Slack do shrink, target ratio = 20, final ratio = 40, cur ratio = 0
05-26 21:16:53.624 V/AlarmManager( 3467): sending alarm Alarm{f877444 type 1 origWhen 1779823013624 whenElapsed 28825155 android} uid 1000 whenElapsed 28825155 windowLength 0 maxWhenElapsed 28825155 repeatInterval 0 action null component null tag StorgaeBandInfoAlarmTag flags 0x9 procName system_server
05-26 21:16:54.653 D/OAppNetControlService( 3467): Hans update:[10443=true][0|0] blackList:[10478, 10290, 10334, 10389, 10312, 10297, 10282, 10158, 10260, 10240, 10367, 10175, 10161, 10038, 10391, 10150, 10160, 10167, 10443]
05-26 21:16:55.627 V/AlarmManager( 3467): sending alarm Alarm{2a990b0 type 1 origWhen 1779823015626 whenElapsed 28827158 android} uid 1000 whenElapsed 28827158 windowLength 0 maxWhenElapsed 28827158 repeatInterval 0 action null component null tag StorgaeBandInfoAlarmTag flags 0x9 procName system_server
05-26 21:16:55.643 D/OAppNetControlService( 3467): Hans update:[10443=false][0|0] blackList:[10478, 10290, 10334, 10389, 10312, 10297, 10282, 10158, 10260, 10240, 10367, 10175, 10161, 10038, 10391, 10150, 10160, 10167]
05-26 21:16:57.630 V/AlarmManager( 3467): sending alarm Alarm{f7e7440 type 1 origWhen 1779823017630 whenElapsed 28829162 android} uid 1000 whenElapsed 28829162 windowLength 0 maxWhenElapsed 28829162 repeatInterval 0 action null component null tag StorgaeBandInfoAlarmTag flags 0x9 procName system_server
05-26 21:16:58.538 D/osense.compress( 3467): ru.mts.mymts do shrink, target ratio = 45, final ratio = 90, cur ratio = 0
05-26 21:16:59.632 V/AlarmManager( 3467): sending alarm Alarm{1362d96 type 1 origWhen 1779823019632 whenElapsed 28831163 android} uid 1000 whenElapsed 28831163 windowLength 0 maxWhenElapsed 28831163 repeatInterval 0 action null component null tag StorgaeBandInfoAlarmTag flags 0x9 procName system_server
05-26 21:16:59.649 D/osense.compress( 3467): com.Slack do shrink, target ratio = 20, final ratio = 40, cur ratio = 0
05-26 21:16:59.999 V/AlarmManager( 3467): sending alarm Alarm{e0a8aed type 3 origWhen 28831531 whenElapsed 28831531 android} uid 1000 whenElapsed 28831531 windowLength 0 maxWhenElapsed 28831531 repeatInterval 0 action null component null tag TIME_TICK flags 0x9 procName system_server
05-26 21:17:00.007 D/OplusDisplayBrightnessBroadcastReceiver( 3467): onReceive action = android.intent.action.TIME_TICK , listeners = [com.android.server.display.feature.ambience.events.event.TimeEvent$TimeChangeReceiver@bed58f0]
05-26 21:17:00.663 D/OAppNetControlService( 3467): Hans update:[10443=true][0|0] blackList:[10478, 10290, 10334, 10389, 10312, 10297, 10282, 10158, 10260, 10240, 10367, 10175, 10161, 10038, 10391, 10150, 10160, 10167, 10443]
05-26 21:17:01.644 V/AlarmManager( 3467): sending alarm Alarm{86dd62b type 1 origWhen 1779823021644 whenElapsed 28833176 android} uid 1000 whenElapsed 28833176 windowLength 0 maxWhenElapsed 28833176 repeatInterval 0 action null component null tag StorgaeBandInfoAlarmTag flags 0x9 procName system_server
05-26 21:17:01.646 D/OAppNetControlService( 3467): Hans update:[10443=false][0|0] blackList:[10478, 10290, 10334, 10389, 10312, 10297, 10282, 10158, 10260, 10240, 10367, 10175, 10161, 10038, 10391, 10150, 10160, 10167]
05-26 21:17:03.568 D/osense.compress( 3467): com.fingersoft.hcr2 do shrink, target ratio = 35, final ratio = 70, cur ratio = 0
05-26 21:17:03.648 V/AlarmManager( 3467): sending alarm Alarm{9f9de59 type 1 origWhen 1779823023648 whenElapsed 28835179 android} uid 1000 whenElapsed 28835179 windowLength 0 maxWhenElapsed 28835179 repeatInterval 0 action null component null tag StorgaeBandInfoAlarmTag flags 0x9 procName system_server
05-26 21:17:04.629 D/osense.compress( 3467): com.lego.legobuildinginstructions do shrink, target ratio = 45, final ratio = 90, cur ratio = 0
05-26 21:17:04.630 D/osense.compress( 3467): com.anthropic.claude do shrink, target ratio = 45, final ratio = 90, cur ratio = 0
05-26 21:17:04.638 D/osense.compress( 3467): com.vkontakte.android do shrink, target ratio = 45, final ratio = 90, cur ratio = 0
05-26 21:17:05.652 V/AlarmManager( 3467): sending alarm Alarm{db69a2a type 1 origWhen 1779823025651 whenElapsed 28837183 android} uid 1000 whenElapsed 28837183 windowLength 0 maxWhenElapsed 28837183 repeatInterval 0 action null component null tag StorgaeBandInfoAlarmTag flags 0x9 procName system_server
05-26 21:17:05.660 D/osense.compress( 3467): com.Slack do shrink, target ratio = 20, final ratio = 40, cur ratio = 0
05-26 21:17:06.676 D/OAppNetControlService( 3467): Hans update:[10443=true][0|0] blackList:[10478, 10290, 10334, 10389, 10312, 10297, 10282, 10158, 10260, 10240, 10367, 10175, 10161, 10038, 10391, 10150, 10160, 10167, 10443]
05-26 21:17:06.957 V/AlarmManager( 3467): sending alarm Alarm{ff322f7 type 3 origWhen 28838488 whenElapsed 28838488 android} uid 1000 whenElapsed 28838488 windowLength 0 maxWhenElapsed 28838488 repeatInterval 0 action null component null tag *job.flexibility_check* flags 0x9 procName system_server
05-26 21:17:06.959 D/OAppNetControlService( 3467): Hans update:[10443=false][0|0] blackList:[10478, 10290, 10334, 10389, 10312, 10297, 10282, 10158, 10260, 10240, 10367, 10175, 10161, 10038, 10391, 10150, 10160, 10167]
05-26 21:17:07.240 D/osense.compress( 3467): com.google.android.googlequicksearchbox do shrink, target ratio = 45, final ratio = 90, cur ratio = 0
05-26 21:17:07.366 D/osense.compress( 3467): com.android.settings do shrink, target ratio = 45, final ratio = 90, cur ratio = 0
05-26 21:17:07.659 V/AlarmManager( 3467): sending alarm Alarm{6c663d0 type 1 origWhen 1779823027659 whenElapsed 28839191 android} uid 1000 whenElapsed 28839191 windowLength 0 maxWhenElapsed 28839191 repeatInterval 0 action null component null tag StorgaeBandInfoAlarmTag flags 0x9 procName system_server
05-26 21:17:07.886 D/osense.compress( 3467): com.oplus.games do shrink, target ratio = 10, final ratio = 20, cur ratio = 0
05-26 21:17:07.897 D/osense.compress( 3467): com.fatsecret.android do shrink, target ratio = 20, final ratio = 40, cur ratio = 0
05-26 21:17:08.353 D/osense.compress( 3467): com.google.android.apps.maps do shrink, target ratio = 45, final ratio = 90, cur ratio = 0
